Archive member included to satisfy reference by file (symbol)

build/native/contiki-ng-native.a(contiki-main.o)
                              /usr/lib/gcc/x86_64-linux-gnu/9/../../../x86_64-linux-gnu/Scrt1.o (main)
build/native/contiki-ng-native.a(autostart.o)
                              build/native/contiki-ng-native.a(contiki-main.o) (autostart_start)
build/native/contiki-ng-native.a(energest.o)
                              build/native/contiki-ng-native.a(contiki-main.o) (energest_init)
build/native/contiki-ng-native.a(etimer.o)
                              build/native/contiki-ng-native.a(contiki-main.o) (etimer_process)
build/native/contiki-ng-native.a(log.o)
                              build/native/contiki-ng-native.a(contiki-main.o) (log_6addr)
build/native/contiki-ng-native.a(ctimer.o)
                              build/native/contiki-ng-native.a(contiki-main.o) (ctimer_init)
build/native/contiki-ng-native.a(rtimer.o)
                              build/native/contiki-ng-native.a(contiki-main.o) (rtimer_init)
build/native/contiki-ng-native.a(node-id.o)
                              build/native/contiki-ng-native.a(contiki-main.o) (node_id_init)
build/native/contiki-ng-native.a(process.o)
                              build/native/contiki-ng-native.a(etimer.o) (process_current)
build/native/contiki-ng-native.a(timer.o)
                              build/native/contiki-ng-native.a(etimer.o) (timer_set)
build/native/contiki-ng-native.a(list.o)
                              build/native/contiki-ng-native.a(ctimer.o) (list_init)
build/native/contiki-ng-native.a(queuebuf.o)
                              build/native/contiki-ng-native.a(contiki-main.o) (queuebuf_init)
build/native/contiki-ng-native.a(packetbuf.o)
                              build/native/contiki-ng-native.a(queuebuf.o) (packetbuf_copyto)
build/native/contiki-ng-native.a(netstack.o)
                              build/native/contiki-ng-native.a(contiki-main.o) (netstack_init)
build/native/contiki-ng-native.a(linkaddr.o)
                              build/native/contiki-ng-native.a(packetbuf.o) (linkaddr_copy)
build/native/contiki-ng-native.a(nullmac.o)
                              build/native/contiki-ng-native.a(contiki-main.o) (nullmac_driver)
build/native/contiki-ng-native.a(uip-ds6.o)
                              build/native/contiki-ng-native.a(contiki-main.o) (uip_ds6_get_link_local)
build/native/contiki-ng-native.a(uip-ds6-route.o)
                              build/native/contiki-ng-native.a(uip-ds6.o) (uip_ds6_route_init)
build/native/contiki-ng-native.a(uip-ds6-nbr.o)
                              build/native/contiki-ng-native.a(uip-ds6.o) (uip_ds6_neighbors_init)
build/native/contiki-ng-native.a(tcpip.o)
                              build/native/contiki-ng-native.a(contiki-main.o) (tcpip_process)
build/native/contiki-ng-native.a(uip6.o)
                              build/native/contiki-ng-native.a(tcpip.o) (uip_aligned_buf)
build/native/contiki-ng-native.a(uip-nd6.o)
                              build/native/contiki-ng-native.a(uip6.o) (uip_nd6_init)
build/native/contiki-ng-native.a(uiplib.o)
                              build/native/contiki-ng-native.a(log.o) (uiplib_ipaddr_snprint)
build/native/contiki-ng-native.a(rpl.o)
                              build/native/contiki-ng-native.a(contiki-main.o) (rpl_lite_driver)
build/native/contiki-ng-native.a(rpl-icmp6.o)
                              build/native/contiki-ng-native.a(rpl.o) (rpl_icmp6_init)
build/native/contiki-ng-native.a(rpl-dag-root.o)
                              build/native/contiki-ng-native.a(rpl.o) (rpl_dag_root_set_prefix)
build/native/contiki-ng-native.a(platform.o)
                              build/native/contiki-ng-native.a(contiki-main.o) (platform_process_args)
build/native/contiki-ng-native.a(clock.o)
                              build/native/contiki-ng-native.a(etimer.o) (clock_time)
build/native/contiki-ng-native.a(tun6-net.o)
                              build/native/contiki-ng-native.a(contiki-main.o) (tun6_net_driver)
build/native/contiki-ng-native.a(rtimer-arch.o)
                              build/native/contiki-ng-native.a(rtimer.o) (rtimer_arch_init)
build/native/contiki-ng-native.a(watchdog.o)
                              build/native/contiki-ng-native.a(contiki-main.o) (watchdog_init)
build/native/contiki-ng-native.a(stimer.o)
                              build/native/contiki-ng-native.a(uip-ds6.o) (stimer_set)
build/native/contiki-ng-native.a(memb.o)
                              build/native/contiki-ng-native.a(queuebuf.o) (memb_init)
build/native/contiki-ng-native.a(random.o)
                              build/native/contiki-ng-native.a(uip-ds6.o) (random_rand)
build/native/contiki-ng-native.a(button-hal.o)
                              build/native/contiki-ng-native.a(platform.o) (button_hal_init)
build/native/contiki-ng-native.a(serial-line.o)
[...]
Memory Configuration

Name             Origin             Length             Attributes
*default*        0x0000000000000000 0xffffffffffffffff

Linker script and memory map

LOAD /usr/lib/gcc/x86_64-linux-gnu/9/../../../x86_64-linux-gnu/Scrt1.o
LOAD /usr/lib/gcc/x86_64-linux-gnu/9/../../../x86_64-linux-gnu/crti.o
LOAD /usr/lib/gcc/x86_64-linux-gnu/9/crtbeginS.o
LOAD hello-world.o
LOAD build/native/obj/blinkled.o
LOAD build/native/obj/sensors.o
LOAD build/native/contiki-ng-native.a
LOAD /usr/lib/gcc/x86_64-linux-gnu/9/../../../x86_64-linux-gnu/librt.so
LOAD /usr/lib/gcc/x86_64-linux-gnu/9/libgcc.a
LOAD /usr/lib/gcc/x86_64-linux-gnu/9/libgcc_s.so
START GROUP
LOAD /usr/lib/gcc/x86_64-linux-gnu/9/../../../x86_64-linux-gnu/libgcc_s.so.1
LOAD /usr/lib/gcc/x86_64-linux-gnu/9/libgcc.a
END GROUP
LOAD /usr/lib/gcc/x86_64-linux-gnu/9/../../../x86_64-linux-gnu/libc.so
START GROUP
LOAD /lib/x86_64-linux-gnu/libc.so.6
LOAD /usr/lib/x86_64-linux-gnu/libc_nonshared.a
LOAD /lib/x86_64-linux-gnu/ld-linux-x86-64.so.2
END GROUP
LOAD /usr/lib/gcc/x86_64-linux-gnu/9/libgcc.a
LOAD /usr/lib/gcc/x86_64-linux-gnu/9/libgcc_s.so
START GROUP
LOAD /usr/lib/gcc/x86_64-linux-gnu/9/../../../x86_64-linux-gnu/libgcc_s.so.1
LOAD /usr/lib/gcc/x86_64-linux-gnu/9/libgcc.a
END GROUP
LOAD /usr/lib/gcc/x86_64-linux-gnu/9/crtendS.o
LOAD /usr/lib/gcc/x86_64-linux-gnu/9/../../../x86_64-linux-gnu/crtn.o
                [!provide]                        PROVIDE (__executable_start = SEGMENT_START ("text-segment", 0x0))
                0x0000000000000318                . = (SEGMENT_START ("text-segment", 0x0) + SIZEOF_HEADERS)

.interp         0x0000000000000318       0x1c
 *(.interp)
 .interp        0x0000000000000318       0x1c /usr/lib/gcc/x86_64-linux-gnu/9/../../../x86_64-linux-gnu/Scrt1.o

.note.gnu.property
                0x0000000000000338       0x20
 .note.gnu.property
                0x0000000000000338       0x20 /usr/lib/gcc/x86_64-linux-gnu/9/../../../x86_64-linux-gnu/Scrt1.o

.note.gnu.build-id
                0x0000000000000358       0x24
 *(.note.gnu.build-id)
 .note.gnu.build-id
                0x0000000000000358       0x24 /usr/lib/gcc/x86_64-linux-gnu/9/../../../x86_64-linux-gnu/Scrt1.o

.note.ABI-tag   0x000000000000037c       0x20
 .note.ABI-tag  0x000000000000037c       0x20 /usr/lib/gcc/x86_64-linux-gnu/9/../../../x86_64-linux-gnu/Scrt1.o

.hash
 *(.hash)

.gnu.hash       0x00000000000003a0      0xdc0
 *(.gnu.hash)
 .gnu.hash      0x00000000000003a0      0xdc0 /usr/lib/gcc/x86_64-linux-gnu/9/../../../x86_64-linux-gnu/Scrt1.o

.dynsym         0x0000000000001160     0x3168
 *(.dynsym)
 .dynsym        0x0000000000001160     0x3168 /usr/lib/gcc/x86_64-linux-gnu/9/../../../x86_64-linux-gnu/Scrt1.o

.dynstr         0x00000000000042c8     0x24db
 *(.dynstr)
 .dynstr        0x00000000000042c8     0x24db /usr/lib/gcc/x86_64-linux-gnu/9/../../../x86_64-linux-gnu/Scrt1.o

.gnu.version    0x00000000000067a4      0x41e
 *(.gnu.version)
 .gnu.version   0x00000000000067a4      0x41e /usr/lib/gcc/x86_64-linux-gnu/9/../../../x86_64-linux-gnu/Scrt1.o

.gnu.version_d  0x0000000000006bc8        0x0
 *(.gnu.version_d)
 .gnu.version_d
                0x0000000000006bc8        0x0 /usr/lib/gcc/x86_64-linux-gnu/9/../../../x86_64-linux-gnu/Scrt1.o

.gnu.version_r  0x0000000000006bc8       0x70
 *(.gnu.version_r)
 .gnu.version_r
                0x0000000000006bc8       0x70 /usr/lib/gcc/x86_64-linux-gnu/9/../../../x86_64-linux-gnu/Scrt1.o

.rela.dyn       0x0000000000006c38      0xc60
 *(.rela.init)
 *(.rela.text .rela.text.* .rela.gnu.linkonce.t.*)
 .rela.text.startup
                0x0000000000006c38        0x0 /usr/lib/gcc/x86_64-linux-gnu/9/../../../x86_64-linux-gnu/Scrt1.o
 .rela.text     0x0000000000006c38        0x0 /usr/lib/gcc/x86_64-linux-gnu/9/../../../x86_64-linux-gnu/Scrt1.o
 *(.rela.fini)
 *(.rela.rodata .rela.rodata.* .rela.gnu.linkonce.r.*)
 *(.rela.data .rela.data.* .rela.gnu.linkonce.d.*)
 .rela.data.rel.ro
                0x0000000000006c38      0x1f8 /usr/lib/gcc/x86_64-linux-gnu/9/../../../x86_64-linux-gnu/Scrt1.o
 .rela.data.rel.local
                0x0000000000006e30      0x6c0 /usr/lib/gcc/x86_64-linux-gnu/9/../../../x86_64-linux-gnu/Scrt1.o
 .rela.data.rel.ro.local
                0x00000000000074f0      0x2d0 /usr/lib/gcc/x86_64-linux-gnu/9/../../../x86_64-linux-gnu/Scrt1.o
 *(.rela.tdata .rela.tdata.* .rela.gnu.linkonce.td.*)
 *(.rela.tbss .rela.tbss.* .rela.gnu.linkonce.tb.*)
 *(.rela.ctors)
 *(.rela.dtors)
 *(.rela.got)
 .rela.got      0x00000000000077c0       0x78 /usr/lib/gcc/x86_64-linux-gnu/9/../../../x86_64-linux-gnu/Scrt1.o
 *(.rela.bss .rela.bss.* .rela.gnu.linkonce.b.*)
 .rela.bss      0x0000000000007838       0x30 /usr/lib/gcc/x86_64-linux-gnu/9/../../../x86_64-linux-gnu/Scrt1.o
 *(.rela.ldata .rela.ldata.* .rela.gnu.linkonce.l.*)
 *(.rela.lbss .rela.lbss.* .rela.gnu.linkonce.lb.*)
 *(.rela.lrodata .rela.lrodata.* .rela.gnu.linkonce.lr.*)
 *(.rela.ifunc)
 .rela.ifunc    0x0000000000007868        0x0 /usr/lib/gcc/x86_64-linux-gnu/9/../../../x86_64-linux-gnu/Scrt1.o
 .rela.fini_array
                0x0000000000007868       0x18 /usr/lib/gcc/x86_64-linux-gnu/9/../../../x86_64-linux-gnu/Scrt1.o
 .rela.init_array
                0x0000000000007880       0x18 /usr/lib/gcc/x86_64-linux-gnu/9/../../../x86_64-linux-gnu/Scrt1.o

.rela.plt       0x0000000000007898      0x378
 *(.rela.plt)
 .rela.plt      0x0000000000007898      0x378 /usr/lib/gcc/x86_64-linux-gnu/9/../../../x86_64-linux-gnu/Scrt1.o
 *(.rela.iplt)
                0x0000000000008000                . = ALIGN (CONSTANT (MAXPAGESIZE))

.init           0x0000000000008000       0x1b
 *(SORT_NONE(.init))
 .init          0x0000000000008000       0x16 /usr/lib/gcc/x86_64-linux-gnu/9/../../../x86_64-linux-gnu/crti.o
                0x0000000000008000                _init
 .init          0x0000000000008016        0x5 /usr/lib/gcc/x86_64-linux-gnu/9/../../../x86_64-linux-gnu/crtn.o

.plt            0x0000000000008020      0x260
 *(.plt)
 .plt           0x0000000000008020      0x260 /usr/lib/gcc/x86_64-linux-gnu/9/../../../x86_64-linux-gnu/Scrt1.o
 *(.iplt)

.plt.got        0x0000000000008280       0x10
 *(.plt.got)
 .plt.got       0x0000000000008280       0x10 /usr/lib/gcc/x86_64-linux-gnu/9/../../../x86_64-linux-gnu/Scrt1.o
                0x0000000000008280                __cxa_finalize@@GLIBC_2.2.5

.plt.sec        0x0000000000008290      0x250
 *(.plt.sec)
 .plt.sec       0x0000000000008290      0x250 /usr/lib/gcc/x86_64-linux-gnu/9/../../../x86_64-linux-gnu/Scrt1.o
                0x0000000000008290                __snprintf_chk@@GLIBC_2.3.4
                0x00000000000082a0                putchar@@GLIBC_2.2.5
                0x00000000000082b0                __errno_location@@GLIBC_2.2.5
                0x00000000000082c0                strncpy@@GLIBC_2.2.5
                0x00000000000082d0                puts@@GLIBC_2.2.5
                0x00000000000082e0                clock_gettime@@GLIBC_2.17
                0x00000000000082f0                write@@GLIBC_2.2.5
                0x0000000000008300                __stack_chk_fail@@GLIBC_2.4
                0x0000000000008310                system@@GLIBC_2.2.5
                0x0000000000008320                __fdelt_chk@@GLIBC_2.15
                0x0000000000008330                snprintf@@GLIBC_2.2.5
                0x0000000000008340                memset@@GLIBC_2.2.5
                0x0000000000008350                ioctl@@GLIBC_2.2.5
                0x0000000000008360                close@@GLIBC_2.2.5
                0x0000000000008370                read@@GLIBC_2.2.5
                0x0000000000008380                srand@@GLIBC_2.2.5
                0x0000000000008390                memcmp@@GLIBC_2.2.5
                0x00000000000083a0                strcmp@@GLIBC_2.2.5
                0x00000000000083b0                signal@@GLIBC_2.2.5
                0x00000000000083c0                __memmove_chk@@GLIBC_2.3.4
                0x00000000000083d0                __memcpy_chk@@GLIBC_2.3.4
                0x00000000000083e0                memcpy@@GLIBC_2.14
                0x00000000000083f0                time@@GLIBC_2.2.5
                0x0000000000008400                select@@GLIBC_2.2.5
                0x0000000000008410                err@@GLIBC_2.2.5
                0x0000000000008420                fflush@@GLIBC_2.2.5
                0x0000000000008430                __vsnprintf_chk@@GLIBC_2.3.4
                0x0000000000008440                setitimer@@GLIBC_2.2.5
                0x0000000000008450                __printf_chk@@GLIBC_2.3.4
                0x0000000000008460                setvbuf@@GLIBC_2.2.5
                0x0000000000008470                memmove@@GLIBC_2.2.5
                0x0000000000008480                open@@GLIBC_2.2.5
                0x0000000000008490                perror@@GLIBC_2.2.5
                0x00000000000084a0                __cxa_atexit@@GLIBC_2.2.5
                0x00000000000084b0                exit@@GLIBC_2.2.5
                0x00000000000084c0                __fprintf_chk@@GLIBC_2.3.4
                0x00000000000084d0                rand@@GLIBC_2.2.5

.text           0x00000000000084e0     0xc942
 *(.text.unlikely .text.*_unlikely .text.unlikely.*)
 *(.text.exit .text.exit.*)
 *(.text.startup .text.startup.*)
 .text.startup  0x00000000000084e0      0x362 build/native/contiki-ng-native.a(contiki-main.o)
                0x00000000000084e0                main
 *(.text.hot .text.hot.*)
 *(SORT_BY_NAME(.text.sorted.*))
 *(.text .stub .text.* .gnu.linkonce.t.*)
 *fill*         0x0000000000008842        0xe 
 .text          0x0000000000008850       0x2f /usr/lib/gcc/x86_64-linux-gnu/9/../../../x86_64-linux-gnu/Scrt1.o
                0x0000000000008850                _start
 .text          0x000000000000887f        0x0 /usr/lib/gcc/x86_64-linux-gnu/9/../../../x86_64-linux-gnu/crti.o
 *fill*         0x000000000000887f        0x1 
 .text          0x0000000000008880       0xb9 /usr/lib/gcc/x86_64-linux-gnu/9/crtbeginS.o
 *fill*         0x0000000000008939        0x7 
 .text          0x0000000000008940      0x1ac hello-world.o
 *fill*         0x0000000000008aec        0x4 
 .text          0x0000000000008af0      0x143 build/native/obj/blinkled.o
                0x0000000000008b30                vermelho
                0x0000000000008b50                verde
                0x0000000000008b70                blinkledgas
                0x0000000000008be0                blinkledtemp
 *fill*         0x0000000000008c33        0xd 
 .text          0x0000000000008c40      0x10d build/native/obj/sensors.o
                0x0000000000008d20                buzzer
                0x0000000000008d30                get_read_temperature
                0x0000000000008d40                get_read_gas
 .text          0x0000000000008d4d        0x0 build/native/contiki-ng-native.a(contiki-main.o)
 *fill*         0x0000000000008d4d        0x3 
 .text          0x0000000000008d50       0x71 build/native/contiki-ng-native.a(autostart.o)
                0x0000000000008d50                autostart_start
                0x0000000000008d90                autostart_exit
 *fill*         0x0000000000008dc1        0xf 
 .text          0x0000000000008dd0       0x27 build/native/contiki-ng-native.a(energest.o)
                0x0000000000008dd0                energest_init
                0x0000000000008de0                energest_flush
                0x0000000000008df0                energest_get_total_time
 *fill*         0x0000000000008df7        0x9 
 .text          0x0000000000008e00      0x44d build/native/contiki-ng-native.a(etimer.o)
                0x0000000000009090                etimer_request_poll
                0x00000000000090a0                etimer_set
                0x00000000000090c0                etimer_reset_with_new_interval
                0x00000000000090f0                etimer_reset
                0x0000000000009110                etimer_restart
                0x0000000000009130                etimer_adjust
                0x0000000000009160                etimer_expired
                0x0000000000009170                etimer_expiration_time
                0x0000000000009180                etimer_start_time
                0x0000000000009190                etimer_pending
                0x00000000000091b0                etimer_next_expiration_time
                0x00000000000091d0                etimer_stop
 *fill*         0x000000000000924d        0x3 
 .text          0x0000000000009250      0x410 build/native/contiki-ng-native.a(log.o)
                0x0000000000009250                log_6addr
                0x00000000000092b0                log_6addr_compact_snprint
                0x0000000000009320                log_6addr_compact
                0x0000000000009380                log_lladdr
                0x0000000000009430                log_lladdr_compact
                0x0000000000009490                log_bytes
                0x00000000000094e0                log_set_level
                0x0000000000009570                log_get_level
                0x00000000000095f0                log_level_to_str
 .text          0x0000000000009660      0x32c build/native/contiki-ng-native.a(ctimer.o)
                0x0000000000009760                ctimer_init
                0x0000000000009790                ctimer_set_with_process
                0x0000000000009800                ctimer_set
                0x0000000000009810                ctimer_reset
                0x0000000000009870                ctimer_restart
                0x00000000000098d0                ctimer_stop
                0x0000000000009930                ctimer_expired
 *fill*         0x000000000000998c        0x4 
 .text          0x0000000000009990       0xa9 build/native/contiki-ng-native.a(rtimer.o)
                0x0000000000009990                rtimer_init
                0x00000000000099a0                rtimer_set
                0x00000000000099f0                rtimer_run_next
 *fill*         0x0000000000009a39        0x7 
 .text          0x0000000000009a40       0x1f build/native/contiki-ng-native.a(node-id.o)
                0x0000000000009a40                node_id_init
 *fill*         0x0000000000009a5f        0x1 
 .text          0x0000000000009a60      0x47e build/native/contiki-ng-native.a(process.o)
                0x0000000000009c40                process_alloc_event
                0x0000000000009c60                process_start
                0x0000000000009cd0                process_exit
                0x0000000000009ce0                process_init
                0x0000000000009d10                process_run
                0x0000000000009e00                process_nevents
                0x0000000000009e20                process_post
                0x0000000000009e70                process_post_synch
                0x0000000000009ea0                process_poll
                0x0000000000009ed0                process_is_running
 *fill*         0x0000000000009ede        0x2 
 .text          0x0000000000009ee0       0xa9 build/native/contiki-ng-native.a(timer.o)
                0x0000000000009ee0                timer_set
                0x0000000000009f00                timer_reset
                0x0000000000009f30                timer_restart
                0x0000000000009f50                timer_expired
                0x0000000000009f70                timer_remaining
 *fill*         0x0000000000009f89        0x7 
 .text          0x0000000000009f90      0x349 build/native/contiki-ng-native.a(list.o)
                0x0000000000009f90                list_init
                0x0000000000009fa0                list_head
                0x0000000000009fb0                list_copy
                0x0000000000009fc0                list_tail
                0x0000000000009ff0                list_add
                0x000000000000a070                list_push
                0x000000000000a0d0                list_chop
                0x000000000000a130                list_pop
                0x000000000000a150                list_remove
                0x000000000000a1a0                list_length
                0x000000000000a1c0                list_insert
                0x000000000000a280                list_item_next
                0x000000000000a2a0                list_contains
 *fill*         0x000000000000a2d9        0x7 
 .text          0x000000000000a2e0      0x225 build/native/contiki-ng-native.a(queuebuf.o)
                0x000000000000a2e0                queuebuf_init
                0x000000000000a310                queuebuf_numfree
                0x000000000000a320                queuebuf_new_from_packetbuf
                0x000000000000a3a0                queuebuf_update_attr_from_packetbuf
                0x000000000000a3c0                queuebuf_update_from_packetbuf
                0x000000000000a3f0                queuebuf_free
                0x000000000000a430                queuebuf_to_packetbuf
                0x000000000000a480                queuebuf_dataptr
                0x000000000000a4b0                queuebuf_datalen
                0x000000000000a4c0                queuebuf_addr
                0x000000000000a4e0                queuebuf_attr
                0x000000000000a500                queuebuf_debug_print
 *fill*         0x000000000000a505        0xb 
 .text          0x000000000000a510      0x477 build/native/contiki-ng-native.a(packetbuf.o)
                0x000000000000a510                packetbuf_copyto
                0x000000000000a600                packetbuf_hdralloc
                0x000000000000a680                packetbuf_hdrreduce
                0x000000000000a6b0                packetbuf_set_datalen
                0x000000000000a6c0                packetbuf_dataptr
                0x000000000000a6e0                packetbuf_hdrptr
                0x000000000000a6f0                packetbuf_datalen
                0x000000000000a700                packetbuf_hdrlen
                0x000000000000a720                packetbuf_totlen
                0x000000000000a740                packetbuf_remaininglen
                0x000000000000a770                packetbuf_attr_clear
                0x000000000000a7d0                packetbuf_clear
                0x000000000000a7f0                packetbuf_copyfrom
                0x000000000000a860                packetbuf_attr_copyto
                0x000000000000a8a0                packetbuf_attr_copyfrom
                0x000000000000a8e0                packetbuf_set_attr
                0x000000000000a900                packetbuf_attr
                0x000000000000a920                packetbuf_set_addr
                0x000000000000a950                packetbuf_addr
                0x000000000000a970                packetbuf_holds_broadcast
 *fill*         0x000000000000a987        0x9 
 .text          0x000000000000a990       0xee build/native/contiki-ng-native.a(netstack.o)
                0x000000000000a990                netstack_process_ip_callback
                0x000000000000aa10                netstack_ip_packet_processor_add
                0x000000000000aa40                uip_ds6_ip_packet_processor_rm
                0x000000000000aa60                netstack_init
 *fill*         0x000000000000aa7e        0x2 
 .text          0x000000000000aa80       0x3f build/native/contiki-ng-native.a(linkaddr.o)
                0x000000000000aa80                linkaddr_copy
                0x000000000000aa90                linkaddr_cmp
                0x000000000000aab0                linkaddr_set_node_addr
 *fill*         0x000000000000aabf        0x1 
 .text          0x000000000000aac0       0x55 build/native/contiki-ng-native.a(nullmac.o)
 *fill*         0x000000000000ab15        0xb 
 .text          0x000000000000ab20      0xb12 build/native/contiki-ng-native.a(uip-ds6.o)
                0x000000000000abe0                uip_ds6_default_prefix
                0x000000000000abf0                uip_ds6_set_default_prefix
                0x000000000000ac00                uip_ds6_list_loop
                0x000000000000ac40                uip_ds6_prefix_add
                0x000000000000acf0                uip_ds6_prefix_rm
                0x000000000000ad00                uip_ds6_prefix_lookup
                0x000000000000ad60                uip_ds6_is_addr_onlink
                0x000000000000add0                uip_ds6_addr_lookup
                0x000000000000ae30                uip_ds6_get_link_local
                0x000000000000aea0                uip_ds6_get_global
                0x000000000000af10                uip_ds6_maddr_add
                0x000000000000af70                uip_ds6_addr_add
                0x000000000000b060                uip_ds6_maddr_rm
                0x000000000000b070                uip_ds6_maddr_lookup
                0x000000000000b130                uip_ds6_addr_rm
                0x000000000000b150                uip_ds6_periodic
                0x000000000000b1d0                uip_ds6_aaddr_add
                0x000000000000b230                uip_ds6_aaddr_rm
                0x000000000000b240                uip_ds6_aaddr_lookup
                0x000000000000b2a0                uip_ds6_select_src
                0x000000000000b3f0                uip_ds6_set_addr_iid
                0x000000000000b400                uip_ds6_set_lladdr_from_iid
                0x000000000000b410                get_match_length
                0x000000000000b470                uip_ds6_compute_reachable_time
                0x000000000000b4b0                uip_ds6_init
 *fill*         0x000000000000b632        0xe 
 .text          0x000000000000b640      0x322 build/native/contiki-ng-native.a(uip-ds6-route.o)
                0x000000000000b640                uip_ds6_route_init
                0x000000000000b670                uip_ds6_route_nexthop
                0x000000000000b680                uip_ds6_route_head
                0x000000000000b690                uip_ds6_route_next
                0x000000000000b6a0                uip_ds6_route_is_nexthop
                0x000000000000b6b0                uip_ds6_route_num_routes
                0x000000000000b6c0                uip_ds6_route_lookup
                0x000000000000b6d0                uip_ds6_route_add
                0x000000000000b6e0                uip_ds6_route_rm
                0x000000000000b6f0                uip_ds6_route_rm_by_nexthop
                0x000000000000b700                uip_ds6_defrt_head
                0x000000000000b710                uip_ds6_defrt_rm
                0x000000000000b770                uip_ds6_defrt_lookup
                0x000000000000b7e0                uip_ds6_defrt_add
                0x000000000000b890                uip_ds6_defrt_choose
                0x000000000000b8f0                uip_ds6_defrt_periodic
 *fill*         0x000000000000b962        0xe 
 .text          0x000000000000b970      0x355 build/native/contiki-ng-native.a(uip-ds6-nbr.o)
                0x000000000000b9a0                uip_ds6_nbr_rm
                0x000000000000b9c0                uip_ds6_neighbors_init
                0x000000000000b9f0                uip_ds6_nbr_add
                0x000000000000ba40                uip_ds6_nbr_update_ll
                0x000000000000bb10                uip_ds6_nbr_get_ipaddr
                0x000000000000bb20                uip_ds6_nbr_get_ll
                0x000000000000bb40                uip_ds6_nbr_num
                0x000000000000bba0                uip_ds6_nbr_head
                0x000000000000bbb0                uip_ds6_nbr_next
                0x000000000000bbd0                uip_ds6_nbr_lookup
                0x000000000000bc50                uip_ds6_nbr_ll_lookup
                0x000000000000bc70                uip_ds6_nbr_ipaddr_from_lladdr
                0x000000000000bc90                uip_ds6_nbr_lladdr_from_ipaddr
                0x000000000000bcc0                uip_ds6_link_callback
 *fill*         0x000000000000bcc5        0xb 
 .text          0x000000000000bcd0      0x595 build/native/contiki-ng-native.a(tcpip.o)
                0x000000000000bcd0                tcpip_output
                0x000000000000bd10                udp_attach
                0x000000000000bd30                udp_new
                0x000000000000bd60                udp_broadcast_new
                0x000000000000bde0                tcpip_input
                0x000000000000be20                tcpip_ipv6_output
                0x000000000000c200                tcpip_poll_udp
                0x000000000000c220                tcpip_uipcall
 *fill*         0x000000000000c265        0xb 
 .text          0x000000000000c270      0xc1b build/native/contiki-ng-native.a(uip6.o)
                0x000000000000c480                uip_chksum
                0x000000000000c4a0                uip_icmp6chksum
                0x000000000000c4b0                uip_udpchksum
                0x000000000000c4c0                uip_init
                0x000000000000c540                uip_remove_ext_hdr
                0x000000000000c600                uip_udp_new
                0x000000000000c6d0                uip_process
                0x000000000000cdd0                uip_htons
                0x000000000000cde0                uip_htonl
                0x000000000000ce00                uip_send
 *fill*         0x000000000000ce8b        0x5 
 .text          0x000000000000ce90      0x420 build/native/contiki-ng-native.a(uip-nd6.o)
                0x000000000000d2a0                uip_nd6_init
 .text          0x000000000000d2b0      0x51f build/native/contiki-ng-native.a(uiplib.o)
                0x000000000000d2b0                uiplib_ip6addrconv
                0x000000000000d4b0                uiplib_ip4addrconv
                0x000000000000d550                uiplib_ipaddr_snprint
                0x000000000000d770                uiplib_ipaddr_print
 *fill*         0x000000000000d7cf        0x1 
 .text          0x000000000000d7d0      0x48c build/native/contiki-ng-native.a(rpl.o)
                0x000000000000d7d0                rpl_has_joined
                0x000000000000d7f0                rpl_is_reachable
                0x000000000000d820                rpl_get_leaf_only
                0x000000000000d960                rpl_link_callback
                0x000000000000d9c0                rpl_lollipop_greater_than
                0x000000000000da10                rpl_get_global_address
                0x000000000000dae0                rpl_reset_prefix
                0x000000000000db40                rpl_set_prefix_from_addr
                0x000000000000dc10                rpl_set_prefix
                0x000000000000dc50                rpl_set_leaf_only
 *fill*         0x000000000000dc5c        0x4 
 .text          0x000000000000dc60      0xc5c build/native/contiki-ng-native.a(rpl-icmp6.o)
                0x000000000000e260                rpl_icmp6_update_nbr_table
                0x000000000000e2b0                rpl_icmp6_dis_output
                0x000000000000e300                rpl_icmp6_dio_output
                0x000000000000e720                rpl_icmp6_dao_output
                0x000000000000e820                rpl_icmp6_dao_ack_output
                0x000000000000e880                rpl_icmp6_init
 *fill*         0x000000000000e8bc        0x4 
 .text          0x000000000000e8c0      0x224 build/native/contiki-ng-native.a(rpl-dag-root.o)
                0x000000000000e940                rpl_dag_root_print_links
                0x000000000000e9e0                rpl_dag_root_set_prefix
                0x000000000000ea10                rpl_dag_root_start
                0x000000000000eac0                rpl_dag_root_is_root
 *fill*         0x000000000000eae4        0xc 
 .text          0x000000000000eaf0      0x4b1 build/native/contiki-ng-native.a(platform.o)
                0x000000000000eb60                select_set_callback
                0x000000000000ec00                native_uart_set_input
                0x000000000000ec10                platform_process_args
                0x000000000000ec30                platform_init_stage_one
                0x000000000000ec50                platform_init_stage_two
                0x000000000000ecc0                platform_init_stage_three
                0x000000000000edd0                platform_main_loop
                0x000000000000ef50                log_message
                0x000000000000ef80                uip_log
 *fill*         0x000000000000efa1        0xf 
 .text          0x000000000000efb0       0xd5 build/native/contiki-ng-native.a(clock.o)
                0x000000000000efb0                clock_time
                0x000000000000f020                clock_seconds
                0x000000000000f070                clock_delay
                0x000000000000f080                clock_init
 *fill*         0x000000000000f085        0xb 
 .text          0x000000000000f090      0x4d8 build/native/contiki-ng-native.a(tun6-net.o)
 *fill*         0x000000000000f568        0x8 
 .text          0x000000000000f570       0xc4 build/native/contiki-ng-native.a(rtimer-arch.o)
                0x000000000000f590                rtimer_arch_init
                0x000000000000f5b0                rtimer_arch_schedule
 *fill*         0x000000000000f634        0xc 
 .text          0x000000000000f640       0x54 build/native/contiki-ng-native.a(watchdog.o)
                0x000000000000f640                watchdog_init
                0x000000000000f650                watchdog_start
                0x000000000000f660                watchdog_periodic
                0x000000000000f670                watchdog_stop
                0x000000000000f680                watchdog_reboot
 *fill*         0x000000000000f694        0xc 
 .text          0x000000000000f6a0       0xd2 build/native/contiki-ng-native.a(stimer.o)
                0x000000000000f6a0                stimer_set
                0x000000000000f6c0                stimer_reset
                0x000000000000f6f0                stimer_restart
                0x000000000000f710                stimer_expired
                0x000000000000f740                stimer_remaining
                0x000000000000f760                stimer_elapsed
 *fill*         0x000000000000f772        0xe 
 .text          0x000000000000f780      0x147 build/native/contiki-ng-native.a(memb.o)
                0x000000000000f780                memb_init
                0x000000000000f7b0                memb_alloc
                0x000000000000f800                memb_free
                0x000000000000f850                memb_inmemb
                0x000000000000f880                memb_numfree
 *fill*         0x000000000000f8c7        0x9 
 .text          0x000000000000f8d0       0x22 build/native/contiki-ng-native.a(random.o)
                0x000000000000f8d0                random_init
                0x000000000000f8e0                random_rand
 *fill*         0x000000000000f8f2        0xe 
 .text          0x000000000000f900      0x378 build/native/contiki-ng-native.a(button-hal.o)
                0x000000000000fa50                button_hal_get_by_id
                0x000000000000fa90                button_hal_get_by_index
                0x000000000000fac0                button_hal_get_state
                0x000000000000fba0                button_hal_init
 *fill*         0x000000000000fc78        0x8 
 .text          0x000000000000fc80      0x1e2 build/native/contiki-ng-native.a(serial-line.o)
                0x000000000000fdb0                serial_line_input_byte
                0x000000000000fe30                serial_line_init
 *fill*         0x000000000000fe62        0xe 
 .text          0x000000000000fe70       0x87 build/native/contiki-ng-native.a(leds.o)
                0x000000000000fe70                leds_init
                0x000000000000fe80                leds_single_on
                0x000000000000fe90                leds_single_off
                0x000000000000fea0                leds_single_toggle
                0x000000000000feb0                leds_on
                0x000000000000fec0                leds_off
                0x000000000000fed0                leds_toggle
                0x000000000000fee0                leds_set
                0x000000000000fef0                leds_get
 *fill*         0x000000000000fef7        0x9 
 .text          0x000000000000ff00       0xf7 build/native/contiki-ng-native.a(nullradio.o)
 *fill*         0x000000000000fff7        0x9 
 .text          0x0000000000010000      0x118 build/native/contiki-ng-native.a(gpio-hal.o)
                0x0000000000010000                gpio_hal_register_handler
                0x0000000000010020                gpio_hal_event_handler
                0x0000000000010070                gpio_hal_init
                0x0000000000010090                gpio_hal_arch_port_toggle_pin
                0x00000000000100b0                gpio_hal_arch_port_toggle_pins
                0x00000000000100d0                gpio_hal_arch_no_port_toggle_pin
                0x0000000000010100                gpio_hal_arch_no_port_toggle_pins
 *fill*         0x0000000000010118        0x8 
 .text          0x0000000000010120      0x70b build/native/contiki-ng-native.a(nbr-table.o)
                0x00000000000101a0                nbr_table_register
                0x0000000000010210                nbr_table_is_registered
                0x0000000000010240                nbr_table_next
                0x00000000000102f0                nbr_table_head
                0x0000000000010360                nbr_table_add_lladdr
                0x0000000000010670                nbr_table_get_from_lladdr
                0x00000000000106d0                nbr_table_remove
                0x0000000000010750                nbr_table_lock
                0x00000000000107a0                nbr_table_unlock
                0x00000000000107f0                nbr_table_get_lladdr
 *fill*         0x000000000001082b        0x5 
 .text          0x0000000000010830      0x3e4 build/native/contiki-ng-native.a(link-stats.o)
                0x0000000000010880                link_stats_from_lladdr
                0x00000000000108a0                link_stats_get_lladdr
                0x00000000000108c0                link_stats_is_fresh
                0x0000000000010900                guess_etx_from_rssi
                0x0000000000010960                link_stats_packet_sent
                0x0000000000010ac0                link_stats_input_callback
                0x0000000000010b90                link_stats_reset
                0x0000000000010be0                link_stats_init
 *fill*         0x0000000000010c14        0xc 
 .text          0x0000000000010c20      0x3c6 build/native/contiki-ng-native.a(uipbuf.o)
                0x0000000000010c20                uipbuf_clear
                0x0000000000010c60                uipbuf_add_ext_hdr
                0x0000000000010cb0                uipbuf_set_len
                0x0000000000010cd0                uipbuf_set_len_field
                0x0000000000010ce0                uipbuf_get_len_field
                0x0000000000010d00                uipbuf_get_next_header
                0x0000000000010dc0                uipbuf_get_last_header
                0x0000000000010e30                uipbuf_search_header
                0x0000000000010ee0                uipbuf_get_attr
                0x0000000000010f00                uipbuf_set_attr
                0x0000000000010f30                uipbuf_set_default_attr
                0x0000000000010f60                uipbuf_clear_attr
                0x0000000000010f80                uipbuf_set_attr_flag
                0x0000000000010f90                uipbuf_clr_attr_flag
                0x0000000000010fa0                uipbuf_is_attr_flag
                0x0000000000010fc0                uipbuf_init
 *fill*         0x0000000000010fe6        0xa 
 .text          0x0000000000010ff0      0x4f2 build/native/contiki-ng-native.a(uip-icmp6.o)
                0x0000000000011140                uip_icmp6_input
                0x00000000000111b0                uip_icmp6_register_input_handler
                0x00000000000111d0                uip_icmp6_error_output
                0x00000000000113a0                uip_icmp6_send
                0x0000000000011460                uip_icmp6_echo_reply_callback_add
                0x0000000000011490                uip_icmp6_echo_reply_callback_rm
                0x00000000000114b0                uip_icmp6_init
 *fill*         0x00000000000114e2        0xe 
 .text          0x00000000000114f0      0x5d9 build/native/contiki-ng-native.a(uip-sr.o)
                0x0000000000011550                uip_sr_num_nodes
                0x0000000000011560                uip_sr_get_node
                0x00000000000115e0                uip_sr_is_addr_reachable
                0x0000000000011690                uip_sr_expire_parent
                0x00000000000116e0                uip_sr_update_node
                0x00000000000117f0                uip_sr_init
                0x0000000000011820                uip_sr_node_head
                0x0000000000011830                uip_sr_node_next
                0x0000000000011840                uip_sr_periodic
                0x0000000000011910                uip_sr_free_all
                0x0000000000011980                uip_sr_link_snprint
 *fill*         0x0000000000011ac9        0x7 
 .text          0x0000000000011ad0      0x124 build/native/contiki-ng-native.a(uip-packetqueue)
                0x0000000000011af0                uip_packetqueue_new
                0x0000000000011b00                uip_packetqueue_alloc
                0x0000000000011b60                uip_packetqueue_free
                0x0000000000011ba0                uip_packetqueue_buf
                0x0000000000011bc0                uip_packetqueue_buflen
                0x0000000000011be0                uip_packetqueue_set_buflen
 *fill*         0x0000000000011bf4        0xc 
 .text          0x0000000000011c00      0xca9 build/native/contiki-ng-native.a(rpl-dag.o)
                0x0000000000012000                rpl_dag_state_to_str
                0x0000000000012050                rpl_dag_get_root_ipaddr
                0x0000000000012080                rpl_dag_leave
                0x0000000000012100                rpl_dag_poison_and_leave
                0x0000000000012120                rpl_dag_periodic
                0x00000000000121a0                rpl_is_addr_in_our_dag
                0x00000000000121f0                rpl_get_default_instance
                0x0000000000012210                rpl_get_any_dag
                0x0000000000012230                rpl_refresh_routes
                0x0000000000012260                rpl_global_repair
                0x0000000000012290                rpl_local_repair
                0x00000000000122b0                rpl_dag_ready_to_advertise
                0x00000000000122f0                rpl_dag_update_state
                0x0000000000012310                rpl_process_dio
                0x00000000000125b0                rpl_process_dis
                0x0000000000012600                rpl_process_dao
                0x0000000000012680                rpl_process_dao_ack
                0x0000000000012720                rpl_process_hbh
                0x0000000000012770                rpl_dag_init_root
                0x0000000000012890                rpl_dag_init
 *fill*         0x00000000000128a9        0x7 
 .text          0x00000000000128b0      0x927 build/native/contiki-ng-native.a(rpl-neighbor.o)
                0x0000000000012910                rpl_neighbor_count
                0x0000000000012970                rpl_neighbor_get_from_lladdr
                0x0000000000012990                rpl_neighbor_is_acceptable_parent
                0x00000000000129c0                rpl_neighbor_get_link_metric
                0x00000000000129f0                rpl_neighbor_rank_via_nbr
                0x0000000000012a20                rpl_neighbor_get_lladdr
                0x0000000000012a40                rpl_neighbor_get_ipaddr
                0x0000000000012a70                rpl_neighbor_get_link_stats
                0x0000000000012ba0                rpl_neighbor_snprint
                0x0000000000012ef0                rpl_neighbor_print_list
                0x0000000000012f80                rpl_neighbor_is_fresh
                0x0000000000012fa0                rpl_neighbor_is_reachable
                0x0000000000013000                rpl_neighbor_is_parent
                0x0000000000013020                rpl_neighbor_set_preferred_parent
                0x00000000000130a0                rpl_neighbor_remove_all
                0x00000000000130f0                rpl_neighbor_get_from_ipaddr
                0x0000000000013120                rpl_neighbor_select_best
                0x00000000000131c0                rpl_neighbor_init
 *fill*         0x00000000000131d7        0x9 
 .text          0x00000000000131e0      0x967 build/native/contiki-ng-native.a(rpl-timers.o)
                0x00000000000134a0                rpl_timers_schedule_periodic_dis
                0x00000000000135d0                rpl_timers_dio_reset
                0x0000000000013630                rpl_timers_schedule_unicast_dio
                0x0000000000013660                rpl_timers_schedule_dao
                0x00000000000136d0                rpl_timers_schedule_dao_ack
                0x0000000000013710                rpl_timers_notify_dao_ack
                0x0000000000013790                get_probing_delay
                0x00000000000137b0                get_probing_target
                0x0000000000013970                rpl_schedule_probing
                0x0000000000013990                rpl_schedule_probing_now
                0x00000000000139e0                rpl_timers_unschedule_leaving
                0x0000000000013a20                rpl_timers_schedule_leaving
                0x0000000000013a70                rpl_timers_init
                0x0000000000013aa0                rpl_timers_stop_dag_timers
                0x0000000000013b00                rpl_timers_unschedule_state_update
                0x0000000000013b20                rpl_timers_schedule_state_update
 *fill*         0x0000000000013b47        0x9 
 .text          0x0000000000013b50      0xb44 build/native/contiki-ng-native.a(rpl-ext-header.)
                0x0000000000013bc0                rpl_ext_header_srh_get_next_hop
                0x0000000000013c60                rpl_ext_header_srh_update
                0x0000000000013ee0                rpl_ext_header_hbh_update
                0x0000000000013fa0                rpl_ext_header_remove
                0x0000000000014120                rpl_ext_header_update
 *fill*         0x0000000000014694        0xc 
 .text          0x00000000000146a0      0x12d build/native/contiki-ng-native.a(rpl-nbr-policy.)
                0x0000000000014740                rpl_nbr_policy_find_removable
 *fill*         0x00000000000147cd        0x3 
 .text          0x00000000000147d0      0x2b5 build/native/contiki-ng-native.a(rpl-mrhof.o)
 .text          0x0000000000014a85        0x0 build/native/contiki-ng-native.a(buttons.o)
 *fill*         0x0000000000014a85        0xb 
 .text          0x0000000000014a90       0x50 build/native/contiki-ng-native.a(int-master.o)
                0x0000000000014a90                int_master_enable
                0x0000000000014aa0                int_master_read_and_disable
                0x0000000000014ac0                int_master_status_set
                0x0000000000014ad0                int_master_is_enabled
 .text          0x0000000000014ae0      0x1d2 build/native/contiki-ng-native.a(gpio-hal-arch.o)
                0x0000000000014ae0                gpio_hal_arch_init
                0x0000000000014af0                gpio_hal_arch_no_port_interrupt_enable
                0x0000000000014b00                gpio_hal_arch_no_port_interrupt_disable
                0x0000000000014b10                gpio_hal_arch_no_port_pin_cfg_set
                0x0000000000014b30                gpio_hal_arch_no_port_pin_cfg_get
                0x0000000000014b50                gpio_hal_arch_no_port_pin_set_input
                0x0000000000014b60                gpio_hal_arch_no_port_pin_set_output
                0x0000000000014b70                gpio_hal_arch_no_port_set_pin
                0x0000000000014b90                gpio_hal_arch_no_port_clear_pin
                0x0000000000014bb0                gpio_hal_arch_no_port_read_pin
                0x0000000000014bd0                gpio_hal_arch_no_port_write_pin
                0x0000000000014bf0                gpio_hal_arch_no_port_set_pins
                0x0000000000014c20                gpio_hal_arch_no_port_clear_pins
                0x0000000000014c50                gpio_hal_arch_no_port_read_pins
                0x0000000000014c80                gpio_hal_arch_no_port_write_pins
 *fill*         0x0000000000014cb2        0xe 
 .text          0x0000000000014cc0       0xc5 build/native/contiki-ng-native.a(ringbuf.o)
                0x0000000000014cc0                ringbuf_init
                0x0000000000014ce0                ringbuf_put
                0x0000000000014d20                ringbuf_get
                0x0000000000014d60                ringbuf_size
                0x0000000000014d70                ringbuf_elements
 *fill*         0x0000000000014d85        0xb 
 .text          0x0000000000014d90       0x75 /usr/lib/x86_64-linux-gnu/libc_nonshared.a(elf-init.oS)
                0x0000000000014d90                __libc_csu_init
                0x0000000000014e00                __libc_csu_fini
 *fill*         0x0000000000014e05        0xb 
 .text          0x0000000000014e10       0x12 /usr/lib/x86_64-linux-gnu/libc_nonshared.a(atexit.oS)
                0x0000000000014e10                atexit
 .text          0x0000000000014e22        0x0 /usr/lib/gcc/x86_64-linux-gnu/9/crtendS.o
 .text          0x0000000000014e22        0x0 /usr/lib/gcc/x86_64-linux-gnu/9/../../../x86_64-linux-gnu/crtn.o
 *(.gnu.warning)

.fini           0x0000000000014e24        0xd
 *(SORT_NONE(.fini))
 .fini          0x0000000000014e24        0x8 /usr/lib/gcc/x86_64-linux-gnu/9/../../../x86_64-linux-gnu/crti.o
                0x0000000000014e24                _fini
 .fini          0x0000000000014e2c        0x5 /usr/lib/gcc/x86_64-linux-gnu/9/../../../x86_64-linux-gnu/crtn.o
                [!provide]                        PROVIDE (__etext = .)
                [!provide]                        PROVIDE (_etext = .)
                [!provide]                        PROVIDE (etext = .)
                0x0000000000015000                . = ALIGN (CONSTANT (MAXPAGESIZE))
                0x0000000000015000                . = SEGMENT_START ("rodata-segment", (ALIGN (CONSTANT (MAXPAGESIZE)) + (. & (CONSTANT (MAXPAGESIZE) - 0x1))))

.rodata         0x0000000000015000      0x64b
 *(.rodata .rodata.* .gnu.linkonce.r.*)
 .rodata.cst4   0x0000000000015000        0x4 /usr/lib/gcc/x86_64-linux-gnu/9/../../../x86_64-linux-gnu/Scrt1.o
                0x0000000000015000                _IO_stdin_used
 *fill*         0x0000000000015004        0x4 
 .rodata.str1.8
                0x0000000000015008       0x4d hello-world.o
 .rodata.str1.1
                0x0000000000015055       0x27 hello-world.o
 .rodata.cst4   0x000000000001507c        0x8 hello-world.o
 .rodata.str1.1
                0x0000000000015084       0x69 build/native/obj/blinkled.o
 .rodata.str1.1
                0x00000000000150ed        0xd build/native/obj/sensors.o
 *fill*         0x00000000000150fa        0x2 
 .rodata.cst4   0x00000000000150fc        0xc build/native/obj/sensors.o
                                         0x10 (size before relaxing)
 .rodata.str1.1
                0x0000000000015108       0x7a build/native/contiki-ng-native.a(contiki-main.o)
 *fill*         0x0000000000015182        0x6 
 .rodata.str1.8
                0x0000000000015188       0x7c build/native/contiki-ng-native.a(contiki-main.o)
 .rodata.str1.1
                0x0000000000015204        0xc build/native/contiki-ng-native.a(etimer.o)
 .rodata.str1.1
                0x0000000000015210       0xa5 build/native/contiki-ng-native.a(log.o)
                                         0xac (size before relaxing)
 *fill*         0x00000000000152b5        0x3 
 .rodata        0x00000000000152b8       0x14 build/native/contiki-ng-native.a(log.o)
 .rodata.str1.1
                0x00000000000152cc        0xf build/native/contiki-ng-native.a(ctimer.o)
 *fill*         0x00000000000152db        0x5 
 .rodata        0x00000000000152e0        0x8 build/native/contiki-ng-native.a(linkaddr.o)
                0x00000000000152e0                linkaddr_null
 .rodata.str1.1
                0x00000000000152e8        0x8 build/native/contiki-ng-native.a(nullmac.o)
 .rodata.str1.1
                0x00000000000152f0        0xd build/native/contiki-ng-native.a(tcpip.o)
 .rodata.str1.1
                0x00000000000152fd       0x28 build/native/contiki-ng-native.a(uiplib.o)
                                         0x2d (size before relaxing)
 .rodata.str1.1
                0x0000000000015325        0x9 build/native/contiki-ng-native.a(rpl.o)
 .rodata.str1.1
                0x000000000001532e       0x2f build/native/contiki-ng-native.a(platform.o)
                                         0x47 (size before relaxing)
 .rodata.str1.1
                0x000000000001535d       0xa6 build/native/contiki-ng-native.a(tun6-net.o)
                                         0xb9 (size before relaxing)
 *fill*         0x0000000000015403        0x5 
 .rodata.str1.8
                0x0000000000015408       0xc7 build/native/contiki-ng-native.a(tun6-net.o)
 .rodata.str1.1
                0x00000000000154cf       0x13 build/native/contiki-ng-native.a(button-hal.o)
 .rodata.str1.1
                0x00000000000154e2        0xe build/native/contiki-ng-native.a(serial-line.o)
 .rodata.str1.1
                0x00000000000154f0       0x44 build/native/contiki-ng-native.a(uip-sr.o)
 .rodata.str1.1
                0x0000000000015534       0xb0 build/native/contiki-ng-native.a(rpl-dag.o)
 *fill*         0x00000000000155e4        0x4 
 .rodata.str1.8
                0x00000000000155e8       0x22 build/native/contiki-ng-native.a(rpl-neighbor.o)
 .rodata.str1.1
                0x000000000001560a       0x34 build/native/contiki-ng-native.a(rpl-neighbor.o)
                                         0x36 (size before relaxing)
 .rodata.str1.1
                0x000000000001563e        0xc build/native/contiki-ng-native.a(rpl-timers.o)
 .rodata        0x000000000001564a        0x1 build/native/contiki-ng-native.a(buttons.o)
                0x000000000001564a                button_hal_button_count

.rodata1
 *(.rodata1)

.eh_frame_hdr   0x000000000001564c     0x102c
 *(.eh_frame_hdr)
 .eh_frame_hdr  0x000000000001564c     0x102c /usr/lib/gcc/x86_64-linux-gnu/9/../../../x86_64-linux-gnu/Scrt1.o
                0x000000000001564c                __GNU_EH_FRAME_HDR
 *(.eh_frame_entry .eh_frame_entry.*)

.eh_frame       0x0000000000016678     0x3db0
 *(.eh_frame)
 .eh_frame      0x0000000000016678       0x30 /usr/lib/gcc/x86_64-linux-gnu/9/../../../x86_64-linux-gnu/Scrt1.o
                                         0x2c (size before relaxing)
 *fill*         0x00000000000166a8        0x0 
 .eh_frame      0x00000000000166a8       0x28 /usr/lib/gcc/x86_64-linux-gnu/9/../../../x86_64-linux-gnu/Scrt1.o
                                         0x40 (size before relaxing)
 .eh_frame      0x00000000000166d0       0x18 /usr/lib/gcc/x86_64-linux-gnu/9/../../../x86_64-linux-gnu/Scrt1.o
                                         0x30 (size before relaxing)
 .eh_frame      0x00000000000166e8       0x18 /usr/lib/gcc/x86_64-linux-gnu/9/../../../x86_64-linux-gnu/Scrt1.o
                                         0x30 (size before relaxing)
 .eh_frame      0x0000000000016700       0x28 hello-world.o
                                         0x40 (size before relaxing)
 .eh_frame      0x0000000000016728       0x80 build/native/obj/blinkled.o
                                         0x98 (size before relaxing)
 .eh_frame      0x00000000000167a8       0x68 build/native/obj/sensors.o
                                         0x80 (size before relaxing)
 .eh_frame      0x0000000000016810       0x20 build/native/contiki-ng-native.a(contiki-main.o)
                                         0x38 (size before relaxing)
 .eh_frame      0x0000000000016830       0x38 build/native/contiki-ng-native.a(autostart.o)
                                         0x50 (size before relaxing)
 .eh_frame      0x0000000000016868       0x40 build/native/contiki-ng-native.a(energest.o)
                                         0x58 (size before relaxing)
 .eh_frame      0x00000000000168a8      0x1b0 build/native/contiki-ng-native.a(etimer.o)
                                        0x1c8 (size before relaxing)
 .eh_frame      0x0000000000016a58      0x188 build/native/contiki-ng-native.a(log.o)
                                        0x1a0 (size before relaxing)
 .eh_frame      0x0000000000016be0      0x130 build/native/contiki-ng-native.a(ctimer.o)
                                        0x148 (size before relaxing)
 .eh_frame      0x0000000000016d10       0x50 build/native/contiki-ng-native.a(rtimer.o)
                                         0x68 (size before relaxing)
 .eh_frame      0x0000000000016d60       0x18 build/native/contiki-ng-native.a(node-id.o)
                                         0x30 (size before relaxing)
 .eh_frame      0x0000000000016d78      0x198 build/native/contiki-ng-native.a(process.o)
                                        0x1b0 (size before relaxing)
 .eh_frame      0x0000000000016f10       0x90 build/native/contiki-ng-native.a(timer.o)
                                         0xa8 (size before relaxing)
 .eh_frame      0x0000000000016fa0      0x108 build/native/contiki-ng-native.a(list.o)
                                        0x120 (size before relaxing)
 .eh_frame      0x00000000000170a8      0x138 build/native/contiki-ng-native.a(queuebuf.o)
                                        0x150 (size before relaxing)
 .eh_frame      0x00000000000171e0      0x1c0 build/native/contiki-ng-native.a(packetbuf.o)
                                        0x1d8 (size before relaxing)
 .eh_frame      0x00000000000173a0       0x78 build/native/contiki-ng-native.a(netstack.o)
                                         0x90 (size before relaxing)
 .eh_frame      0x0000000000017418       0x40 build/native/contiki-ng-native.a(linkaddr.o)
                                         0x58 (size before relaxing)
 .eh_frame      0x0000000000017458       0x78 build/native/contiki-ng-native.a(nullmac.o)
                                         0x90 (size before relaxing)
 .eh_frame      0x00000000000174d0      0x3c0 build/native/contiki-ng-native.a(uip-ds6.o)
                                        0x3d8 (size before relaxing)
 .eh_frame      0x0000000000017890      0x1c0 build/native/contiki-ng-native.a(uip-ds6-route.o)
                                        0x1d8 (size before relaxing)
 .eh_frame      0x0000000000017a50      0x1c0 build/native/contiki-ng-native.a(uip-ds6-nbr.o)
                                        0x1d8 (size before relaxing)
 .eh_frame      0x0000000000017c10      0x140 build/native/contiki-ng-native.a(tcpip.o)
                                        0x158 (size before relaxing)
 .eh_frame      0x0000000000017d50      0x1b0 build/native/contiki-ng-native.a(uip6.o)
                                        0x1c8 (size before relaxing)
 .eh_frame      0x0000000000017f00       0x48 build/native/contiki-ng-native.a(uip-nd6.o)
                                         0x60 (size before relaxing)
 .eh_frame      0x0000000000017f48       0xc8 build/native/contiki-ng-native.a(uiplib.o)
                                         0xe0 (size before relaxing)
 .eh_frame      0x0000000000018010      0x1b0 build/native/contiki-ng-native.a(rpl.o)
                                        0x1c8 (size before relaxing)
 .eh_frame      0x00000000000181c0      0x1e0 build/native/contiki-ng-native.a(rpl-icmp6.o)
                                        0x1f8 (size before relaxing)
 .eh_frame      0x00000000000183a0       0xa8 build/native/contiki-ng-native.a(rpl-dag-root.o)
                                         0xc0 (size before relaxing)
 .eh_frame      0x0000000000018448      0x128 build/native/contiki-ng-native.a(platform.o)
                                        0x140 (size before relaxing)
 .eh_frame      0x0000000000018570       0x60 build/native/contiki-ng-native.a(clock.o)
                                         0x78 (size before relaxing)
 .eh_frame      0x00000000000185d0      0x100 build/native/contiki-ng-native.a(tun6-net.o)
                                        0x118 (size before relaxing)
 .eh_frame      0x00000000000186d0       0x50 build/native/contiki-ng-native.a(rtimer-arch.o)
                                         0x68 (size before relaxing)
 .eh_frame      0x0000000000018720       0x70 build/native/contiki-ng-native.a(watchdog.o)
                                         0x88 (size before relaxing)
 .eh_frame      0x0000000000018790       0xa8 build/native/contiki-ng-native.a(stimer.o)
                                         0xc0 (size before relaxing)
 .eh_frame      0x0000000000018838       0x70 build/native/contiki-ng-native.a(memb.o)
                                         0x88 (size before relaxing)
 .eh_frame      0x00000000000188a8       0x30 build/native/contiki-ng-native.a(random.o)
                                         0x48 (size before relaxing)
 .eh_frame      0x00000000000188d8      0x138 build/native/contiki-ng-native.a(button-hal.o)
                                        0x150 (size before relaxing)
 .eh_frame      0x0000000000018a10       0x80 build/native/contiki-ng-native.a(serial-line.o)
                                         0x98 (size before relaxing)
 .eh_frame      0x0000000000018a90       0xb8 build/native/contiki-ng-native.a(leds.o)
                                         0xd0 (size before relaxing)
 .eh_frame      0x0000000000018b48      0x118 build/native/contiki-ng-native.a(nullradio.o)
                                        0x130 (size before relaxing)
 .eh_frame      0x0000000000018c60       0xc8 build/native/contiki-ng-native.a(gpio-hal.o)
                                         0xe0 (size before relaxing)
 .eh_frame      0x0000000000018d28      0x190 build/native/contiki-ng-native.a(nbr-table.o)
                                        0x1a8 (size before relaxing)
 .eh_frame      0x0000000000018eb8      0x128 build/native/contiki-ng-native.a(link-stats.o)
                                        0x140 (size before relaxing)
 .eh_frame      0x0000000000018fe0      0x150 build/native/contiki-ng-native.a(uipbuf.o)
                                        0x168 (size before relaxing)
 .eh_frame      0x0000000000019130      0x178 build/native/contiki-ng-native.a(uip-icmp6.o)
                                        0x190 (size before relaxing)
 .eh_frame      0x00000000000192a8      0x210 build/native/contiki-ng-native.a(uip-sr.o)
                                        0x228 (size before relaxing)
 .eh_frame      0x00000000000194b8       0xb8 build/native/contiki-ng-native.a(uip-packetqueue)
                                         0xd0 (size before relaxing)
 .eh_frame      0x0000000000019570      0x360 build/native/contiki-ng-native.a(rpl-dag.o)
                                        0x378 (size before relaxing)
 .eh_frame      0x00000000000198d0      0x288 build/native/contiki-ng-native.a(rpl-neighbor.o)
                                        0x2a0 (size before relaxing)
 .eh_frame      0x0000000000019b58      0x340 build/native/contiki-ng-native.a(rpl-timers.o)
                                        0x358 (size before relaxing)
 .eh_frame      0x0000000000019e98      0x148 build/native/contiki-ng-native.a(rpl-ext-header.)
                                        0x160 (size before relaxing)
 .eh_frame      0x0000000000019fe0       0x60 build/native/contiki-ng-native.a(rpl-nbr-policy.)
                                         0x78 (size before relaxing)
 .eh_frame      0x000000000001a040      0x188 build/native/contiki-ng-native.a(rpl-mrhof.o)
                                        0x1a0 (size before relaxing)
 .eh_frame      0x000000000001a1c8       0x50 build/native/contiki-ng-native.a(int-master.o)
                                         0x68 (size before relaxing)
 .eh_frame      0x000000000001a218      0x130 build/native/contiki-ng-native.a(gpio-hal-arch.o)
                                        0x148 (size before relaxing)
 .eh_frame      0x000000000001a348       0x68 build/native/contiki-ng-native.a(ringbuf.o)
                                         0x80 (size before relaxing)
 .eh_frame      0x000000000001a3b0       0x60 /usr/lib/x86_64-linux-gnu/libc_nonshared.a(elf-init.oS)
                                         0x78 (size before relaxing)
 .eh_frame      0x000000000001a410       0x14 /usr/lib/x86_64-linux-gnu/libc_nonshared.a(atexit.oS)
                                         0x30 (size before relaxing)
 .eh_frame      0x000000000001a424        0x4 /usr/lib/gcc/x86_64-linux-gnu/9/crtendS.o
 *(.eh_frame.*)

.gcc_except_table
 *(.gcc_except_table .gcc_except_table.*)

.gnu_extab
 *(.gnu_extab*)

.exception_ranges
 *(.exception_ranges*)
                0x000000000001bab0                . = DATA_SEGMENT_ALIGN (CONSTANT (MAXPAGESIZE), CONSTANT (COMMONPAGESIZE))

.eh_frame
 *(.eh_frame)
 *(.eh_frame.*)

.gnu_extab
 *(.gnu_extab)

.gcc_except_table
 *(.gcc_except_table .gcc_except_table.*)

.exception_ranges
 *(.exception_ranges*)

.tdata          0x000000000001bab0        0x0
                [!provide]                        PROVIDE (__tdata_start = .)
 *(.tdata .tdata.* .gnu.linkonce.td.*)

.tbss
 *(.tbss .tbss.* .gnu.linkonce.tb.*)
 *(.tcommon)

.preinit_array  0x000000000001bab0        0x0
                [!provide]                        PROVIDE (__preinit_array_start = .)
 *(.preinit_array)
                [!provide]                        PROVIDE (__preinit_array_end = .)

.init_array     0x000000000001bab0        0x8
                0x000000000001bab0                PROVIDE (__init_array_start = .)
 *(SORT_BY_INIT_PRIORITY(.init_array.*) SORT_BY_INIT_PRIORITY(.ctors.*))
 *(.init_array EXCLUDE_FILE(*crtend?.o *crtend.o *crtbegin?.o *crtbegin.o) .ctors)
 .init_array    0x000000000001bab0        0x8 /usr/lib/gcc/x86_64-linux-gnu/9/crtbeginS.o
                0x000000000001bab8                PROVIDE (__init_array_end = .)

.fini_array     0x000000000001bab8        0x8
                [!provide]                        PROVIDE (__fini_array_start = .)
 *(SORT_BY_INIT_PRIORITY(.fini_array.*) SORT_BY_INIT_PRIORITY(.dtors.*))
 *(.fini_array EXCLUDE_FILE(*crtend?.o *crtend.o *crtbegin?.o *crtbegin.o) .dtors)
 .fini_array    0x000000000001bab8        0x8 /usr/lib/gcc/x86_64-linux-gnu/9/crtbeginS.o
                [!provide]                        PROVIDE (__fini_array_end = .)

.ctors
 *crtbegin.o(.ctors)
 *crtbegin?.o(.ctors)
 *(EXCLUDE_FILE(*crtend?.o *crtend.o) .ctors)
 *(SORT_BY_NAME(.ctors.*))
 *(.ctors)

.dtors
 *crtbegin.o(.dtors)
 *crtbegin?.o(.dtors)
 *(EXCLUDE_FILE(*crtend?.o *crtend.o) .dtors)
 *(SORT_BY_NAME(.dtors.*))
 *(.dtors)

.jcr
 *(.jcr)

.data.rel.ro    0x000000000001bac0      0x1e8
 *(.data.rel.ro.local* .gnu.linkonce.d.rel.ro.local.*)
 .data.rel.ro.local
                0x000000000001bac0       0x10 hello-world.o
                0x000000000001bac0                autostart_processes
 *fill*         0x000000000001bad0       0x10 
 .data.rel.ro.local
                0x000000000001bae0       0x38 build/native/contiki-ng-native.a(nullmac.o)
                0x000000000001bae0                nullmac_driver
 *fill*         0x000000000001bb18        0x8 
 .data.rel.ro.local
                0x000000000001bb20       0x10 build/native/contiki-ng-native.a(platform.o)
 *fill*         0x000000000001bb30       0x10 
 .data.rel.ro.local
                0x000000000001bb40       0x30 build/native/contiki-ng-native.a(tun6-net.o)
                0x000000000001bb40                tun6_net_driver
 *fill*         0x000000000001bb70       0x10 
 .data.rel.ro.local
                0x000000000001bb80       0x70 build/native/contiki-ng-native.a(nullradio.o)
                0x000000000001bb80                nullradio_driver
 *(.data.rel.ro .data.rel.ro.* .gnu.linkonce.d.rel.ro.*)
 .data.rel.ro   0x000000000001bbf0        0x0 /usr/lib/gcc/x86_64-linux-gnu/9/../../../x86_64-linux-gnu/Scrt1.o
 *fill*         0x000000000001bbf0       0x10 
 .data.rel.ro   0x000000000001bc00       0xa8 build/native/contiki-ng-native.a(rpl.o)
                0x000000000001bc00                rpl_lite_driver

.dynamic        0x000000000001bca8      0x1f0
 *(.dynamic)
 .dynamic       0x000000000001bca8      0x1f0 /usr/lib/gcc/x86_64-linux-gnu/9/../../../x86_64-linux-gnu/Scrt1.o
                0x000000000001bca8                _DYNAMIC

.got            0x000000000001be98      0x168
 *(.got.plt)
 .got.plt       0x000000000001be98      0x140 /usr/lib/gcc/x86_64-linux-gnu/9/../../../x86_64-linux-gnu/Scrt1.o
                0x000000000001be98                _GLOBAL_OFFSET_TABLE_
 *(.igot.plt)
 *(.got)
 .got           0x000000000001bfd8       0x28 /usr/lib/gcc/x86_64-linux-gnu/9/../../../x86_64-linux-gnu/Scrt1.o
 *(.igot)
                0x000000000001c000                . = DATA_SEGMENT_RELRO_END (., 0x0)

.data           0x000000000001c000      0x528
 *(.data .data.* .gnu.linkonce.d.*)
 .data          0x000000000001c000        0x4 /usr/lib/gcc/x86_64-linux-gnu/9/../../../x86_64-linux-gnu/Scrt1.o
                0x000000000001c000                data_start
                0x000000000001c000                __data_start
 .data          0x000000000001c004        0x0 /usr/lib/gcc/x86_64-linux-gnu/9/../../../x86_64-linux-gnu/crti.o
 .data          0x000000000001c004        0x0 /usr/lib/gcc/x86_64-linux-gnu/9/crtbeginS.o
 *fill*         0x000000000001c004        0x4 
 .data.rel.local
                0x000000000001c008        0x8 /usr/lib/gcc/x86_64-linux-gnu/9/crtbeginS.o
                0x000000000001c008                __dso_handle
 .data          0x000000000001c010        0x0 hello-world.o
 *fill*         0x000000000001c010       0x10 
 .data.rel.local
                0x000000000001c020       0x20 hello-world.o
                0x000000000001c020                helloworld
 .data          0x000000000001c040        0x0 build/native/obj/blinkled.o
 .data.rel.local
                0x000000000001c040       0x20 build/native/obj/blinkled.o
                0x000000000001c040                blinkled
 .data          0x000000000001c060        0x0 build/native/obj/sensors.o
 .data.rel.local
                0x000000000001c060       0x20 build/native/obj/sensors.o
                0x000000000001c060                sensors
 .data          0x000000000001c080        0x0 build/native/contiki-ng-native.a(contiki-main.o)
 .data          0x000000000001c080        0x0 build/native/contiki-ng-native.a(autostart.o)
 .data          0x000000000001c080        0x0 build/native/contiki-ng-native.a(energest.o)
 .data          0x000000000001c080        0x0 build/native/contiki-ng-native.a(etimer.o)
 .data.rel.local
                0x000000000001c080       0x20 build/native/contiki-ng-native.a(etimer.o)
                0x000000000001c080                etimer_process
 .data          0x000000000001c0a0        0x4 build/native/contiki-ng-native.a(log.o)
                0x000000000001c0a0                curr_log_level_main
 *fill*         0x000000000001c0a4       0x1c 
 .data.rel.local
                0x000000000001c0c0      0x138 build/native/contiki-ng-native.a(log.o)
                0x000000000001c0c0                all_modules
 .data          0x000000000001c1f8        0x0 build/native/contiki-ng-native.a(ctimer.o)
 *fill*         0x000000000001c1f8        0x8 
 .data.rel.local
                0x000000000001c200       0x20 build/native/contiki-ng-native.a(ctimer.o)
                0x000000000001c200                ctimer_process
 .data          0x000000000001c220        0x0 build/native/contiki-ng-native.a(rtimer.o)
 .data          0x000000000001c220        0x0 build/native/contiki-ng-native.a(node-id.o)
 .data          0x000000000001c220        0x0 build/native/contiki-ng-native.a(process.o)
 .data          0x000000000001c220        0x0 build/native/contiki-ng-native.a(timer.o)
 .data          0x000000000001c220        0x0 build/native/contiki-ng-native.a(list.o)
 .data          0x000000000001c220        0x0 build/native/contiki-ng-native.a(queuebuf.o)
 .data.rel.local
                0x000000000001c220       0x38 build/native/contiki-ng-native.a(queuebuf.o)
 .data          0x000000000001c258        0x0 build/native/contiki-ng-native.a(packetbuf.o)
 .data          0x000000000001c258        0x0 build/native/contiki-ng-native.a(netstack.o)
 .data          0x000000000001c258        0x0 build/native/contiki-ng-native.a(linkaddr.o)
 .data          0x000000000001c258        0x0 build/native/contiki-ng-native.a(nullmac.o)
 .data          0x000000000001c258        0x0 build/native/contiki-ng-native.a(uip-ds6.o)
 .data          0x000000000001c258        0x0 build/native/contiki-ng-native.a(uip-ds6-route.o)
 *fill*         0x000000000001c258        0x8 
 .data.rel.local
                0x000000000001c260       0x18 build/native/contiki-ng-native.a(uip-ds6-route.o)
 .data          0x000000000001c278        0x0 build/native/contiki-ng-native.a(uip-ds6-nbr.o)
 *fill*         0x000000000001c278        0x8 
 .data.rel.local
                0x000000000001c280       0x18 build/native/contiki-ng-native.a(uip-ds6-nbr.o)
 .data          0x000000000001c298        0x0 build/native/contiki-ng-native.a(tcpip.o)
 *fill*         0x000000000001c298        0x8 
 .data.rel.local
                0x000000000001c2a0       0x20 build/native/contiki-ng-native.a(tcpip.o)
                0x000000000001c2a0                tcpip_process
 .data          0x000000000001c2c0        0x0 build/native/contiki-ng-native.a(uip6.o)
 .data          0x000000000001c2c0        0x0 build/native/contiki-ng-native.a(uip-nd6.o)
 .data.rel.local
                0x000000000001c2c0       0x18 build/native/contiki-ng-native.a(uip-nd6.o)
 .data          0x000000000001c2d8        0x0 build/native/contiki-ng-native.a(uiplib.o)
 .data          0x000000000001c2d8        0x0 build/native/contiki-ng-native.a(rpl.o)
 .data          0x000000000001c2d8        0x0 build/native/contiki-ng-native.a(rpl-icmp6.o)
 *fill*         0x000000000001c2d8        0x8 
 .data.rel.local
                0x000000000001c2e0       0x78 build/native/contiki-ng-native.a(rpl-icmp6.o)
 .data          0x000000000001c358        0x0 build/native/contiki-ng-native.a(rpl-dag-root.o)
 .data          0x000000000001c358        0x0 build/native/contiki-ng-native.a(platform.o)
 .data          0x000000000001c358        0x0 build/native/contiki-ng-native.a(clock.o)
 *fill*         0x000000000001c358        0x8 
 .data          0x000000000001c360       0x21 build/native/contiki-ng-native.a(tun6-net.o)
 .data          0x000000000001c381        0x0 build/native/contiki-ng-native.a(rtimer-arch.o)
 .data          0x000000000001c381        0x0 build/native/contiki-ng-native.a(watchdog.o)
 .data          0x000000000001c381        0x0 build/native/contiki-ng-native.a(stimer.o)
 .data          0x000000000001c381        0x0 build/native/contiki-ng-native.a(memb.o)
 .data          0x000000000001c381        0x0 build/native/contiki-ng-native.a(random.o)
 .data          0x000000000001c381        0x0 build/native/contiki-ng-native.a(button-hal.o)
 *fill*         0x000000000001c381       0x1f 
 .data.rel.local
                0x000000000001c3a0       0x20 build/native/contiki-ng-native.a(button-hal.o)
                0x000000000001c3a0                button_hal_process
 .data          0x000000000001c3c0        0x0 build/native/contiki-ng-native.a(serial-line.o)
 .data.rel.local
                0x000000000001c3c0       0x20 build/native/contiki-ng-native.a(serial-line.o)
                0x000000000001c3c0                serial_line_process
 .data          0x000000000001c3e0        0x0 build/native/contiki-ng-native.a(leds.o)
 .data          0x000000000001c3e0        0x0 build/native/contiki-ng-native.a(nullradio.o)
 .data          0x000000000001c3e0        0x0 build/native/contiki-ng-native.a(gpio-hal.o)
 .data          0x000000000001c3e0        0x0 build/native/contiki-ng-native.a(nbr-table.o)
 .data.rel.local
                0x000000000001c3e0       0x18 build/native/contiki-ng-native.a(nbr-table.o)
 .data          0x000000000001c3f8        0x0 build/native/contiki-ng-native.a(link-stats.o)
 *fill*         0x000000000001c3f8        0x8 
 .data.rel.local
                0x000000000001c400       0x18 build/native/contiki-ng-native.a(link-stats.o)
 .data          0x000000000001c418        0x0 build/native/contiki-ng-native.a(uipbuf.o)
 .data          0x000000000001c418        0x0 build/native/contiki-ng-native.a(uip-icmp6.o)
 *fill*         0x000000000001c418        0x8 
 .data.rel.local
                0x000000000001c420       0x38 build/native/contiki-ng-native.a(uip-icmp6.o)
 .data          0x000000000001c458        0x0 build/native/contiki-ng-native.a(uip-sr.o)
 *fill*         0x000000000001c458        0x8 
 .data.rel.local
                0x000000000001c460       0x18 build/native/contiki-ng-native.a(uip-sr.o)
 .data          0x000000000001c478        0x0 build/native/contiki-ng-native.a(uip-packetqueue)
 *fill*         0x000000000001c478        0x8 
 .data.rel.local
                0x000000000001c480       0x18 build/native/contiki-ng-native.a(uip-packetqueue)
 .data          0x000000000001c498        0x0 build/native/contiki-ng-native.a(rpl-dag.o)
 .data          0x000000000001c498        0x0 build/native/contiki-ng-native.a(rpl-neighbor.o)
 *fill*         0x000000000001c498        0x8 
 .data.rel.local
                0x000000000001c4a0       0x28 build/native/contiki-ng-native.a(rpl-neighbor.o)
                0x000000000001c4a0                rpl_neighbors
 .data          0x000000000001c4c8        0x0 build/native/contiki-ng-native.a(rpl-timers.o)
 .data          0x000000000001c4c8        0x0 build/native/contiki-ng-native.a(rpl-ext-header.)
 .data          0x000000000001c4c8        0x0 build/native/contiki-ng-native.a(rpl-nbr-policy.)
 .data          0x000000000001c4c8        0x0 build/native/contiki-ng-native.a(rpl-mrhof.o)
 *fill*         0x000000000001c4c8       0x18 
 .data.rel.local
                0x000000000001c4e0       0x48 build/native/contiki-ng-native.a(rpl-mrhof.o)
                0x000000000001c4e0                rpl_mrhof
 .data          0x000000000001c528        0x0 build/native/contiki-ng-native.a(buttons.o)
 .data          0x000000000001c528        0x0 build/native/contiki-ng-native.a(int-master.o)
 .data          0x000000000001c528        0x0 build/native/contiki-ng-native.a(gpio-hal-arch.o)
 .data          0x000000000001c528        0x0 build/native/contiki-ng-native.a(ringbuf.o)
 .data          0x000000000001c528        0x0 /usr/lib/x86_64-linux-gnu/libc_nonshared.a(elf-init.oS)
 .data          0x000000000001c528        0x0 /usr/lib/x86_64-linux-gnu/libc_nonshared.a(atexit.oS)
 .data          0x000000000001c528        0x0 /usr/lib/gcc/x86_64-linux-gnu/9/crtendS.o
 .data          0x000000000001c528        0x0 /usr/lib/gcc/x86_64-linux-gnu/9/../../../x86_64-linux-gnu/crtn.o

.tm_clone_table
                0x000000000001c528        0x0
 .tm_clone_table
                0x000000000001c528        0x0 /usr/lib/gcc/x86_64-linux-gnu/9/crtbeginS.o
 .tm_clone_table
                0x000000000001c528        0x0 /usr/lib/gcc/x86_64-linux-gnu/9/crtendS.o

.data1
 *(.data1)
                0x000000000001c528                _edata = .
                [!provide]                        PROVIDE (edata = .)
                0x000000000001c528                . = .
                0x000000000001c528                __bss_start = .

.bss            0x000000000001c540     0xdfa0
 *(.dynbss)
 .dynbss        0x000000000001c540       0x28 /usr/lib/gcc/x86_64-linux-gnu/9/../../../x86_64-linux-gnu/Scrt1.o
                0x000000000001c540                stdout@@GLIBC_2.2.5
                0x000000000001c560                stderr@@GLIBC_2.2.5
 *(.bss .bss.* .gnu.linkonce.b.*)
 .bss           0x000000000001c568        0x0 /usr/lib/gcc/x86_64-linux-gnu/9/../../../x86_64-linux-gnu/Scrt1.o
 .bss           0x000000000001c568        0x0 /usr/lib/gcc/x86_64-linux-gnu/9/../../../x86_64-linux-gnu/crti.o
 .bss           0x000000000001c568        0x1 /usr/lib/gcc/x86_64-linux-gnu/9/crtbeginS.o
 *fill*         0x000000000001c569       0x17 
 .bss           0x000000000001c580       0x40 hello-world.o
 .bss           0x000000000001c5c0        0x0 build/native/obj/blinkled.o
 .bss           0x000000000001c5c0       0x28 build/native/obj/sensors.o
 .bss           0x000000000001c5e8        0x0 build/native/contiki-ng-native.a(contiki-main.o)
 .bss           0x000000000001c5e8        0x0 build/native/contiki-ng-native.a(autostart.o)
 .bss           0x000000000001c5e8        0x0 build/native/contiki-ng-native.a(energest.o)
 .bss           0x000000000001c5e8       0x10 build/native/contiki-ng-native.a(etimer.o)
 .bss           0x000000000001c5f8       0x2c build/native/contiki-ng-native.a(log.o)
                0x000000000001c5f8                curr_log_level_lwm2m
                0x000000000001c5fc                curr_log_level_snmp
                0x000000000001c600                curr_log_level_coap
                0x000000000001c604                curr_log_level_6top
                0x000000000001c608                curr_log_level_framer
                0x000000000001c60c                curr_log_level_mac
                0x000000000001c610                curr_log_level_nullnet
                0x000000000001c614                curr_log_level_6lowpan
                0x000000000001c618                curr_log_level_ipv6
                0x000000000001c61c                curr_log_level_tcpip
                0x000000000001c620                curr_log_level_rpl
 *fill*         0x000000000001c624        0x4 
 .bss           0x000000000001c628       0x10 build/native/contiki-ng-native.a(ctimer.o)
 .bss           0x000000000001c638        0x8 build/native/contiki-ng-native.a(rtimer.o)
 .bss           0x000000000001c640        0x2 build/native/contiki-ng-native.a(node-id.o)
                0x000000000001c640                node_id
 *fill*         0x000000000001c642       0x1e 
 .bss           0x000000000001c660      0x323 build/native/contiki-ng-native.a(process.o)
                0x000000000001c660                process_current
                0x000000000001c668                process_list
 .bss           0x000000000001c983        0x0 build/native/contiki-ng-native.a(timer.o)
 .bss           0x000000000001c983        0x0 build/native/contiki-ng-native.a(list.o)
 *fill*         0x000000000001c983       0x1d 
 .bss           0x000000000001c9a0     0x2d80 build/native/contiki-ng-native.a(queuebuf.o)
 .bss           0x000000000001f720       0x86 build/native/contiki-ng-native.a(packetbuf.o)
 *fill*         0x000000000001f7a6        0x2 
 .bss           0x000000000001f7a8        0x8 build/native/contiki-ng-native.a(netstack.o)
 .bss           0x000000000001f7b0        0x0 build/native/contiki-ng-native.a(linkaddr.o)
 .bss           0x000000000001f7b0        0x0 build/native/contiki-ng-native.a(nullmac.o)
 .bss           0x000000000001f7b0       0x40 build/native/contiki-ng-native.a(uip-ds6.o)
 *fill*         0x000000000001f7f0       0x10 
 .bss           0x000000000001f800       0x70 build/native/contiki-ng-native.a(uip-ds6-route.o)
 *fill*         0x000000000001f870       0x10 
 .bss           0x000000000001f880     0x2580 build/native/contiki-ng-native.a(uip-ds6-nbr.o)
 .bss           0x0000000000021e00       0x20 build/native/contiki-ng-native.a(tcpip.o)
 .bss           0x0000000000021e20        0x8 build/native/contiki-ng-native.a(uip6.o)
                0x0000000000021e20                uip_last_proto
                0x0000000000021e22                uip_ext_len
                0x0000000000021e24                uip_ext_bitmap
 .bss           0x0000000000021e28       0x1a build/native/contiki-ng-native.a(uip-nd6.o)
 .bss           0x0000000000021e42        0x0 build/native/contiki-ng-native.a(uiplib.o)
 .bss           0x0000000000021e42        0x1 build/native/contiki-ng-native.a(rpl.o)
 .bss           0x0000000000021e43        0x0 build/native/contiki-ng-native.a(rpl-icmp6.o)
 *fill*         0x0000000000021e43        0xd 
 .bss           0x0000000000021e50       0x11 build/native/contiki-ng-native.a(rpl-dag-root.o)
 *fill*         0x0000000000021e61       0x1f 
 .bss           0x0000000000021e80       0x60 build/native/contiki-ng-native.a(platform.o)
                0x0000000000021e80                contiki_argc
 .bss           0x0000000000021ee0        0x0 build/native/contiki-ng-native.a(clock.o)
 .bss           0x0000000000021ee0        0x0 build/native/contiki-ng-native.a(tun6-net.o)
 .bss           0x0000000000021ee0        0x0 build/native/contiki-ng-native.a(rtimer-arch.o)
 .bss           0x0000000000021ee0        0x0 build/native/contiki-ng-native.a(watchdog.o)
 .bss           0x0000000000021ee0        0x0 build/native/contiki-ng-native.a(stimer.o)
 .bss           0x0000000000021ee0        0x0 build/native/contiki-ng-native.a(memb.o)
 .bss           0x0000000000021ee0        0x0 build/native/contiki-ng-native.a(random.o)
 .bss           0x0000000000021ee0       0x1c build/native/contiki-ng-native.a(button-hal.o)
 *fill*         0x0000000000021efc        0x4 
 .bss           0x0000000000021f00      0x150 build/native/contiki-ng-native.a(serial-line.o)
 .bss           0x0000000000022050        0x0 build/native/contiki-ng-native.a(leds.o)
 .bss           0x0000000000022050        0x0 build/native/contiki-ng-native.a(nullradio.o)
 .bss           0x0000000000022050        0x8 build/native/contiki-ng-native.a(gpio-hal.o)
 *fill*         0x0000000000022058        0x8 
 .bss           0x0000000000022060     0x16cc build/native/contiki-ng-native.a(nbr-table.o)
 *fill*         0x000000000002372c       0x14 
 .bss           0x0000000000023740     0x12c0 build/native/contiki-ng-native.a(link-stats.o)
 .bss           0x0000000000024a00       0x1c build/native/contiki-ng-native.a(uipbuf.o)
 *fill*         0x0000000000024a1c        0x4 
 .bss           0x0000000000024a20       0x20 build/native/contiki-ng-native.a(uip-icmp6.o)
 .bss           0x0000000000024a40     0x301c build/native/contiki-ng-native.a(uip-sr.o)
 *fill*         0x0000000000027a5c        0x4 
 .bss           0x0000000000027a60      0xab2 build/native/contiki-ng-native.a(uip-packetqueue)
 .bss           0x0000000000028512        0x0 build/native/contiki-ng-native.a(rpl-dag.o)
 *fill*         0x0000000000028512        0xe 
 .bss           0x0000000000028520     0x12c0 build/native/contiki-ng-native.a(rpl-neighbor.o)
 .bss           0x00000000000297e0       0x80 build/native/contiki-ng-native.a(rpl-timers.o)
 .bss           0x0000000000029860        0x0 build/native/contiki-ng-native.a(rpl-ext-header.)
 .bss           0x0000000000029860       0x14 build/native/contiki-ng-native.a(rpl-nbr-policy.)
 .bss           0x0000000000029874        0x0 build/native/contiki-ng-native.a(rpl-mrhof.o)
 *fill*         0x0000000000029874        0x4 
 .bss           0x0000000000029878        0x8 build/native/contiki-ng-native.a(buttons.o)
                0x0000000000029878                button_hal_buttons
 .bss           0x0000000000029880        0x4 build/native/contiki-ng-native.a(int-master.o)
 *fill*         0x0000000000029884       0x1c 
 .bss           0x00000000000298a0       0xa0 build/native/contiki-ng-native.a(gpio-hal-arch.o)
 .bss           0x0000000000029940        0x0 build/native/contiki-ng-native.a(ringbuf.o)
 .bss           0x0000000000029940        0x0 /usr/lib/x86_64-linux-gnu/libc_nonshared.a(elf-init.oS)
 .bss           0x0000000000029940        0x0 /usr/lib/x86_64-linux-gnu/libc_nonshared.a(atexit.oS)
 .bss           0x0000000000029940        0x0 /usr/lib/gcc/x86_64-linux-gnu/9/crtendS.o
 .bss           0x0000000000029940        0x0 /usr/lib/gcc/x86_64-linux-gnu/9/../../../x86_64-linux-gnu/crtn.o
 *(COMMON)
 COMMON         0x0000000000029940       0x30 build/native/contiki-ng-native.a(packetbuf.o)
                0x0000000000029940                packetbuf_attrs
                0x0000000000029960                packetbuf_addrs
 COMMON         0x0000000000029970        0x8 build/native/contiki-ng-native.a(linkaddr.o)
                0x0000000000029970                linkaddr_node_addr
 *fill*         0x0000000000029978        0x8 
 COMMON         0x0000000000029980      0x1f1 build/native/contiki-ng-native.a(uip-ds6.o)
                0x0000000000029980                uip_ds6_prefix_list
                0x00000000000299e0                uip_ds6_timer_periodic
                0x0000000000029a00                uip_ds6_netif_addr_list_offset
                0x0000000000029a20                uip_ds6_if
                0x0000000000029b60                uip_ds6_timer_ra
                0x0000000000029b70                uip_ds6_addr_size
 COMMON         0x0000000000029b71        0x1 build/native/contiki-ng-native.a(tcpip.o)
                0x0000000000029b71                tcpip_event
 *fill*         0x0000000000029b72        0xe 
 COMMON         0x0000000000029b80      0x690 build/native/contiki-ng-native.a(uip6.o)
                0x0000000000029b80                uip_slen
                0x0000000000029b88                uip_lladdr
                0x0000000000029b90                uip_appdata
                0x0000000000029b98                uip_flags
                0x0000000000029ba0                uip_aligned_buf
                0x000000000002a0a0                uip_len
                0x000000000002a0a8                uip_sappdata
                0x000000000002a0c0                uip_udp_conns
                0x000000000002a200                uip_udp_conn
                0x000000000002a208                uip_conn
 COMMON         0x000000000002a210       0x10 build/native/contiki-ng-native.a(rpl.o)
                0x000000000002a210                rpl_multicast_addr
 COMMON         0x000000000002a220        0x8 build/native/contiki-ng-native.a(platform.o)
                0x000000000002a220                contiki_argv
 COMMON         0x000000000002a228        0x3 build/native/contiki-ng-native.a(button-hal.o)
                0x000000000002a228                button_hal_periodic_event
                0x000000000002a229                button_hal_press_event
                0x000000000002a22a                button_hal_release_event
 COMMON         0x000000000002a22b        0x1 build/native/contiki-ng-native.a(serial-line.o)
                0x000000000002a22b                serial_line_event_message
 *fill*         0x000000000002a22c       0x14 
 COMMON         0x000000000002a240       0x40 build/native/contiki-ng-native.a(link-stats.o)
                0x000000000002a240                periodic_timer
 COMMON         0x000000000002a280      0x260 build/native/contiki-ng-native.a(rpl-dag.o)
                0x000000000002a280                curr_instance
                0x000000000002a4e0                . = ALIGN ((. != 0x0)?0x8:0x1)

.lbss
 *(.dynlbss)
 *(.lbss .lbss.* .gnu.linkonce.lb.*)
 *(LARGE_COMMON)
                0x000000000002a4e0                . = ALIGN (0x8)
                0x000000000002a4e0                . = SEGMENT_START ("ldata-segment", .)

.lrodata
 *(.lrodata .lrodata.* .gnu.linkonce.lr.*)

.ldata          0x000000000002c4e0        0x0
 *(.ldata .ldata.* .gnu.linkonce.l.*)
                0x000000000002c4e0                . = ALIGN ((. != 0x0)?0x8:0x1)
                0x000000000002c4e0                . = ALIGN (0x8)
                0x000000000002a4e0                _end = .
                [!provide]                        PROVIDE (end = .)
                0x000000000002c4e0                . = DATA_SEGMENT_END (.)

.stab
 *(.stab)

.stabstr
 *(.stabstr)

.stab.excl
 *(.stab.excl)

.stab.exclstr
 *(.stab.exclstr)

.stab.index
 *(.stab.index)

.stab.indexstr
 *(.stab.indexstr)

.comment        0x0000000000000000       0x2a
 *(.comment)
 .comment       0x0000000000000000       0x2a /usr/lib/gcc/x86_64-linux-gnu/9/crtbeginS.o
                                         0x2b (size before relaxing)
 .comment       0x000000000000002a       0x2b hello-world.o
 .comment       0x000000000000002a       0x2b build/native/obj/blinkled.o
 .comment       0x000000000000002a       0x2b build/native/obj/sensors.o
 .comment       0x000000000000002a       0x2b build/native/contiki-ng-native.a(contiki-main.o)
 .comment       0x000000000000002a       0x2b build/native/contiki-ng-native.a(autostart.o)
 .comment       0x000000000000002a       0x2b build/native/contiki-ng-native.a(energest.o)
 .comment       0x000000000000002a       0x2b build/native/contiki-ng-native.a(etimer.o)
 .comment       0x000000000000002a       0x2b build/native/contiki-ng-native.a(log.o)
 .comment       0x000000000000002a       0x2b build/native/contiki-ng-native.a(ctimer.o)
 .comment       0x000000000000002a       0x2b build/native/contiki-ng-native.a(rtimer.o)
 .comment       0x000000000000002a       0x2b build/native/contiki-ng-native.a(node-id.o)
 .comment       0x000000000000002a       0x2b build/native/contiki-ng-native.a(process.o)
 .comment       0x000000000000002a       0x2b build/native/contiki-ng-native.a(timer.o)
 .comment       0x000000000000002a       0x2b build/native/contiki-ng-native.a(list.o)
 .comment       0x000000000000002a       0x2b build/native/contiki-ng-native.a(queuebuf.o)
 .comment       0x000000000000002a       0x2b build/native/contiki-ng-native.a(packetbuf.o)
 .comment       0x000000000000002a       0x2b build/native/contiki-ng-native.a(netstack.o)
 .comment       0x000000000000002a       0x2b build/native/contiki-ng-native.a(linkaddr.o)
 .comment       0x000000000000002a       0x2b build/native/contiki-ng-native.a(nullmac.o)
 .comment       0x000000000000002a       0x2b build/native/contiki-ng-native.a(uip-ds6.o)
 .comment       0x000000000000002a       0x2b build/native/contiki-ng-native.a(uip-ds6-route.o)
 .comment       0x000000000000002a       0x2b build/native/contiki-ng-native.a(uip-ds6-nbr.o)
 .comment       0x000000000000002a       0x2b build/native/contiki-ng-native.a(tcpip.o)
 .comment       0x000000000000002a       0x2b build/native/contiki-ng-native.a(uip6.o)
 .comment       0x000000000000002a       0x2b build/native/contiki-ng-native.a(uip-nd6.o)
 .comment       0x000000000000002a       0x2b build/native/contiki-ng-native.a(uiplib.o)
 .comment       0x000000000000002a       0x2b build/native/contiki-ng-native.a(rpl.o)
 .comment       0x000000000000002a       0x2b build/native/contiki-ng-native.a(rpl-icmp6.o)
 .comment       0x000000000000002a       0x2b build/native/contiki-ng-native.a(rpl-dag-root.o)
 .comment       0x000000000000002a       0x2b build/native/contiki-ng-native.a(platform.o)
 .comment       0x000000000000002a       0x2b build/native/contiki-ng-native.a(clock.o)
 .comment       0x000000000000002a       0x2b build/native/contiki-ng-native.a(tun6-net.o)
 .comment       0x000000000000002a       0x2b build/native/contiki-ng-native.a(rtimer-arch.o)
 .comment       0x000000000000002a       0x2b build/native/contiki-ng-native.a(watchdog.o)
 .comment       0x000000000000002a       0x2b build/native/contiki-ng-native.a(stimer.o)
 .comment       0x000000000000002a       0x2b build/native/contiki-ng-native.a(memb.o)
 .comment       0x000000000000002a       0x2b build/native/contiki-ng-native.a(random.o)
 .comment       0x000000000000002a       0x2b build/native/contiki-ng-native.a(button-hal.o)
 .comment       0x000000000000002a       0x2b build/native/contiki-ng-native.a(serial-line.o)
 .comment       0x000000000000002a       0x2b build/native/contiki-ng-native.a(leds.o)
 .comment       0x000000000000002a       0x2b build/native/contiki-ng-native.a(nullradio.o)
 .comment       0x000000000000002a       0x2b build/native/contiki-ng-native.a(gpio-hal.o)
 .comment       0x000000000000002a       0x2b build/native/contiki-ng-native.a(nbr-table.o)
 .comment       0x000000000000002a       0x2b build/native/contiki-ng-native.a(link-stats.o)
 .comment       0x000000000000002a       0x2b build/native/contiki-ng-native.a(uipbuf.o)
 .comment       0x000000000000002a       0x2b build/native/contiki-ng-native.a(uip-icmp6.o)
 .comment       0x000000000000002a       0x2b build/native/contiki-ng-native.a(uip-sr.o)
 .comment       0x000000000000002a       0x2b build/native/contiki-ng-native.a(uip-packetqueue)
 .comment       0x000000000000002a       0x2b build/native/contiki-ng-native.a(rpl-dag.o)
 .comment       0x000000000000002a       0x2b build/native/contiki-ng-native.a(rpl-neighbor.o)
 .comment       0x000000000000002a       0x2b build/native/contiki-ng-native.a(rpl-timers.o)
 .comment       0x000000000000002a       0x2b build/native/contiki-ng-native.a(rpl-ext-header.)
 .comment       0x000000000000002a       0x2b build/native/contiki-ng-native.a(rpl-nbr-policy.)
 .comment       0x000000000000002a       0x2b build/native/contiki-ng-native.a(rpl-mrhof.o)
 .comment       0x000000000000002a       0x2b build/native/contiki-ng-native.a(buttons.o)
 .comment       0x000000000000002a       0x2b build/native/contiki-ng-native.a(int-master.o)
 .comment       0x000000000000002a       0x2b build/native/contiki-ng-native.a(gpio-hal-arch.o)
 .comment       0x000000000000002a       0x2b build/native/contiki-ng-native.a(ringbuf.o)
 .comment       0x000000000000002a       0x2b /usr/lib/gcc/x86_64-linux-gnu/9/crtendS.o

.gnu.build.attributes
 *(.gnu.build.attributes .gnu.build.attributes.*)

.debug
 *(.debug)

.line
 *(.line)

.debug_srcinfo
 *(.debug_srcinfo)

.debug_sfnames
 *(.debug_sfnames)

.debug_aranges  0x0000000000000000      0xad0
 *(.debug_aranges)
 .debug_aranges
                0x0000000000000000       0x30 hello-world.o
 .debug_aranges