Archive member included to satisfy reference by file (symbol)

build/native/contiki-ng-native.a(contiki-main.o)
                              /usr/lib/gcc/x86_64-linux-gnu/9/../../../x86_64-linux-gnu/Scrt1.o (main)
build/native/contiki-ng-native.a(autostart.o)
                              build/native/contiki-ng-native.a(contiki-main.o) (autostart_start)
build/native/contiki-ng-native.a(energest.o)
                              build/native/contiki-ng-native.a(contiki-main.o) (energest_init)
build/native/contiki-ng-native.a(etimer.o)
                              build/native/contiki-ng-native.a(contiki-main.o) (etimer_process)
build/native/contiki-ng-native.a(log.o)
                              build/native/contiki-ng-native.a(contiki-main.o) (log_6addr)
build/native/contiki-ng-native.a(ctimer.o)
                              build/native/contiki-ng-native.a(contiki-main.o) (ctimer_init)
build/native/contiki-ng-native.a(rtimer.o)
                              build/native/contiki-ng-native.a(contiki-main.o) (rtimer_init)
build/native/contiki-ng-native.a(node-id.o)
                              build/native/contiki-ng-native.a(contiki-main.o) (node_id_init)
build/native/contiki-ng-native.a(process.o)
                              build/native/contiki-ng-native.a(etimer.o) (process_current)
build/native/contiki-ng-native.a(timer.o)
                              build/native/contiki-ng-native.a(etimer.o) (timer_set)
build/native/contiki-ng-native.a(list.o)
                              build/native/contiki-ng-native.a(ctimer.o) (list_init)
build/native/contiki-ng-native.a(queuebuf.o)
                              build/native/contiki-ng-native.a(contiki-main.o) (queuebuf_init)
build/native/contiki-ng-native.a(packetbuf.o)
                              build/native/contiki-ng-native.a(queuebuf.o) (packetbuf_copyto)
build/native/contiki-ng-native.a(netstack.o)
                              build/native/contiki-ng-native.a(contiki-main.o) (netstack_init)
build/native/contiki-ng-native.a(linkaddr.o)
                              build/native/contiki-ng-native.a(packetbuf.o) (linkaddr_copy)
build/native/contiki-ng-native.a(nullmac.o)
                              build/native/contiki-ng-native.a(contiki-main.o) (nullmac_driver)
build/native/contiki-ng-native.a(uip-ds6.o)
                              build/native/contiki-ng-native.a(contiki-main.o) (uip_ds6_get_link_local)
build/native/contiki-ng-native.a(uip-ds6-route.o)
                              build/native/contiki-ng-native.a(uip-ds6.o) (uip_ds6_route_init)
build/native/contiki-ng-native.a(uip-ds6-nbr.o)
                              build/native/contiki-ng-native.a(uip-ds6.o) (uip_ds6_neighbors_init)
build/native/contiki-ng-native.a(tcpip.o)
                              build/native/contiki-ng-native.a(contiki-main.o) (tcpip_process)
build/native/contiki-ng-native.a(uip6.o)
                              build/native/contiki-ng-native.a(tcpip.o) (uip_aligned_buf)
build/native/contiki-ng-native.a(uip-nd6.o)
                              build/native/contiki-ng-native.a(uip6.o) (uip_nd6_init)
build/native/contiki-ng-native.a(uiplib.o)
                              build/native/contiki-ng-native.a(log.o) (uiplib_ipaddr_snprint)
build/native/contiki-ng-native.a(rpl.o)
                              build/native/contiki-ng-native.a(contiki-main.o) (rpl_lite_driver)
build/native/contiki-ng-native.a(rpl-icmp6.o)
                              build/native/contiki-ng-native.a(rpl.o) (rpl_icmp6_init)
build/native/contiki-ng-native.a(rpl-dag-root.o)
                              build/native/contiki-ng-native.a(rpl.o) (rpl_dag_root_set_prefix)
build/native/contiki-ng-native.a(platform.o)
                              build/native/contiki-ng-native.a(contiki-main.o) (platform_process_args)
build/native/contiki-ng-native.a(clock.o)
                              build/native/contiki-ng-native.a(etimer.o) (clock_time)
build/native/contiki-ng-native.a(tun6-net.o)
                              build/native/contiki-ng-native.a(contiki-main.o) (tun6_net_driver)
build/native/contiki-ng-native.a(rtimer-arch.o)
                              build/native/contiki-ng-native.a(rtimer.o) (rtimer_arch_init)
build/native/contiki-ng-native.a(watchdog.o)
                              build/native/contiki-ng-native.a(contiki-main.o) (watchdog_init)
build/native/contiki-ng-native.a(stimer.o)
                              build/native/contiki-ng-native.a(uip-ds6.o) (stimer_set)
build/native/contiki-ng-native.a(memb.o)
                              build/native/contiki-ng-native.a(queuebuf.o) (memb_init)
build/native/contiki-ng-native.a(random.o)
                              build/native/contiki-ng-native.a(uip-ds6.o) (random_rand)
build/native/contiki-ng-native.a(button-hal.o)
                              build/native/contiki-ng-native.a(platform.o) (button_hal_init)
build/native/contiki-ng-native.a(serial-line.o)
[...]
Memory Configuration

Name             Origin             Length             Attributes
*default*        0x0000000000000000 0xffffffffffffffff

Linker script and memory map

LOAD /usr/lib/gcc/x86_64-linux-gnu/9/../../../x86_64-linux-gnu/Scrt1.o
LOAD /usr/lib/gcc/x86_64-linux-gnu/9/../../../x86_64-linux-gnu/crti.o
LOAD /usr/lib/gcc/x86_64-linux-gnu/9/crtbeginS.o
LOAD final.o
LOAD build/native/contiki-ng-native.a
LOAD /usr/lib/gcc/x86_64-linux-gnu/9/../../../x86_64-linux-gnu/librt.so
LOAD /usr/lib/gcc/x86_64-linux-gnu/9/libgcc.a
LOAD /usr/lib/gcc/x86_64-linux-gnu/9/libgcc_s.so
START GROUP
LOAD /usr/lib/gcc/x86_64-linux-gnu/9/../../../x86_64-linux-gnu/libgcc_s.so.1
LOAD /usr/lib/gcc/x86_64-linux-gnu/9/libgcc.a
END GROUP
LOAD /usr/lib/gcc/x86_64-linux-gnu/9/../../../x86_64-linux-gnu/libc.so
START GROUP
LOAD /lib/x86_64-linux-gnu/libc.so.6
LOAD /usr/lib/x86_64-linux-gnu/libc_nonshared.a
LOAD /lib/x86_64-linux-gnu/ld-linux-x86-64.so.2
END GROUP
LOAD /usr/lib/gcc/x86_64-linux-gnu/9/libgcc.a
LOAD /usr/lib/gcc/x86_64-linux-gnu/9/libgcc_s.so
START GROUP
LOAD /usr/lib/gcc/x86_64-linux-gnu/9/../../../x86_64-linux-gnu/libgcc_s.so.1
LOAD /usr/lib/gcc/x86_64-linux-gnu/9/libgcc.a
END GROUP
LOAD /usr/lib/gcc/x86_64-linux-gnu/9/crtendS.o
LOAD /usr/lib/gcc/x86_64-linux-gnu/9/../../../x86_64-linux-gnu/crtn.o
                [!provide]                        PROVIDE (__executable_start = SEGMENT_START ("text-segment", 0x0))
                0x0000000000000318                . = (SEGMENT_START ("text-segment", 0x0) + SIZEOF_HEADERS)

.interp         0x0000000000000318       0x1c
 *(.interp)
 .interp        0x0000000000000318       0x1c /usr/lib/gcc/x86_64-linux-gnu/9/../../../x86_64-linux-gnu/Scrt1.o

.note.gnu.property
                0x0000000000000338       0x20
 .note.gnu.property
                0x0000000000000338       0x20 /usr/lib/gcc/x86_64-linux-gnu/9/../../../x86_64-linux-gnu/Scrt1.o

.note.gnu.build-id
                0x0000000000000358       0x24
 *(.note.gnu.build-id)
 .note.gnu.build-id
                0x0000000000000358       0x24 /usr/lib/gcc/x86_64-linux-gnu/9/../../../x86_64-linux-gnu/Scrt1.o

.note.ABI-tag   0x000000000000037c       0x20
 .note.ABI-tag  0x000000000000037c       0x20 /usr/lib/gcc/x86_64-linux-gnu/9/../../../x86_64-linux-gnu/Scrt1.o

.hash
 *(.hash)

.gnu.hash       0x00000000000003a0      0xda4
 *(.gnu.hash)
 .gnu.hash      0x00000000000003a0      0xda4 /usr/lib/gcc/x86_64-linux-gnu/9/../../../x86_64-linux-gnu/Scrt1.o

.dynsym         0x0000000000001148     0x30d8
 *(.dynsym)
 .dynsym        0x0000000000001148     0x30d8 /usr/lib/gcc/x86_64-linux-gnu/9/../../../x86_64-linux-gnu/Scrt1.o

.dynstr         0x0000000000004220     0x24a9
 *(.dynstr)
 .dynstr        0x0000000000004220     0x24a9 /usr/lib/gcc/x86_64-linux-gnu/9/../../../x86_64-linux-gnu/Scrt1.o

.gnu.version    0x00000000000066ca      0x412
 *(.gnu.version)
 .gnu.version   0x00000000000066ca      0x412 /usr/lib/gcc/x86_64-linux-gnu/9/../../../x86_64-linux-gnu/Scrt1.o

.gnu.version_d  0x0000000000006ae0        0x0
 *(.gnu.version_d)
 .gnu.version_d
                0x0000000000006ae0        0x0 /usr/lib/gcc/x86_64-linux-gnu/9/../../../x86_64-linux-gnu/Scrt1.o

.gnu.version_r  0x0000000000006ae0       0x80
 *(.gnu.version_r)
 .gnu.version_r
                0x0000000000006ae0       0x80 /usr/lib/gcc/x86_64-linux-gnu/9/../../../x86_64-linux-gnu/Scrt1.o

.rela.dyn       0x0000000000006b60      0xc90
 *(.rela.init)
 *(.rela.text .rela.text.* .rela.gnu.linkonce.t.*)
 .rela.text     0x0000000000006b60        0x0 /usr/lib/gcc/x86_64-linux-gnu/9/../../../x86_64-linux-gnu/Scrt1.o
 .rela.text.startup
                0x0000000000006b60        0x0 /usr/lib/gcc/x86_64-linux-gnu/9/../../../x86_64-linux-gnu/Scrt1.o
 *(.rela.fini)
 *(.rela.rodata .rela.rodata.* .rela.gnu.linkonce.r.*)
 *(.rela.data .rela.data.* .rela.gnu.linkonce.d.*)
 .rela.data.rel.ro
                0x0000000000006b60      0x1f8 /usr/lib/gcc/x86_64-linux-gnu/9/../../../x86_64-linux-gnu/Scrt1.o
 .rela.data.rel.local
                0x0000000000006d58      0x6c0 /usr/lib/gcc/x86_64-linux-gnu/9/../../../x86_64-linux-gnu/Scrt1.o
 .rela.data.rel.ro.local
                0x0000000000007418      0x300 /usr/lib/gcc/x86_64-linux-gnu/9/../../../x86_64-linux-gnu/Scrt1.o
 *(.rela.tdata .rela.tdata.* .rela.gnu.linkonce.td.*)
 *(.rela.tbss .rela.tbss.* .rela.gnu.linkonce.tb.*)
 *(.rela.ctors)
 *(.rela.dtors)
 *(.rela.got)
 .rela.got      0x0000000000007718       0x78 /usr/lib/gcc/x86_64-linux-gnu/9/../../../x86_64-linux-gnu/Scrt1.o
 *(.rela.bss .rela.bss.* .rela.gnu.linkonce.b.*)
 .rela.bss      0x0000000000007790       0x30 /usr/lib/gcc/x86_64-linux-gnu/9/../../../x86_64-linux-gnu/Scrt1.o
 *(.rela.ldata .rela.ldata.* .rela.gnu.linkonce.l.*)
 *(.rela.lbss .rela.lbss.* .rela.gnu.linkonce.lb.*)
 *(.rela.lrodata .rela.lrodata.* .rela.gnu.linkonce.lr.*)
 *(.rela.ifunc)
 .rela.ifunc    0x00000000000077c0        0x0 /usr/lib/gcc/x86_64-linux-gnu/9/../../../x86_64-linux-gnu/Scrt1.o
 .rela.fini_array
                0x00000000000077c0       0x18 /usr/lib/gcc/x86_64-linux-gnu/9/../../../x86_64-linux-gnu/Scrt1.o
 .rela.init_array
                0x00000000000077d8       0x18 /usr/lib/gcc/x86_64-linux-gnu/9/../../../x86_64-linux-gnu/Scrt1.o

.rela.plt       0x00000000000077f0      0x390
 *(.rela.plt)
 .rela.plt      0x00000000000077f0      0x390 /usr/lib/gcc/x86_64-linux-gnu/9/../../../x86_64-linux-gnu/Scrt1.o
 *(.rela.iplt)
                0x0000000000008000                . = ALIGN (CONSTANT (MAXPAGESIZE))

.init           0x0000000000008000       0x1b
 *(SORT_NONE(.init))
 .init          0x0000000000008000       0x16 /usr/lib/gcc/x86_64-linux-gnu/9/../../../x86_64-linux-gnu/crti.o
                0x0000000000008000                _init
 .init          0x0000000000008016        0x5 /usr/lib/gcc/x86_64-linux-gnu/9/../../../x86_64-linux-gnu/crtn.o

.plt            0x0000000000008020      0x270
 *(.plt)
 .plt           0x0000000000008020      0x270 /usr/lib/gcc/x86_64-linux-gnu/9/../../../x86_64-linux-gnu/Scrt1.o
 *(.iplt)

.plt.got        0x0000000000008290       0x10
 *(.plt.got)
 .plt.got       0x0000000000008290       0x10 /usr/lib/gcc/x86_64-linux-gnu/9/../../../x86_64-linux-gnu/Scrt1.o
                0x0000000000008290                __cxa_finalize@@GLIBC_2.2.5

.plt.sec        0x00000000000082a0      0x260
 *(.plt.sec)
 .plt.sec       0x00000000000082a0      0x260 /usr/lib/gcc/x86_64-linux-gnu/9/../../../x86_64-linux-gnu/Scrt1.o
                0x00000000000082a0                __snprintf_chk@@GLIBC_2.3.4
                0x00000000000082b0                putchar@@GLIBC_2.2.5
                0x00000000000082c0                __errno_location@@GLIBC_2.2.5
                0x00000000000082d0                strncpy@@GLIBC_2.2.5
                0x00000000000082e0                puts@@GLIBC_2.2.5
                0x00000000000082f0                clock_gettime@@GLIBC_2.17
                0x0000000000008300                write@@GLIBC_2.2.5
                0x0000000000008310                __stack_chk_fail@@GLIBC_2.4
                0x0000000000008320                system@@GLIBC_2.2.5
                0x0000000000008330                __fdelt_chk@@GLIBC_2.15
                0x0000000000008340                snprintf@@GLIBC_2.2.5
                0x0000000000008350                fputs@@GLIBC_2.2.5
                0x0000000000008360                memset@@GLIBC_2.2.5
                0x0000000000008370                ioctl@@GLIBC_2.2.5
                0x0000000000008380                close@@GLIBC_2.2.5
                0x0000000000008390                read@@GLIBC_2.2.5
                0x00000000000083a0                srand@@GLIBC_2.2.5
                0x00000000000083b0                memcmp@@GLIBC_2.2.5
                0x00000000000083c0                strcmp@@GLIBC_2.2.5
                0x00000000000083d0                signal@@GLIBC_2.2.5
                0x00000000000083e0                __memmove_chk@@GLIBC_2.3.4
                0x00000000000083f0                __memcpy_chk@@GLIBC_2.3.4
                0x0000000000008400                memcpy@@GLIBC_2.14
                0x0000000000008410                select@@GLIBC_2.2.5
                0x0000000000008420                err@@GLIBC_2.2.5
                0x0000000000008430                fflush@@GLIBC_2.2.5
                0x0000000000008440                __vsnprintf_chk@@GLIBC_2.3.4
                0x0000000000008450                setitimer@@GLIBC_2.2.5
                0x0000000000008460                __printf_chk@@GLIBC_2.3.4
                0x0000000000008470                setvbuf@@GLIBC_2.2.5
                0x0000000000008480                memmove@@GLIBC_2.2.5
                0x0000000000008490                open@@GLIBC_2.2.5
                0x00000000000084a0                perror@@GLIBC_2.2.5
                0x00000000000084b0                __cxa_atexit@@GLIBC_2.2.5
                0x00000000000084c0                __isoc99_scanf@@GLIBC_2.7
                0x00000000000084d0                exit@@GLIBC_2.2.5
                0x00000000000084e0                __fprintf_chk@@GLIBC_2.3.4
                0x00000000000084f0                rand@@GLIBC_2.2.5

.text           0x0000000000008500     0xc9b2
 *(.text.unlikely .text.*_unlikely .text.unlikely.*)
 *(.text.exit .text.exit.*)
 *(.text.startup .text.startup.*)
 .text.startup  0x0000000000008500      0x362 build/native/contiki-ng-native.a(contiki-main.o)
                0x0000000000008500                main
 *(.text.hot .text.hot.*)
 *(SORT_BY_NAME(.text.sorted.*))
 *(.text .stub .text.* .gnu.linkonce.t.*)
 *fill*         0x0000000000008862        0xe 
 .text          0x0000000000008870       0x2f /usr/lib/gcc/x86_64-linux-gnu/9/../../../x86_64-linux-gnu/Scrt1.o
                0x0000000000008870                _start
 .text          0x000000000000889f        0x0 /usr/lib/gcc/x86_64-linux-gnu/9/../../../x86_64-linux-gnu/crti.o
 *fill*         0x000000000000889f        0x1 
 .text          0x00000000000088a0       0xb9 /usr/lib/gcc/x86_64-linux-gnu/9/crtbeginS.o
 *fill*         0x0000000000008959        0x7 
 .text          0x0000000000008960      0x47b final.o
 .text          0x0000000000008ddb        0x0 build/native/contiki-ng-native.a(contiki-main.o)
 *fill*         0x0000000000008ddb        0x5 
 .text          0x0000000000008de0       0x71 build/native/contiki-ng-native.a(autostart.o)
                0x0000000000008de0                autostart_start
                0x0000000000008e20                autostart_exit
 *fill*         0x0000000000008e51        0xf 
 .text          0x0000000000008e60       0x27 build/native/contiki-ng-native.a(energest.o)
                0x0000000000008e60                energest_init
                0x0000000000008e70                energest_flush
                0x0000000000008e80                energest_get_total_time
 *fill*         0x0000000000008e87        0x9 
 .text          0x0000000000008e90      0x44d build/native/contiki-ng-native.a(etimer.o)
                0x0000000000009120                etimer_request_poll
                0x0000000000009130                etimer_set
                0x0000000000009150                etimer_reset_with_new_interval
                0x0000000000009180                etimer_reset
                0x00000000000091a0                etimer_restart
                0x00000000000091c0                etimer_adjust
                0x00000000000091f0                etimer_expired
                0x0000000000009200                etimer_expiration_time
                0x0000000000009210                etimer_start_time
                0x0000000000009220                etimer_pending
                0x0000000000009240                etimer_next_expiration_time
                0x0000000000009260                etimer_stop
 *fill*         0x00000000000092dd        0x3 
 .text          0x00000000000092e0      0x410 build/native/contiki-ng-native.a(log.o)
                0x00000000000092e0                log_6addr
                0x0000000000009340                log_6addr_compact_snprint
                0x00000000000093b0                log_6addr_compact
                0x0000000000009410                log_lladdr
                0x00000000000094c0                log_lladdr_compact
                0x0000000000009520                log_bytes
                0x0000000000009570                log_set_level
                0x0000000000009600                log_get_level
                0x0000000000009680                log_level_to_str
 .text          0x00000000000096f0      0x32c build/native/contiki-ng-native.a(ctimer.o)
                0x00000000000097f0                ctimer_init
                0x0000000000009820                ctimer_set_with_process
                0x0000000000009890                ctimer_set
                0x00000000000098a0                ctimer_reset
                0x0000000000009900                ctimer_restart
                0x0000000000009960                ctimer_stop
                0x00000000000099c0                ctimer_expired
 *fill*         0x0000000000009a1c        0x4 
 .text          0x0000000000009a20       0xa9 build/native/contiki-ng-native.a(rtimer.o)
                0x0000000000009a20                rtimer_init
                0x0000000000009a30                rtimer_set
                0x0000000000009a80                rtimer_run_next
 *fill*         0x0000000000009ac9        0x7 
 .text          0x0000000000009ad0       0x1f build/native/contiki-ng-native.a(node-id.o)
                0x0000000000009ad0                node_id_init
 *fill*         0x0000000000009aef        0x1 
 .text          0x0000000000009af0      0x47e build/native/contiki-ng-native.a(process.o)
                0x0000000000009cd0                process_alloc_event
                0x0000000000009cf0                process_start
                0x0000000000009d60                process_exit
                0x0000000000009d70                process_init
                0x0000000000009da0                process_run
                0x0000000000009e90                process_nevents
                0x0000000000009eb0                process_post
                0x0000000000009f00                process_post_synch
                0x0000000000009f30                process_poll
                0x0000000000009f60                process_is_running
 *fill*         0x0000000000009f6e        0x2 
 .text          0x0000000000009f70       0xa9 build/native/contiki-ng-native.a(timer.o)
                0x0000000000009f70                timer_set
                0x0000000000009f90                timer_reset
                0x0000000000009fc0                timer_restart
                0x0000000000009fe0                timer_expired
                0x000000000000a000                timer_remaining
 *fill*         0x000000000000a019        0x7 
 .text          0x000000000000a020      0x349 build/native/contiki-ng-native.a(list.o)
                0x000000000000a020                list_init
                0x000000000000a030                list_head
                0x000000000000a040                list_copy
                0x000000000000a050                list_tail
                0x000000000000a080                list_add
                0x000000000000a100                list_push
                0x000000000000a160                list_chop
                0x000000000000a1c0                list_pop
                0x000000000000a1e0                list_remove
                0x000000000000a230                list_length
                0x000000000000a250                list_insert
                0x000000000000a310                list_item_next
                0x000000000000a330                list_contains
 *fill*         0x000000000000a369        0x7 
 .text          0x000000000000a370      0x225 build/native/contiki-ng-native.a(queuebuf.o)
                0x000000000000a370                queuebuf_init
                0x000000000000a3a0                queuebuf_numfree
                0x000000000000a3b0                queuebuf_new_from_packetbuf
                0x000000000000a430                queuebuf_update_attr_from_packetbuf
                0x000000000000a450                queuebuf_update_from_packetbuf
                0x000000000000a480                queuebuf_free
                0x000000000000a4c0                queuebuf_to_packetbuf
                0x000000000000a510                queuebuf_dataptr
                0x000000000000a540                queuebuf_datalen
                0x000000000000a550                queuebuf_addr
                0x000000000000a570                queuebuf_attr
                0x000000000000a590                queuebuf_debug_print
 *fill*         0x000000000000a595        0xb 
 .text          0x000000000000a5a0      0x477 build/native/contiki-ng-native.a(packetbuf.o)
                0x000000000000a5a0                packetbuf_copyto
                0x000000000000a690                packetbuf_hdralloc
                0x000000000000a710                packetbuf_hdrreduce
                0x000000000000a740                packetbuf_set_datalen
                0x000000000000a750                packetbuf_dataptr
                0x000000000000a770                packetbuf_hdrptr
                0x000000000000a780                packetbuf_datalen
                0x000000000000a790                packetbuf_hdrlen
                0x000000000000a7b0                packetbuf_totlen
                0x000000000000a7d0                packetbuf_remaininglen
                0x000000000000a800                packetbuf_attr_clear
                0x000000000000a860                packetbuf_clear
                0x000000000000a880                packetbuf_copyfrom
                0x000000000000a8f0                packetbuf_attr_copyto
                0x000000000000a930                packetbuf_attr_copyfrom
                0x000000000000a970                packetbuf_set_attr
                0x000000000000a990                packetbuf_attr
                0x000000000000a9b0                packetbuf_set_addr
                0x000000000000a9e0                packetbuf_addr
                0x000000000000aa00                packetbuf_holds_broadcast
 *fill*         0x000000000000aa17        0x9 
 .text          0x000000000000aa20       0xee build/native/contiki-ng-native.a(netstack.o)
                0x000000000000aa20                netstack_process_ip_callback
                0x000000000000aaa0                netstack_ip_packet_processor_add
                0x000000000000aad0                uip_ds6_ip_packet_processor_rm
                0x000000000000aaf0                netstack_init
 *fill*         0x000000000000ab0e        0x2 
 .text          0x000000000000ab10       0x3f build/native/contiki-ng-native.a(linkaddr.o)
                0x000000000000ab10                linkaddr_copy
                0x000000000000ab20                linkaddr_cmp
                0x000000000000ab40                linkaddr_set_node_addr
 *fill*         0x000000000000ab4f        0x1 
 .text          0x000000000000ab50       0x55 build/native/contiki-ng-native.a(nullmac.o)
 *fill*         0x000000000000aba5        0xb 
 .text          0x000000000000abb0      0xb12 build/native/contiki-ng-native.a(uip-ds6.o)
                0x000000000000ac70                uip_ds6_default_prefix
                0x000000000000ac80                uip_ds6_set_default_prefix
                0x000000000000ac90                uip_ds6_list_loop
                0x000000000000acd0                uip_ds6_prefix_add
                0x000000000000ad80                uip_ds6_prefix_rm
                0x000000000000ad90                uip_ds6_prefix_lookup
                0x000000000000adf0                uip_ds6_is_addr_onlink
                0x000000000000ae60                uip_ds6_addr_lookup
                0x000000000000aec0                uip_ds6_get_link_local
                0x000000000000af30                uip_ds6_get_global
                0x000000000000afa0                uip_ds6_maddr_add
                0x000000000000b000                uip_ds6_addr_add
                0x000000000000b0f0                uip_ds6_maddr_rm
                0x000000000000b100                uip_ds6_maddr_lookup
                0x000000000000b1c0                uip_ds6_addr_rm
                0x000000000000b1e0                uip_ds6_periodic
                0x000000000000b260                uip_ds6_aaddr_add
                0x000000000000b2c0                uip_ds6_aaddr_rm
                0x000000000000b2d0                uip_ds6_aaddr_lookup
                0x000000000000b330                uip_ds6_select_src
                0x000000000000b480                uip_ds6_set_addr_iid
                0x000000000000b490                uip_ds6_set_lladdr_from_iid
                0x000000000000b4a0                get_match_length
                0x000000000000b500                uip_ds6_compute_reachable_time
                0x000000000000b540                uip_ds6_init
 *fill*         0x000000000000b6c2        0xe 
 .text          0x000000000000b6d0      0x322 build/native/contiki-ng-native.a(uip-ds6-route.o)
                0x000000000000b6d0                uip_ds6_route_init
                0x000000000000b700                uip_ds6_route_nexthop
                0x000000000000b710                uip_ds6_route_head
                0x000000000000b720                uip_ds6_route_next
                0x000000000000b730                uip_ds6_route_is_nexthop
                0x000000000000b740                uip_ds6_route_num_routes
                0x000000000000b750                uip_ds6_route_lookup
                0x000000000000b760                uip_ds6_route_add
                0x000000000000b770                uip_ds6_route_rm
                0x000000000000b780                uip_ds6_route_rm_by_nexthop
                0x000000000000b790                uip_ds6_defrt_head
                0x000000000000b7a0                uip_ds6_defrt_rm
                0x000000000000b800                uip_ds6_defrt_lookup
                0x000000000000b870                uip_ds6_defrt_add
                0x000000000000b920                uip_ds6_defrt_choose
                0x000000000000b980                uip_ds6_defrt_periodic
 *fill*         0x000000000000b9f2        0xe 
 .text          0x000000000000ba00      0x355 build/native/contiki-ng-native.a(uip-ds6-nbr.o)
                0x000000000000ba30                uip_ds6_nbr_rm
                0x000000000000ba50                uip_ds6_neighbors_init
                0x000000000000ba80                uip_ds6_nbr_add
                0x000000000000bad0                uip_ds6_nbr_update_ll
                0x000000000000bba0                uip_ds6_nbr_get_ipaddr
                0x000000000000bbb0                uip_ds6_nbr_get_ll
                0x000000000000bbd0                uip_ds6_nbr_num
                0x000000000000bc30                uip_ds6_nbr_head
                0x000000000000bc40                uip_ds6_nbr_next
                0x000000000000bc60                uip_ds6_nbr_lookup
                0x000000000000bce0                uip_ds6_nbr_ll_lookup
                0x000000000000bd00                uip_ds6_nbr_ipaddr_from_lladdr
                0x000000000000bd20                uip_ds6_nbr_lladdr_from_ipaddr
                0x000000000000bd50                uip_ds6_link_callback
 *fill*         0x000000000000bd55        0xb 
 .text          0x000000000000bd60      0x595 build/native/contiki-ng-native.a(tcpip.o)
                0x000000000000bd60                tcpip_output
                0x000000000000bda0                udp_attach
                0x000000000000bdc0                udp_new
                0x000000000000bdf0                udp_broadcast_new
                0x000000000000be70                tcpip_input
                0x000000000000beb0                tcpip_ipv6_output
                0x000000000000c290                tcpip_poll_udp
                0x000000000000c2b0                tcpip_uipcall
 *fill*         0x000000000000c2f5        0xb 
 .text          0x000000000000c300      0xc1b build/native/contiki-ng-native.a(uip6.o)
                0x000000000000c510                uip_chksum
                0x000000000000c530                uip_icmp6chksum
                0x000000000000c540                uip_udpchksum
                0x000000000000c550                uip_init
                0x000000000000c5d0                uip_remove_ext_hdr
                0x000000000000c690                uip_udp_new
                0x000000000000c760                uip_process
                0x000000000000ce60                uip_htons
                0x000000000000ce70                uip_htonl
                0x000000000000ce90                uip_send
 *fill*         0x000000000000cf1b        0x5 
 .text          0x000000000000cf20      0x420 build/native/contiki-ng-native.a(uip-nd6.o)
                0x000000000000d330                uip_nd6_init
 .text          0x000000000000d340      0x51f build/native/contiki-ng-native.a(uiplib.o)
                0x000000000000d340                uiplib_ip6addrconv
                0x000000000000d540                uiplib_ip4addrconv
                0x000000000000d5e0                uiplib_ipaddr_snprint
                0x000000000000d800                uiplib_ipaddr_print
 *fill*         0x000000000000d85f        0x1 
 .text          0x000000000000d860      0x48c build/native/contiki-ng-native.a(rpl.o)
                0x000000000000d860                rpl_has_joined
                0x000000000000d880                rpl_is_reachable
                0x000000000000d8b0                rpl_get_leaf_only
                0x000000000000d9f0                rpl_link_callback
                0x000000000000da50                rpl_lollipop_greater_than
                0x000000000000daa0                rpl_get_global_address
                0x000000000000db70                rpl_reset_prefix
                0x000000000000dbd0                rpl_set_prefix_from_addr
                0x000000000000dca0                rpl_set_prefix
                0x000000000000dce0                rpl_set_leaf_only
 *fill*         0x000000000000dcec        0x4 
 .text          0x000000000000dcf0      0xc5c build/native/contiki-ng-native.a(rpl-icmp6.o)
                0x000000000000e2f0                rpl_icmp6_update_nbr_table
                0x000000000000e340                rpl_icmp6_dis_output
                0x000000000000e390                rpl_icmp6_dio_output
                0x000000000000e7b0                rpl_icmp6_dao_output
                0x000000000000e8b0                rpl_icmp6_dao_ack_output
                0x000000000000e910                rpl_icmp6_init
 *fill*         0x000000000000e94c        0x4 
 .text          0x000000000000e950      0x224 build/native/contiki-ng-native.a(rpl-dag-root.o)
                0x000000000000e9d0                rpl_dag_root_print_links
                0x000000000000ea70                rpl_dag_root_set_prefix
                0x000000000000eaa0                rpl_dag_root_start
                0x000000000000eb50                rpl_dag_root_is_root
 *fill*         0x000000000000eb74        0xc 
 .text          0x000000000000eb80      0x4b1 build/native/contiki-ng-native.a(platform.o)
                0x000000000000ebf0                select_set_callback
                0x000000000000ec90                native_uart_set_input
                0x000000000000eca0                platform_process_args
                0x000000000000ecc0                platform_init_stage_one
                0x000000000000ece0                platform_init_stage_two
                0x000000000000ed50                platform_init_stage_three
                0x000000000000ee60                platform_main_loop
                0x000000000000efe0                log_message
                0x000000000000f010                uip_log
 *fill*         0x000000000000f031        0xf 
 .text          0x000000000000f040       0xd5 build/native/contiki-ng-native.a(clock.o)
                0x000000000000f040                clock_time
                0x000000000000f0b0                clock_seconds
                0x000000000000f100                clock_delay
                0x000000000000f110                clock_init
 *fill*         0x000000000000f115        0xb 
 .text          0x000000000000f120      0x4d8 build/native/contiki-ng-native.a(tun6-net.o)
 *fill*         0x000000000000f5f8        0x8 
 .text          0x000000000000f600       0xc4 build/native/contiki-ng-native.a(rtimer-arch.o)
                0x000000000000f620                rtimer_arch_init
                0x000000000000f640                rtimer_arch_schedule
 *fill*         0x000000000000f6c4        0xc 
 .text          0x000000000000f6d0       0x54 build/native/contiki-ng-native.a(watchdog.o)
                0x000000000000f6d0                watchdog_init
                0x000000000000f6e0                watchdog_start
                0x000000000000f6f0                watchdog_periodic
                0x000000000000f700                watchdog_stop
                0x000000000000f710                watchdog_reboot
 *fill*         0x000000000000f724        0xc 
 .text          0x000000000000f730       0xd2 build/native/contiki-ng-native.a(stimer.o)
                0x000000000000f730                stimer_set
                0x000000000000f750                stimer_reset
                0x000000000000f780                stimer_restart
                0x000000000000f7a0                stimer_expired
                0x000000000000f7d0                stimer_remaining
                0x000000000000f7f0                stimer_elapsed
 *fill*         0x000000000000f802        0xe 
 .text          0x000000000000f810      0x147 build/native/contiki-ng-native.a(memb.o)
                0x000000000000f810                memb_init
                0x000000000000f840                memb_alloc
                0x000000000000f890                memb_free
                0x000000000000f8e0                memb_inmemb
                0x000000000000f910                memb_numfree
 *fill*         0x000000000000f957        0x9 
 .text          0x000000000000f960       0x22 build/native/contiki-ng-native.a(random.o)
                0x000000000000f960                random_init
                0x000000000000f970                random_rand
 *fill*         0x000000000000f982        0xe 
 .text          0x000000000000f990      0x378 build/native/contiki-ng-native.a(button-hal.o)
                0x000000000000fae0                button_hal_get_by_id
                0x000000000000fb20                button_hal_get_by_index
                0x000000000000fb50                button_hal_get_state
                0x000000000000fc30                button_hal_init
 *fill*         0x000000000000fd08        0x8 
 .text          0x000000000000fd10      0x1e2 build/native/contiki-ng-native.a(serial-line.o)
                0x000000000000fe40                serial_line_input_byte
                0x000000000000fec0                serial_line_init
 *fill*         0x000000000000fef2        0xe 
 .text          0x000000000000ff00       0x87 build/native/contiki-ng-native.a(leds.o)
                0x000000000000ff00                leds_init
                0x000000000000ff10                leds_single_on
                0x000000000000ff20                leds_single_off
                0x000000000000ff30                leds_single_toggle
                0x000000000000ff40                leds_on
                0x000000000000ff50                leds_off
                0x000000000000ff60                leds_toggle
                0x000000000000ff70                leds_set
                0x000000000000ff80                leds_get
 *fill*         0x000000000000ff87        0x9 
 .text          0x000000000000ff90       0xf7 build/native/contiki-ng-native.a(nullradio.o)
 *fill*         0x0000000000010087        0x9 
 .text          0x0000000000010090      0x118 build/native/contiki-ng-native.a(gpio-hal.o)
                0x0000000000010090                gpio_hal_register_handler
                0x00000000000100b0                gpio_hal_event_handler
                0x0000000000010100                gpio_hal_init
                0x0000000000010120                gpio_hal_arch_port_toggle_pin
                0x0000000000010140                gpio_hal_arch_port_toggle_pins
                0x0000000000010160                gpio_hal_arch_no_port_toggle_pin
                0x0000000000010190                gpio_hal_arch_no_port_toggle_pins
 *fill*         0x00000000000101a8        0x8 
 .text          0x00000000000101b0      0x70b build/native/contiki-ng-native.a(nbr-table.o)
                0x0000000000010230                nbr_table_register
                0x00000000000102a0                nbr_table_is_registered
                0x00000000000102d0                nbr_table_next
                0x0000000000010380                nbr_table_head
                0x00000000000103f0                nbr_table_add_lladdr
                0x0000000000010700                nbr_table_get_from_lladdr
                0x0000000000010760                nbr_table_remove
                0x00000000000107e0                nbr_table_lock
                0x0000000000010830                nbr_table_unlock
                0x0000000000010880                nbr_table_get_lladdr
 *fill*         0x00000000000108bb        0x5 
 .text          0x00000000000108c0      0x3e4 build/native/contiki-ng-native.a(link-stats.o)
                0x0000000000010910                link_stats_from_lladdr
                0x0000000000010930                link_stats_get_lladdr
                0x0000000000010950                link_stats_is_fresh
                0x0000000000010990                guess_etx_from_rssi
                0x00000000000109f0                link_stats_packet_sent
                0x0000000000010b50                link_stats_input_callback
                0x0000000000010c20                link_stats_reset
                0x0000000000010c70                link_stats_init
 *fill*         0x0000000000010ca4        0xc 
 .text          0x0000000000010cb0      0x3c6 build/native/contiki-ng-native.a(uipbuf.o)
                0x0000000000010cb0                uipbuf_clear
                0x0000000000010cf0                uipbuf_add_ext_hdr
                0x0000000000010d40                uipbuf_set_len
                0x0000000000010d60                uipbuf_set_len_field
                0x0000000000010d70                uipbuf_get_len_field
                0x0000000000010d90                uipbuf_get_next_header
                0x0000000000010e50                uipbuf_get_last_header
                0x0000000000010ec0                uipbuf_search_header
                0x0000000000010f70                uipbuf_get_attr
                0x0000000000010f90                uipbuf_set_attr
                0x0000000000010fc0                uipbuf_set_default_attr
                0x0000000000010ff0                uipbuf_clear_attr
                0x0000000000011010                uipbuf_set_attr_flag
                0x0000000000011020                uipbuf_clr_attr_flag
                0x0000000000011030                uipbuf_is_attr_flag
                0x0000000000011050                uipbuf_init
 *fill*         0x0000000000011076        0xa 
 .text          0x0000000000011080      0x4f2 build/native/contiki-ng-native.a(uip-icmp6.o)
                0x00000000000111d0                uip_icmp6_input
                0x0000000000011240                uip_icmp6_register_input_handler
                0x0000000000011260                uip_icmp6_error_output
                0x0000000000011430                uip_icmp6_send
                0x00000000000114f0                uip_icmp6_echo_reply_callback_add
                0x0000000000011520                uip_icmp6_echo_reply_callback_rm
                0x0000000000011540                uip_icmp6_init
 *fill*         0x0000000000011572        0xe 
 .text          0x0000000000011580      0x5d9 build/native/contiki-ng-native.a(uip-sr.o)
                0x00000000000115e0                uip_sr_num_nodes
                0x00000000000115f0                uip_sr_get_node
                0x0000000000011670                uip_sr_is_addr_reachable
                0x0000000000011720                uip_sr_expire_parent
                0x0000000000011770                uip_sr_update_node
                0x0000000000011880                uip_sr_init
                0x00000000000118b0                uip_sr_node_head
                0x00000000000118c0                uip_sr_node_next
                0x00000000000118d0                uip_sr_periodic
                0x00000000000119a0                uip_sr_free_all
                0x0000000000011a10                uip_sr_link_snprint
 *fill*         0x0000000000011b59        0x7 
 .text          0x0000000000011b60      0x124 build/native/contiki-ng-native.a(uip-packetqueue)
                0x0000000000011b80                uip_packetqueue_new
                0x0000000000011b90                uip_packetqueue_alloc
                0x0000000000011bf0                uip_packetqueue_free
                0x0000000000011c30                uip_packetqueue_buf
                0x0000000000011c50                uip_packetqueue_buflen
                0x0000000000011c70                uip_packetqueue_set_buflen
 *fill*         0x0000000000011c84        0xc 
 .text          0x0000000000011c90      0xca9 build/native/contiki-ng-native.a(rpl-dag.o)
                0x0000000000012090                rpl_dag_state_to_str
                0x00000000000120e0                rpl_dag_get_root_ipaddr
                0x0000000000012110                rpl_dag_leave
                0x0000000000012190                rpl_dag_poison_and_leave
                0x00000000000121b0                rpl_dag_periodic
                0x0000000000012230                rpl_is_addr_in_our_dag
                0x0000000000012280                rpl_get_default_instance
                0x00000000000122a0                rpl_get_any_dag
                0x00000000000122c0                rpl_refresh_routes
                0x00000000000122f0                rpl_global_repair
                0x0000000000012320                rpl_local_repair
                0x0000000000012340                rpl_dag_ready_to_advertise
                0x0000000000012380                rpl_dag_update_state
                0x00000000000123a0                rpl_process_dio
                0x0000000000012640                rpl_process_dis
                0x0000000000012690                rpl_process_dao
                0x0000000000012710                rpl_process_dao_ack
                0x00000000000127b0                rpl_process_hbh
                0x0000000000012800                rpl_dag_init_root
                0x0000000000012920                rpl_dag_init
 *fill*         0x0000000000012939        0x7 
 .text          0x0000000000012940      0x927 build/native/contiki-ng-native.a(rpl-neighbor.o)
                0x00000000000129a0                rpl_neighbor_count
                0x0000000000012a00                rpl_neighbor_get_from_lladdr
                0x0000000000012a20                rpl_neighbor_is_acceptable_parent
                0x0000000000012a50                rpl_neighbor_get_link_metric
                0x0000000000012a80                rpl_neighbor_rank_via_nbr
                0x0000000000012ab0                rpl_neighbor_get_lladdr
                0x0000000000012ad0                rpl_neighbor_get_ipaddr
                0x0000000000012b00                rpl_neighbor_get_link_stats
                0x0000000000012c30                rpl_neighbor_snprint
                0x0000000000012f80                rpl_neighbor_print_list
                0x0000000000013010                rpl_neighbor_is_fresh
                0x0000000000013030                rpl_neighbor_is_reachable
                0x0000000000013090                rpl_neighbor_is_parent
                0x00000000000130b0                rpl_neighbor_set_preferred_parent
                0x0000000000013130                rpl_neighbor_remove_all
                0x0000000000013180                rpl_neighbor_get_from_ipaddr
                0x00000000000131b0                rpl_neighbor_select_best
                0x0000000000013250                rpl_neighbor_init
 *fill*         0x0000000000013267        0x9 
 .text          0x0000000000013270      0x967 build/native/contiki-ng-native.a(rpl-timers.o)
                0x0000000000013530                rpl_timers_schedule_periodic_dis
                0x0000000000013660                rpl_timers_dio_reset
                0x00000000000136c0                rpl_timers_schedule_unicast_dio
                0x00000000000136f0                rpl_timers_schedule_dao
                0x0000000000013760                rpl_timers_schedule_dao_ack
                0x00000000000137a0                rpl_timers_notify_dao_ack
                0x0000000000013820                get_probing_delay
                0x0000000000013840                get_probing_target
                0x0000000000013a00                rpl_schedule_probing
                0x0000000000013a20                rpl_schedule_probing_now
                0x0000000000013a70                rpl_timers_unschedule_leaving
                0x0000000000013ab0                rpl_timers_schedule_leaving
                0x0000000000013b00                rpl_timers_init
                0x0000000000013b30                rpl_timers_stop_dag_timers
                0x0000000000013b90                rpl_timers_unschedule_state_update
                0x0000000000013bb0                rpl_timers_schedule_state_update
 *fill*         0x0000000000013bd7        0x9 
 .text          0x0000000000013be0      0xb44 build/native/contiki-ng-native.a(rpl-ext-header.)
                0x0000000000013c50                rpl_ext_header_srh_get_next_hop
                0x0000000000013cf0                rpl_ext_header_srh_update
                0x0000000000013f70                rpl_ext_header_hbh_update
                0x0000000000014030                rpl_ext_header_remove
                0x00000000000141b0                rpl_ext_header_update
 *fill*         0x0000000000014724        0xc 
 .text          0x0000000000014730      0x12d build/native/contiki-ng-native.a(rpl-nbr-policy.)
                0x00000000000147d0                rpl_nbr_policy_find_removable
 *fill*         0x000000000001485d        0x3 
 .text          0x0000000000014860      0x2b5 build/native/contiki-ng-native.a(rpl-mrhof.o)
 .text          0x0000000000014b15        0x0 build/native/contiki-ng-native.a(buttons.o)
 *fill*         0x0000000000014b15        0xb 
 .text          0x0000000000014b20       0x50 build/native/contiki-ng-native.a(int-master.o)
                0x0000000000014b20                int_master_enable
                0x0000000000014b30                int_master_read_and_disable
                0x0000000000014b50                int_master_status_set
                0x0000000000014b60                int_master_is_enabled
 .text          0x0000000000014b70      0x1d2 build/native/contiki-ng-native.a(gpio-hal-arch.o)
                0x0000000000014b70                gpio_hal_arch_init
                0x0000000000014b80                gpio_hal_arch_no_port_interrupt_enable
                0x0000000000014b90                gpio_hal_arch_no_port_interrupt_disable
                0x0000000000014ba0                gpio_hal_arch_no_port_pin_cfg_set
                0x0000000000014bc0                gpio_hal_arch_no_port_pin_cfg_get
                0x0000000000014be0                gpio_hal_arch_no_port_pin_set_input
                0x0000000000014bf0                gpio_hal_arch_no_port_pin_set_output
                0x0000000000014c00                gpio_hal_arch_no_port_set_pin
                0x0000000000014c20                gpio_hal_arch_no_port_clear_pin
                0x0000000000014c40                gpio_hal_arch_no_port_read_pin
                0x0000000000014c60                gpio_hal_arch_no_port_write_pin
                0x0000000000014c80                gpio_hal_arch_no_port_set_pins
                0x0000000000014cb0                gpio_hal_arch_no_port_clear_pins
                0x0000000000014ce0                gpio_hal_arch_no_port_read_pins
                0x0000000000014d10                gpio_hal_arch_no_port_write_pins
 *fill*         0x0000000000014d42        0xe 
 .text          0x0000000000014d50       0xc5 build/native/contiki-ng-native.a(ringbuf.o)
                0x0000000000014d50                ringbuf_init
                0x0000000000014d70                ringbuf_put
                0x0000000000014db0                ringbuf_get
                0x0000000000014df0                ringbuf_size
                0x0000000000014e00                ringbuf_elements
 *fill*         0x0000000000014e15        0xb 
 .text          0x0000000000014e20       0x75 /usr/lib/x86_64-linux-gnu/libc_nonshared.a(elf-init.oS)
                0x0000000000014e20                __libc_csu_init
                0x0000000000014e90                __libc_csu_fini
 *fill*         0x0000000000014e95        0xb 
 .text          0x0000000000014ea0       0x12 /usr/lib/x86_64-linux-gnu/libc_nonshared.a(atexit.oS)
                0x0000000000014ea0                atexit
 .text          0x0000000000014eb2        0x0 /usr/lib/gcc/x86_64-linux-gnu/9/crtendS.o
 .text          0x0000000000014eb2        0x0 /usr/lib/gcc/x86_64-linux-gnu/9/../../../x86_64-linux-gnu/crtn.o
 *(.gnu.warning)

.fini           0x0000000000014eb4        0xd
 *(SORT_NONE(.fini))
 .fini          0x0000000000014eb4        0x8 /usr/lib/gcc/x86_64-linux-gnu/9/../../../x86_64-linux-gnu/crti.o
                0x0000000000014eb4                _fini
 .fini          0x0000000000014ebc        0x5 /usr/lib/gcc/x86_64-linux-gnu/9/../../../x86_64-linux-gnu/crtn.o
                [!provide]                        PROVIDE (__etext = .)
                [!provide]                        PROVIDE (_etext = .)
                [!provide]                        PROVIDE (etext = .)
                0x0000000000015000                . = ALIGN (CONSTANT (MAXPAGESIZE))
                0x0000000000015000                . = SEGMENT_START ("rodata-segment", (ALIGN (CONSTANT (MAXPAGESIZE)) + (. & (CONSTANT (MAXPAGESIZE) - 0x1))))

.rodata         0x0000000000015000      0x6d3
 *(.rodata .rodata.* .gnu.linkonce.r.*)
 .rodata.cst4   0x0000000000015000        0x4 /usr/lib/gcc/x86_64-linux-gnu/9/../../../x86_64-linux-gnu/Scrt1.o
                0x0000000000015000                _IO_stdin_used
 .rodata.str1.1
                0x0000000000015004       0xd3 final.o
                                         0xd6 (size before relaxing)
 *fill*         0x00000000000150d7        0x1 
 .rodata.str1.8
                0x00000000000150d8       0xb7 final.o
 .rodata.str1.1
                0x000000000001518f       0x7a build/native/contiki-ng-native.a(contiki-main.o)
 *fill*         0x0000000000015209        0x7 
 .rodata.str1.8
                0x0000000000015210       0x7c build/native/contiki-ng-native.a(contiki-main.o)
 .rodata.str1.1
                0x000000000001528c        0xc build/native/contiki-ng-native.a(etimer.o)
 .rodata.str1.1
                0x0000000000015298       0xa5 build/native/contiki-ng-native.a(log.o)
                                         0xac (size before relaxing)
 *fill*         0x000000000001533d        0x3 
 .rodata        0x0000000000015340       0x14 build/native/contiki-ng-native.a(log.o)
 .rodata.str1.1
                0x0000000000015354        0xf build/native/contiki-ng-native.a(ctimer.o)
 *fill*         0x0000000000015363        0x5 
 .rodata        0x0000000000015368        0x8 build/native/contiki-ng-native.a(linkaddr.o)
                0x0000000000015368                linkaddr_null
 .rodata.str1.1
                0x0000000000015370        0x8 build/native/contiki-ng-native.a(nullmac.o)
 .rodata.str1.1
                0x0000000000015378        0xd build/native/contiki-ng-native.a(tcpip.o)
 .rodata.str1.1
                0x0000000000015385       0x28 build/native/contiki-ng-native.a(uiplib.o)
                                         0x2d (size before relaxing)
 .rodata.str1.1
                0x00000000000153ad        0x9 build/native/contiki-ng-native.a(rpl.o)
 .rodata.str1.1
                0x00000000000153b6       0x2f build/native/contiki-ng-native.a(platform.o)
                                         0x47 (size before relaxing)
 .rodata.str1.1
                0x00000000000153e5       0xa6 build/native/contiki-ng-native.a(tun6-net.o)
                                         0xb9 (size before relaxing)
 *fill*         0x000000000001548b        0x5 
 .rodata.str1.8
                0x0000000000015490       0xc7 build/native/contiki-ng-native.a(tun6-net.o)
 .rodata.str1.1
                0x0000000000015557       0x13 build/native/contiki-ng-native.a(button-hal.o)
 .rodata.str1.1
                0x000000000001556a        0xe build/native/contiki-ng-native.a(serial-line.o)
 .rodata.str1.1
                0x0000000000015578       0x44 build/native/contiki-ng-native.a(uip-sr.o)
 .rodata.str1.1
                0x00000000000155bc       0xb0 build/native/contiki-ng-native.a(rpl-dag.o)
 *fill*         0x000000000001566c        0x4 
 .rodata.str1.8
                0x0000000000015670       0x22 build/native/contiki-ng-native.a(rpl-neighbor.o)
 .rodata.str1.1
                0x0000000000015692       0x34 build/native/contiki-ng-native.a(rpl-neighbor.o)
                                         0x36 (size before relaxing)
 .rodata.str1.1
                0x00000000000156c6        0xc build/native/contiki-ng-native.a(rpl-timers.o)
 .rodata        0x00000000000156d2        0x1 build/native/contiki-ng-native.a(buttons.o)
                0x00000000000156d2                button_hal_button_count

.rodata1
 *(.rodata1)

.eh_frame_hdr   0x00000000000156d4      0xff4
 *(.eh_frame_hdr)
 .eh_frame_hdr  0x00000000000156d4      0xff4 /usr/lib/gcc/x86_64-linux-gnu/9/../../../x86_64-linux-gnu/Scrt1.o
                0x00000000000156d4                __GNU_EH_FRAME_HDR
 *(.eh_frame_entry .eh_frame_entry.*)

.eh_frame       0x00000000000166c8     0x3d38
 *(.eh_frame)
 .eh_frame      0x00000000000166c8       0x30 /usr/lib/gcc/x86_64-linux-gnu/9/../../../x86_64-linux-gnu/Scrt1.o
                                         0x2c (size before relaxing)
 *fill*         0x00000000000166f8        0x0 
 .eh_frame      0x00000000000166f8       0x28 /usr/lib/gcc/x86_64-linux-gnu/9/../../../x86_64-linux-gnu/Scrt1.o
                                         0x40 (size before relaxing)
 .eh_frame      0x0000000000016720       0x18 /usr/lib/gcc/x86_64-linux-gnu/9/../../../x86_64-linux-gnu/Scrt1.o
                                         0x30 (size before relaxing)
 .eh_frame      0x0000000000016738       0x18 /usr/lib/gcc/x86_64-linux-gnu/9/../../../x86_64-linux-gnu/Scrt1.o
                                         0x30 (size before relaxing)
 .eh_frame      0x0000000000016750       0x98 final.o
                                         0xb0 (size before relaxing)
 .eh_frame      0x00000000000167e8       0x20 build/native/contiki-ng-native.a(contiki-main.o)
                                         0x38 (size before relaxing)
 .eh_frame      0x0000000000016808       0x38 build/native/contiki-ng-native.a(autostart.o)
                                         0x50 (size before relaxing)
 .eh_frame      0x0000000000016840       0x40 build/native/contiki-ng-native.a(energest.o)
                                         0x58 (size before relaxing)
 .eh_frame      0x0000000000016880      0x1b0 build/native/contiki-ng-native.a(etimer.o)
                                        0x1c8 (size before relaxing)
 .eh_frame      0x0000000000016a30      0x188 build/native/contiki-ng-native.a(log.o)
                                        0x1a0 (size before relaxing)
 .eh_frame      0x0000000000016bb8      0x130 build/native/contiki-ng-native.a(ctimer.o)
                                        0x148 (size before relaxing)
 .eh_frame      0x0000000000016ce8       0x50 build/native/contiki-ng-native.a(rtimer.o)
                                         0x68 (size before relaxing)
 .eh_frame      0x0000000000016d38       0x18 build/native/contiki-ng-native.a(node-id.o)
                                         0x30 (size before relaxing)
 .eh_frame      0x0000000000016d50      0x198 build/native/contiki-ng-native.a(process.o)
                                        0x1b0 (size before relaxing)
 .eh_frame      0x0000000000016ee8       0x90 build/native/contiki-ng-native.a(timer.o)
                                         0xa8 (size before relaxing)
 .eh_frame      0x0000000000016f78      0x108 build/native/contiki-ng-native.a(list.o)
                                        0x120 (size before relaxing)
 .eh_frame      0x0000000000017080      0x138 build/native/contiki-ng-native.a(queuebuf.o)
                                        0x150 (size before relaxing)
 .eh_frame      0x00000000000171b8      0x1c0 build/native/contiki-ng-native.a(packetbuf.o)
                                        0x1d8 (size before relaxing)
 .eh_frame      0x0000000000017378       0x78 build/native/contiki-ng-native.a(netstack.o)
                                         0x90 (size before relaxing)
 .eh_frame      0x00000000000173f0       0x40 build/native/contiki-ng-native.a(linkaddr.o)
                                         0x58 (size before relaxing)
 .eh_frame      0x0000000000017430       0x78 build/native/contiki-ng-native.a(nullmac.o)
                                         0x90 (size before relaxing)
 .eh_frame      0x00000000000174a8      0x3c0 build/native/contiki-ng-native.a(uip-ds6.o)
                                        0x3d8 (size before relaxing)
 .eh_frame      0x0000000000017868      0x1c0 build/native/contiki-ng-native.a(uip-ds6-route.o)
                                        0x1d8 (size before relaxing)
 .eh_frame      0x0000000000017a28      0x1c0 build/native/contiki-ng-native.a(uip-ds6-nbr.o)
                                        0x1d8 (size before relaxing)
 .eh_frame      0x0000000000017be8      0x140 build/native/contiki-ng-native.a(tcpip.o)
                                        0x158 (size before relaxing)
 .eh_frame      0x0000000000017d28      0x1b0 build/native/contiki-ng-native.a(uip6.o)
                                        0x1c8 (size before relaxing)
 .eh_frame      0x0000000000017ed8       0x48 build/native/contiki-ng-native.a(uip-nd6.o)
                                         0x60 (size before relaxing)
 .eh_frame      0x0000000000017f20       0xc8 build/native/contiki-ng-native.a(uiplib.o)
                                         0xe0 (size before relaxing)
 .eh_frame      0x0000000000017fe8      0x1b0 build/native/contiki-ng-native.a(rpl.o)
                                        0x1c8 (size before relaxing)
 .eh_frame      0x0000000000018198      0x1e0 build/native/contiki-ng-native.a(rpl-icmp6.o)
                                        0x1f8 (size before relaxing)
 .eh_frame      0x0000000000018378       0xa8 build/native/contiki-ng-native.a(rpl-dag-root.o)
                                         0xc0 (size before relaxing)
 .eh_frame      0x0000000000018420      0x128 build/native/contiki-ng-native.a(platform.o)
                                        0x140 (size before relaxing)
 .eh_frame      0x0000000000018548       0x60 build/native/contiki-ng-native.a(clock.o)
                                         0x78 (size before relaxing)
 .eh_frame      0x00000000000185a8      0x100 build/native/contiki-ng-native.a(tun6-net.o)
                                        0x118 (size before relaxing)
 .eh_frame      0x00000000000186a8       0x50 build/native/contiki-ng-native.a(rtimer-arch.o)
                                         0x68 (size before relaxing)
 .eh_frame      0x00000000000186f8       0x70 build/native/contiki-ng-native.a(watchdog.o)
                                         0x88 (size before relaxing)
 .eh_frame      0x0000000000018768       0xa8 build/native/contiki-ng-native.a(stimer.o)
                                         0xc0 (size before relaxing)
 .eh_frame      0x0000000000018810       0x70 build/native/contiki-ng-native.a(memb.o)
                                         0x88 (size before relaxing)
 .eh_frame      0x0000000000018880       0x30 build/native/contiki-ng-native.a(random.o)
                                         0x48 (size before relaxing)
 .eh_frame      0x00000000000188b0      0x138 build/native/contiki-ng-native.a(button-hal.o)
                                        0x150 (size before relaxing)
 .eh_frame      0x00000000000189e8       0x80 build/native/contiki-ng-native.a(serial-line.o)
                                         0x98 (size before relaxing)
 .eh_frame      0x0000000000018a68       0xb8 build/native/contiki-ng-native.a(leds.o)
                                         0xd0 (size before relaxing)
 .eh_frame      0x0000000000018b20      0x118 build/native/contiki-ng-native.a(nullradio.o)
                                        0x130 (size before relaxing)
 .eh_frame      0x0000000000018c38       0xc8 build/native/contiki-ng-native.a(gpio-hal.o)
                                         0xe0 (size before relaxing)
 .eh_frame      0x0000000000018d00      0x190 build/native/contiki-ng-native.a(nbr-table.o)
                                        0x1a8 (size before relaxing)
 .eh_frame      0x0000000000018e90      0x128 build/native/contiki-ng-native.a(link-stats.o)
                                        0x140 (size before relaxing)
 .eh_frame      0x0000000000018fb8      0x150 build/native/contiki-ng-native.a(uipbuf.o)
                                        0x168 (size before relaxing)
 .eh_frame      0x0000000000019108      0x178 build/native/contiki-ng-native.a(uip-icmp6.o)
                                        0x190 (size before relaxing)
 .eh_frame      0x0000000000019280      0x210 build/native/contiki-ng-native.a(uip-sr.o)
                                        0x228 (size before relaxing)
 .eh_frame      0x0000000000019490       0xb8 build/native/contiki-ng-native.a(uip-packetqueue)
                                         0xd0 (size before relaxing)
 .eh_frame      0x0000000000019548      0x360 build/native/contiki-ng-native.a(rpl-dag.o)
                                        0x378 (size before relaxing)
 .eh_frame      0x00000000000198a8      0x288 build/native/contiki-ng-native.a(rpl-neighbor.o)
                                        0x2a0 (size before relaxing)
 .eh_frame      0x0000000000019b30      0x340 build/native/contiki-ng-native.a(rpl-timers.o)
                                        0x358 (size before relaxing)
 .eh_frame      0x0000000000019e70      0x148 build/native/contiki-ng-native.a(rpl-ext-header.)
                                        0x160 (size before relaxing)
 .eh_frame      0x0000000000019fb8       0x60 build/native/contiki-ng-native.a(rpl-nbr-policy.)
                                         0x78 (size before relaxing)
 .eh_frame      0x000000000001a018      0x188 build/native/contiki-ng-native.a(rpl-mrhof.o)
                                        0x1a0 (size before relaxing)
 .eh_frame      0x000000000001a1a0       0x50 build/native/contiki-ng-native.a(int-master.o)
                                         0x68 (size before relaxing)
 .eh_frame      0x000000000001a1f0      0x130 build/native/contiki-ng-native.a(gpio-hal-arch.o)
                                        0x148 (size before relaxing)
 .eh_frame      0x000000000001a320       0x68 build/native/contiki-ng-native.a(ringbuf.o)
                                         0x80 (size before relaxing)
 .eh_frame      0x000000000001a388       0x60 /usr/lib/x86_64-linux-gnu/libc_nonshared.a(elf-init.oS)
                                         0x78 (size before relaxing)
 .eh_frame      0x000000000001a3e8       0x14 /usr/lib/x86_64-linux-gnu/libc_nonshared.a(atexit.oS)
                                         0x30 (size before relaxing)
 .eh_frame      0x000000000001a3fc        0x4 /usr/lib/gcc/x86_64-linux-gnu/9/crtendS.o
 *(.eh_frame.*)

.gcc_except_table
 *(.gcc_except_table .gcc_except_table.*)

.gnu_extab
 *(.gnu_extab*)

.exception_ranges
 *(.exception_ranges*)
                0x000000000001ba90                . = DATA_SEGMENT_ALIGN (CONSTANT (MAXPAGESIZE), CONSTANT (COMMONPAGESIZE))

.eh_frame
 *(.eh_frame)
 *(.eh_frame.*)

.gnu_extab
 *(.gnu_extab)

.gcc_except_table
 *(.gcc_except_table .gcc_except_table.*)

.exception_ranges
 *(.exception_ranges*)

.tdata          0x000000000001ba90        0x0
                [!provide]                        PROVIDE (__tdata_start = .)
 *(.tdata .tdata.* .gnu.linkonce.td.*)

.tbss
 *(.tbss .tbss.* .gnu.linkonce.tb.*)
 *(.tcommon)

.preinit_array  0x000000000001ba90        0x0
                [!provide]                        PROVIDE (__preinit_array_start = .)
 *(.preinit_array)
                [!provide]                        PROVIDE (__preinit_array_end = .)

.init_array     0x000000000001ba90        0x8
                0x000000000001ba90                PROVIDE (__init_array_start = .)
 *(SORT_BY_INIT_PRIORITY(.init_array.*) SORT_BY_INIT_PRIORITY(.ctors.*))
 *(.init_array EXCLUDE_FILE(*crtend?.o *crtend.o *crtbegin?.o *crtbegin.o) .ctors)
 .init_array    0x000000000001ba90        0x8 /usr/lib/gcc/x86_64-linux-gnu/9/crtbeginS.o
                0x000000000001ba98                PROVIDE (__init_array_end = .)

.fini_array     0x000000000001ba98        0x8
                [!provide]                        PROVIDE (__fini_array_start = .)
 *(SORT_BY_INIT_PRIORITY(.fini_array.*) SORT_BY_INIT_PRIORITY(.dtors.*))
 *(.fini_array EXCLUDE_FILE(*crtend?.o *crtend.o *crtbegin?.o *crtbegin.o) .dtors)
 .fini_array    0x000000000001ba98        0x8 /usr/lib/gcc/x86_64-linux-gnu/9/crtbeginS.o
                [!provide]                        PROVIDE (__fini_array_end = .)

.ctors
 *crtbegin.o(.ctors)
 *crtbegin?.o(.ctors)
 *(EXCLUDE_FILE(*crtend?.o *crtend.o) .ctors)
 *(SORT_BY_NAME(.ctors.*))
 *(.ctors)

.dtors
 *crtbegin.o(.dtors)
 *crtbegin?.o(.dtors)
 *(EXCLUDE_FILE(*crtend?.o *crtend.o) .dtors)
 *(SORT_BY_NAME(.dtors.*))
 *(.dtors)

.jcr
 *(.jcr)

.data.rel.ro    0x000000000001baa0      0x1e8
 *(.data.rel.ro.local* .gnu.linkonce.d.rel.ro.local.*)
 .data.rel.ro.local
                0x000000000001baa0       0x20 final.o
                0x000000000001baa0                autostart_processes
 .data.rel.ro.local
                0x000000000001bac0       0x38 build/native/contiki-ng-native.a(nullmac.o)
                0x000000000001bac0                nullmac_driver
 *fill*         0x000000000001baf8        0x8 
 .data.rel.ro.local
                0x000000000001bb00       0x10 build/native/contiki-ng-native.a(platform.o)
 *fill*         0x000000000001bb10       0x10 
 .data.rel.ro.local
                0x000000000001bb20       0x30 build/native/contiki-ng-native.a(tun6-net.o)
                0x000000000001bb20                tun6_net_driver
 *fill*         0x000000000001bb50       0x10 
 .data.rel.ro.local
                0x000000000001bb60       0x70 build/native/contiki-ng-native.a(nullradio.o)
                0x000000000001bb60                nullradio_driver
 *(.data.rel.ro .data.rel.ro.* .gnu.linkonce.d.rel.ro.*)
 .data.rel.ro   0x000000000001bbd0        0x0 /usr/lib/gcc/x86_64-linux-gnu/9/../../../x86_64-linux-gnu/Scrt1.o
 *fill*         0x000000000001bbd0       0x10 
 .data.rel.ro   0x000000000001bbe0       0xa8 build/native/contiki-ng-native.a(rpl.o)
                0x000000000001bbe0                rpl_lite_driver

.dynamic        0x000000000001bc88      0x1f0
 *(.dynamic)
 .dynamic       0x000000000001bc88      0x1f0 /usr/lib/gcc/x86_64-linux-gnu/9/../../../x86_64-linux-gnu/Scrt1.o
                0x000000000001bc88                _DYNAMIC

.got            0x000000000001be78      0x170
 *(.got.plt)
 .got.plt       0x000000000001be78      0x148 /usr/lib/gcc/x86_64-linux-gnu/9/../../../x86_64-linux-gnu/Scrt1.o
                0x000000000001be78                _GLOBAL_OFFSET_TABLE_
 *(.igot.plt)
 *(.got)
 .got           0x000000000001bfc0       0x28 /usr/lib/gcc/x86_64-linux-gnu/9/../../../x86_64-linux-gnu/Scrt1.o
 *(.igot)
                0x000000000001c000                . = DATA_SEGMENT_RELRO_END (., 0x0)

.data           0x000000000001c000      0x528
 *(.data .data.* .gnu.linkonce.d.*)
 .data          0x000000000001c000        0x4 /usr/lib/gcc/x86_64-linux-gnu/9/../../../x86_64-linux-gnu/Scrt1.o
                0x000000000001c000                data_start
                0x000000000001c000                __data_start
 .data          0x000000000001c004        0x0 /usr/lib/gcc/x86_64-linux-gnu/9/../../../x86_64-linux-gnu/crti.o
 .data          0x000000000001c004        0x0 /usr/lib/gcc/x86_64-linux-gnu/9/crtbeginS.o
 *fill*         0x000000000001c004        0x4 
 .data.rel.local
                0x000000000001c008        0x8 /usr/lib/gcc/x86_64-linux-gnu/9/crtbeginS.o
                0x000000000001c008                __dso_handle
 .data          0x000000000001c010        0x0 final.o
 *fill*         0x000000000001c010       0x10 
 .data.rel.local
                0x000000000001c020       0x60 final.o
                0x000000000001c020                process_2
                0x000000000001c040                process_1
                0x000000000001c060                main_process
 .data          0x000000000001c080        0x0 build/native/contiki-ng-native.a(contiki-main.o)
 .data          0x000000000001c080        0x0 build/native/contiki-ng-native.a(autostart.o)
 .data          0x000000000001c080        0x0 build/native/contiki-ng-native.a(energest.o)
 .data          0x000000000001c080        0x0 build/native/contiki-ng-native.a(etimer.o)
 .data.rel.local
                0x000000000001c080       0x20 build/native/contiki-ng-native.a(etimer.o)
                0x000000000001c080                etimer_process
 .data          0x000000000001c0a0        0x4 build/native/contiki-ng-native.a(log.o)
                0x000000000001c0a0                curr_log_level_main
 *fill*         0x000000000001c0a4       0x1c 
 .data.rel.local
                0x000000000001c0c0      0x138 build/native/contiki-ng-native.a(log.o)
                0x000000000001c0c0                all_modules
 .data          0x000000000001c1f8        0x0 build/native/contiki-ng-native.a(ctimer.o)
 *fill*         0x000000000001c1f8        0x8 
 .data.rel.local
                0x000000000001c200       0x20 build/native/contiki-ng-native.a(ctimer.o)
                0x000000000001c200                ctimer_process
 .data          0x000000000001c220        0x0 build/native/contiki-ng-native.a(rtimer.o)
 .data          0x000000000001c220        0x0 build/native/contiki-ng-native.a(node-id.o)
 .data          0x000000000001c220        0x0 build/native/contiki-ng-native.a(process.o)
 .data          0x000000000001c220        0x0 build/native/contiki-ng-native.a(timer.o)
 .data          0x000000000001c220        0x0 build/native/contiki-ng-native.a(list.o)
 .data          0x000000000001c220        0x0 build/native/contiki-ng-native.a(queuebuf.o)
 .data.rel.local
                0x000000000001c220       0x38 build/native/contiki-ng-native.a(queuebuf.o)
 .data          0x000000000001c258        0x0 build/native/contiki-ng-native.a(packetbuf.o)
 .data          0x000000000001c258        0x0 build/native/contiki-ng-native.a(netstack.o)
 .data          0x000000000001c258        0x0 build/native/contiki-ng-native.a(linkaddr.o)
 .data          0x000000000001c258        0x0 build/native/contiki-ng-native.a(nullmac.o)
 .data          0x000000000001c258        0x0 build/native/contiki-ng-native.a(uip-ds6.o)
 .data          0x000000000001c258        0x0 build/native/contiki-ng-native.a(uip-ds6-route.o)
 *fill*         0x000000000001c258        0x8 
 .data.rel.local
                0x000000000001c260       0x18 build/native/contiki-ng-native.a(uip-ds6-route.o)
 .data          0x000000000001c278        0x0 build/native/contiki-ng-native.a(uip-ds6-nbr.o)
 *fill*         0x000000000001c278        0x8 
 .data.rel.local
                0x000000000001c280       0x18 build/native/contiki-ng-native.a(uip-ds6-nbr.o)
 .data          0x000000000001c298        0x0 build/native/contiki-ng-native.a(tcpip.o)
 *fill*         0x000000000001c298        0x8 
 .data.rel.local
                0x000000000001c2a0       0x20 build/native/contiki-ng-native.a(tcpip.o)
                0x000000000001c2a0                tcpip_process
 .data          0x000000000001c2c0        0x0 build/native/contiki-ng-native.a(uip6.o)
 .data          0x000000000001c2c0        0x0 build/native/contiki-ng-native.a(uip-nd6.o)
 .data.rel.local
                0x000000000001c2c0       0x18 build/native/contiki-ng-native.a(uip-nd6.o)
 .data          0x000000000001c2d8        0x0 build/native/contiki-ng-native.a(uiplib.o)
 .data          0x000000000001c2d8        0x0 build/native/contiki-ng-native.a(rpl.o)
 .data          0x000000000001c2d8        0x0 build/native/contiki-ng-native.a(rpl-icmp6.o)
 *fill*         0x000000000001c2d8        0x8 
 .data.rel.local
                0x000000000001c2e0       0x78 build/native/contiki-ng-native.a(rpl-icmp6.o)
 .data          0x000000000001c358        0x0 build/native/contiki-ng-native.a(rpl-dag-root.o)
 .data          0x000000000001c358        0x0 build/native/contiki-ng-native.a(platform.o)
 .data          0x000000000001c358        0x0 build/native/contiki-ng-native.a(clock.o)
 *fill*         0x000000000001c358        0x8 
 .data          0x000000000001c360       0x21 build/native/contiki-ng-native.a(tun6-net.o)
 .data          0x000000000001c381        0x0 build/native/contiki-ng-native.a(rtimer-arch.o)
 .data          0x000000000001c381        0x0 build/native/contiki-ng-native.a(watchdog.o)
 .data          0x000000000001c381        0x0 build/native/contiki-ng-native.a(stimer.o)
 .data          0x000000000001c381        0x0 build/native/contiki-ng-native.a(memb.o)
 .data          0x000000000001c381        0x0 build/native/contiki-ng-native.a(random.o)
 .data          0x000000000001c381        0x0 build/native/contiki-ng-native.a(button-hal.o)
 *fill*         0x000000000001c381       0x1f 
 .data.rel.local
                0x000000000001c3a0       0x20 build/native/contiki-ng-native.a(button-hal.o)
                0x000000000001c3a0                button_hal_process
 .data          0x000000000001c3c0        0x0 build/native/contiki-ng-native.a(serial-line.o)
 .data.rel.local
                0x000000000001c3c0       0x20 build/native/contiki-ng-native.a(serial-line.o)
                0x000000000001c3c0                serial_line_process
 .data          0x000000000001c3e0        0x0 build/native/contiki-ng-native.a(leds.o)
 .data          0x000000000001c3e0        0x0 build/native/contiki-ng-native.a(nullradio.o)
 .data          0x000000000001c3e0        0x0 build/native/contiki-ng-native.a(gpio-hal.o)
 .data          0x000000000001c3e0        0x0 build/native/contiki-ng-native.a(nbr-table.o)
 .data.rel.local
                0x000000000001c3e0       0x18 build/native/contiki-ng-native.a(nbr-table.o)
 .data          0x000000000001c3f8        0x0 build/native/contiki-ng-native.a(link-stats.o)
 *fill*         0x000000000001c3f8        0x8 
 .data.rel.local
                0x000000000001c400       0x18 build/native/contiki-ng-native.a(link-stats.o)
 .data          0x000000000001c418        0x0 build/native/contiki-ng-native.a(uipbuf.o)
 .data          0x000000000001c418        0x0 build/native/contiki-ng-native.a(uip-icmp6.o)
 *fill*         0x000000000001c418        0x8 
 .data.rel.local
                0x000000000001c420       0x38 build/native/contiki-ng-native.a(uip-icmp6.o)
 .data          0x000000000001c458        0x0 build/native/contiki-ng-native.a(uip-sr.o)
 *fill*         0x000000000001c458        0x8 
 .data.rel.local
                0x000000000001c460       0x18 build/native/contiki-ng-native.a(uip-sr.o)
 .data          0x000000000001c478        0x0 build/native/contiki-ng-native.a(uip-packetqueue)
 *fill*         0x000000000001c478        0x8 
 .data.rel.local
                0x000000000001c480       0x18 build/native/contiki-ng-native.a(uip-packetqueue)
 .data          0x000000000001c498        0x0 build/native/contiki-ng-native.a(rpl-dag.o)
 .data          0x000000000001c498        0x0 build/native/contiki-ng-native.a(rpl-neighbor.o)
 *fill*         0x000000000001c498        0x8 
 .data.rel.local
                0x000000000001c4a0       0x28 build/native/contiki-ng-native.a(rpl-neighbor.o)
                0x000000000001c4a0                rpl_neighbors
 .data          0x000000000001c4c8        0x0 build/native/contiki-ng-native.a(rpl-timers.o)
 .data          0x000000000001c4c8        0x0 build/native/contiki-ng-native.a(rpl-ext-header.)
 .data          0x000000000001c4c8        0x0 build/native/contiki-ng-native.a(rpl-nbr-policy.)
 .data          0x000000000001c4c8        0x0 build/native/contiki-ng-native.a(rpl-mrhof.o)
 *fill*         0x000000000001c4c8       0x18 
 .data.rel.local
                0x000000000001c4e0       0x48 build/native/contiki-ng-native.a(rpl-mrhof.o)
                0x000000000001c4e0                rpl_mrhof
 .data          0x000000000001c528        0x0 build/native/contiki-ng-native.a(buttons.o)
 .data          0x000000000001c528        0x0 build/native/contiki-ng-native.a(int-master.o)
 .data          0x000000000001c528        0x0 build/native/contiki-ng-native.a(gpio-hal-arch.o)
 .data          0x000000000001c528        0x0 build/native/contiki-ng-native.a(ringbuf.o)
 .data          0x000000000001c528        0x0 /usr/lib/x86_64-linux-gnu/libc_nonshared.a(elf-init.oS)
 .data          0x000000000001c528        0x0 /usr/lib/x86_64-linux-gnu/libc_nonshared.a(atexit.oS)
 .data          0x000000000001c528        0x0 /usr/lib/gcc/x86_64-linux-gnu/9/crtendS.o
 .data          0x000000000001c528        0x0 /usr/lib/gcc/x86_64-linux-gnu/9/../../../x86_64-linux-gnu/crtn.o

.tm_clone_table
                0x000000000001c528        0x0
 .tm_clone_table
                0x000000000001c528        0x0 /usr/lib/gcc/x86_64-linux-gnu/9/crtbeginS.o
 .tm_clone_table
                0x000000000001c528        0x0 /usr/lib/gcc/x86_64-linux-gnu/9/crtendS.o

.data1
 *(.data1)
                0x000000000001c528                _edata = .
                [!provide]                        PROVIDE (edata = .)
                0x000000000001c528                . = .
                0x000000000001c528                __bss_start = .

.bss            0x000000000001c540     0xdf40
 *(.dynbss)
 .dynbss        0x000000000001c540       0x28 /usr/lib/gcc/x86_64-linux-gnu/9/../../../x86_64-linux-gnu/Scrt1.o
                0x000000000001c540                stdout@@GLIBC_2.2.5
                0x000000000001c560                stderr@@GLIBC_2.2.5
 *(.bss .bss.* .gnu.linkonce.b.*)
 .bss           0x000000000001c568        0x0 /usr/lib/gcc/x86_64-linux-gnu/9/../../../x86_64-linux-gnu/Scrt1.o
 .bss           0x000000000001c568        0x0 /usr/lib/gcc/x86_64-linux-gnu/9/../../../x86_64-linux-gnu/crti.o
 .bss           0x000000000001c568        0x1 /usr/lib/gcc/x86_64-linux-gnu/9/crtbeginS.o
 *fill*         0x000000000001c569        0x7 
 .bss           0x000000000001c570       0x2d final.o
 .bss           0x000000000001c59d        0x0 build/native/contiki-ng-native.a(contiki-main.o)
 .bss           0x000000000001c59d        0x0 build/native/contiki-ng-native.a(autostart.o)
 .bss           0x000000000001c59d        0x0 build/native/contiki-ng-native.a(energest.o)
 *fill*         0x000000000001c59d        0x3 
 .bss           0x000000000001c5a0       0x10 build/native/contiki-ng-native.a(etimer.o)
 .bss           0x000000000001c5b0       0x2c build/native/contiki-ng-native.a(log.o)
                0x000000000001c5b0                curr_log_level_lwm2m
                0x000000000001c5b4                curr_log_level_snmp
                0x000000000001c5b8                curr_log_level_coap
                0x000000000001c5bc                curr_log_level_6top
                0x000000000001c5c0                curr_log_level_framer
                0x000000000001c5c4                curr_log_level_mac
                0x000000000001c5c8                curr_log_level_nullnet
                0x000000000001c5cc                curr_log_level_6lowpan
                0x000000000001c5d0                curr_log_level_ipv6
                0x000000000001c5d4                curr_log_level_tcpip
                0x000000000001c5d8                curr_log_level_rpl
 *fill*         0x000000000001c5dc        0x4 
 .bss           0x000000000001c5e0       0x10 build/native/contiki-ng-native.a(ctimer.o)
 .bss           0x000000000001c5f0        0x8 build/native/contiki-ng-native.a(rtimer.o)
 .bss           0x000000000001c5f8        0x2 build/native/contiki-ng-native.a(node-id.o)
                0x000000000001c5f8                node_id
 *fill*         0x000000000001c5fa        0x6 
 .bss           0x000000000001c600      0x323 build/native/contiki-ng-native.a(process.o)
                0x000000000001c600                process_current
                0x000000000001c608                process_list
 .bss           0x000000000001c923        0x0 build/native/contiki-ng-native.a(timer.o)
 .bss           0x000000000001c923        0x0 build/native/contiki-ng-native.a(list.o)
 *fill*         0x000000000001c923       0x1d 
 .bss           0x000000000001c940     0x2d80 build/native/contiki-ng-native.a(queuebuf.o)
 .bss           0x000000000001f6c0       0x86 build/native/contiki-ng-native.a(packetbuf.o)
 *fill*         0x000000000001f746        0x2 
 .bss           0x000000000001f748        0x8 build/native/contiki-ng-native.a(netstack.o)
 .bss           0x000000000001f750        0x0 build/native/contiki-ng-native.a(linkaddr.o)
 .bss           0x000000000001f750        0x0 build/native/contiki-ng-native.a(nullmac.o)
 .bss           0x000000000001f750       0x40 build/native/contiki-ng-native.a(uip-ds6.o)
 *fill*         0x000000000001f790       0x10 
 .bss           0x000000000001f7a0       0x70 build/native/contiki-ng-native.a(uip-ds6-route.o)
 *fill*         0x000000000001f810       0x10 
 .bss           0x000000000001f820     0x2580 build/native/contiki-ng-native.a(uip-ds6-nbr.o)
 .bss           0x0000000000021da0       0x20 build/native/contiki-ng-native.a(tcpip.o)
 .bss           0x0000000000021dc0        0x8 build/native/contiki-ng-native.a(uip6.o)
                0x0000000000021dc0                uip_last_proto
                0x0000000000021dc2                uip_ext_len
                0x0000000000021dc4                uip_ext_bitmap
 .bss           0x0000000000021dc8       0x1a build/native/contiki-ng-native.a(uip-nd6.o)
 .bss           0x0000000000021de2        0x0 build/native/contiki-ng-native.a(uiplib.o)
 .bss           0x0000000000021de2        0x1 build/native/contiki-ng-native.a(rpl.o)
 .bss           0x0000000000021de3        0x0 build/native/contiki-ng-native.a(rpl-icmp6.o)
 *fill*         0x0000000000021de3        0xd 
 .bss           0x0000000000021df0       0x11 build/native/contiki-ng-native.a(rpl-dag-root.o)
 *fill*         0x0000000000021e01       0x1f 
 .bss           0x0000000000021e20       0x60 build/native/contiki-ng-native.a(platform.o)
                0x0000000000021e20                contiki_argc
 .bss           0x0000000000021e80        0x0 build/native/contiki-ng-native.a(clock.o)
 .bss           0x0000000000021e80        0x0 build/native/contiki-ng-native.a(tun6-net.o)
 .bss           0x0000000000021e80        0x0 build/native/contiki-ng-native.a(rtimer-arch.o)
 .bss           0x0000000000021e80        0x0 build/native/contiki-ng-native.a(watchdog.o)
 .bss           0x0000000000021e80        0x0 build/native/contiki-ng-native.a(stimer.o)
 .bss           0x0000000000021e80        0x0 build/native/contiki-ng-native.a(memb.o)
 .bss           0x0000000000021e80        0x0 build/native/contiki-ng-native.a(random.o)
 .bss           0x0000000000021e80       0x1c build/native/contiki-ng-native.a(button-hal.o)
 *fill*         0x0000000000021e9c        0x4 
 .bss           0x0000000000021ea0      0x150 build/native/contiki-ng-native.a(serial-line.o)
 .bss           0x0000000000021ff0        0x0 build/native/contiki-ng-native.a(leds.o)
 .bss           0x0000000000021ff0        0x0 build/native/contiki-ng-native.a(nullradio.o)
 .bss           0x0000000000021ff0        0x8 build/native/contiki-ng-native.a(gpio-hal.o)
 *fill*         0x0000000000021ff8        0x8 
 .bss           0x0000000000022000     0x16cc build/native/contiki-ng-native.a(nbr-table.o)
 *fill*         0x00000000000236cc       0x14 
 .bss           0x00000000000236e0     0x12c0 build/native/contiki-ng-native.a(link-stats.o)
 .bss           0x00000000000249a0       0x1c build/native/contiki-ng-native.a(uipbuf.o)
 *fill*         0x00000000000249bc        0x4 
 .bss           0x00000000000249c0       0x20 build/native/contiki-ng-native.a(uip-icmp6.o)
 .bss           0x00000000000249e0     0x301c build/native/contiki-ng-native.a(uip-sr.o)
 *fill*         0x00000000000279fc        0x4 
 .bss           0x0000000000027a00      0xab2 build/native/contiki-ng-native.a(uip-packetqueue)
 .bss           0x00000000000284b2        0x0 build/native/contiki-ng-native.a(rpl-dag.o)
 *fill*         0x00000000000284b2        0xe 
 .bss           0x00000000000284c0     0x12c0 build/native/contiki-ng-native.a(rpl-neighbor.o)
 .bss           0x0000000000029780       0x80 build/native/contiki-ng-native.a(rpl-timers.o)
 .bss           0x0000000000029800        0x0 build/native/contiki-ng-native.a(rpl-ext-header.)
 .bss           0x0000000000029800       0x14 build/native/contiki-ng-native.a(rpl-nbr-policy.)
 .bss           0x0000000000029814        0x0 build/native/contiki-ng-native.a(rpl-mrhof.o)
 *fill*         0x0000000000029814        0x4 
 .bss           0x0000000000029818        0x8 build/native/contiki-ng-native.a(buttons.o)
                0x0000000000029818                button_hal_buttons
 .bss           0x0000000000029820        0x4 build/native/contiki-ng-native.a(int-master.o)
 *fill*         0x0000000000029824       0x1c 
 .bss           0x0000000000029840       0xa0 build/native/contiki-ng-native.a(gpio-hal-arch.o)
 .bss           0x00000000000298e0        0x0 build/native/contiki-ng-native.a(ringbuf.o)
 .bss           0x00000000000298e0        0x0 /usr/lib/x86_64-linux-gnu/libc_nonshared.a(elf-init.oS)
 .bss           0x00000000000298e0        0x0 /usr/lib/x86_64-linux-gnu/libc_nonshared.a(atexit.oS)
 .bss           0x00000000000298e0        0x0 /usr/lib/gcc/x86_64-linux-gnu/9/crtendS.o
 .bss           0x00000000000298e0        0x0 /usr/lib/gcc/x86_64-linux-gnu/9/../../../x86_64-linux-gnu/crtn.o
 *(COMMON)
 COMMON         0x00000000000298e0       0x30 build/native/contiki-ng-native.a(packetbuf.o)
                0x00000000000298e0                packetbuf_attrs
                0x0000000000029900                packetbuf_addrs
 COMMON         0x0000000000029910        0x8 build/native/contiki-ng-native.a(linkaddr.o)
                0x0000000000029910                linkaddr_node_addr
 *fill*         0x0000000000029918        0x8 
 COMMON         0x0000000000029920      0x1f1 build/native/contiki-ng-native.a(uip-ds6.o)
                0x0000000000029920                uip_ds6_prefix_list
                0x0000000000029980                uip_ds6_timer_periodic
                0x00000000000299a0                uip_ds6_netif_addr_list_offset
                0x00000000000299c0                uip_ds6_if
                0x0000000000029b00                uip_ds6_timer_ra
                0x0000000000029b10                uip_ds6_addr_size
 COMMON         0x0000000000029b11        0x1 build/native/contiki-ng-native.a(tcpip.o)
                0x0000000000029b11                tcpip_event
 *fill*         0x0000000000029b12        0xe 
 COMMON         0x0000000000029b20      0x690 build/native/contiki-ng-native.a(uip6.o)
                0x0000000000029b20                uip_slen
                0x0000000000029b28                uip_lladdr
                0x0000000000029b30                uip_appdata
                0x0000000000029b38                uip_flags
                0x0000000000029b40                uip_aligned_buf
                0x000000000002a040                uip_len
                0x000000000002a048                uip_sappdata
                0x000000000002a060                uip_udp_conns
                0x000000000002a1a0                uip_udp_conn
                0x000000000002a1a8                uip_conn
 COMMON         0x000000000002a1b0       0x10 build/native/contiki-ng-native.a(rpl.o)
                0x000000000002a1b0                rpl_multicast_addr
 COMMON         0x000000000002a1c0        0x8 build/native/contiki-ng-native.a(platform.o)
                0x000000000002a1c0                contiki_argv
 COMMON         0x000000000002a1c8        0x3 build/native/contiki-ng-native.a(button-hal.o)
                0x000000000002a1c8                button_hal_periodic_event
                0x000000000002a1c9                button_hal_press_event
                0x000000000002a1ca                button_hal_release_event
 COMMON         0x000000000002a1cb        0x1 build/native/contiki-ng-native.a(serial-line.o)
                0x000000000002a1cb                serial_line_event_message
 *fill*         0x000000000002a1cc       0x14 
 COMMON         0x000000000002a1e0       0x40 build/native/contiki-ng-native.a(link-stats.o)
                0x000000000002a1e0                periodic_timer
 COMMON         0x000000000002a220      0x260 build/native/contiki-ng-native.a(rpl-dag.o)
                0x000000000002a220                curr_instance
                0x000000000002a480                . = ALIGN ((. != 0x0)?0x8:0x1)

.lbss
 *(.dynlbss)
 *(.lbss .lbss.* .gnu.linkonce.lb.*)
 *(LARGE_COMMON)
                0x000000000002a480                . = ALIGN (0x8)
                0x000000000002a480                . = SEGMENT_START ("ldata-segment", .)

.lrodata
 *(.lrodata .lrodata.* .gnu.linkonce.lr.*)

.ldata          0x000000000002c480        0x0
 *(.ldata .ldata.* .gnu.linkonce.l.*)
                0x000000000002c480                . = ALIGN ((. != 0x0)?0x8:0x1)
                0x000000000002c480                . = ALIGN (0x8)
                0x000000000002a480                _end = .
                [!provide]                        PROVIDE (end = .)
                0x000000000002c480                . = DATA_SEGMENT_END (.)

.stab
 *(.stab)

.stabstr
 *(.stabstr)

.stab.excl
 *(.stab.excl)

.stab.exclstr
 *(.stab.exclstr)

.stab.index
 *(.stab.index)

.stab.indexstr
 *(.stab.indexstr)

.comment        0x0000000000000000       0x2a
 *(.comment)
 .comment       0x0000000000000000       0x2a /usr/lib/gcc/x86_64-linux-gnu/9/crtbeginS.o
                                         0x2b (size before relaxing)
 .comment       0x000000000000002a       0x2b final.o
 .comment       0x000000000000002a       0x2b build/native/contiki-ng-native.a(contiki-main.o)
 .comment       0x000000000000002a       0x2b build/native/contiki-ng-native.a(autostart.o)
 .comment       0x000000000000002a       0x2b build/native/contiki-ng-native.a(energest.o)
 .comment       0x000000000000002a       0x2b build/native/contiki-ng-native.a(etimer.o)
 .comment       0x000000000000002a       0x2b build/native/contiki-ng-native.a(log.o)
 .comment       0x000000000000002a       0x2b build/native/contiki-ng-native.a(ctimer.o)
 .comment       0x000000000000002a       0x2b build/native/contiki-ng-native.a(rtimer.o)
 .comment       0x000000000000002a       0x2b build/native/contiki-ng-native.a(node-id.o)
 .comment       0x000000000000002a       0x2b build/native/contiki-ng-native.a(process.o)
 .comment       0x000000000000002a       0x2b build/native/contiki-ng-native.a(timer.o)
 .comment       0x000000000000002a       0x2b build/native/contiki-ng-native.a(list.o)
 .comment       0x000000000000002a       0x2b build/native/contiki-ng-native.a(queuebuf.o)
 .comment       0x000000000000002a       0x2b build/native/contiki-ng-native.a(packetbuf.o)
 .comment       0x000000000000002a       0x2b build/native/contiki-ng-native.a(netstack.o)
 .comment       0x000000000000002a       0x2b build/native/contiki-ng-native.a(linkaddr.o)
 .comment       0x000000000000002a       0x2b build/native/contiki-ng-native.a(nullmac.o)
 .comment       0x000000000000002a       0x2b build/native/contiki-ng-native.a(uip-ds6.o)
 .comment       0x000000000000002a       0x2b build/native/contiki-ng-native.a(uip-ds6-route.o)
 .comment       0x000000000000002a       0x2b build/native/contiki-ng-native.a(uip-ds6-nbr.o)
 .comment       0x000000000000002a       0x2b build/native/contiki-ng-native.a(tcpip.o)
 .comment       0x000000000000002a       0x2b build/native/contiki-ng-native.a(uip6.o)
 .comment       0x000000000000002a       0x2b build/native/contiki-ng-native.a(uip-nd6.o)
 .comment       0x000000000000002a       0x2b build/native/contiki-ng-native.a(uiplib.o)
 .comment       0x000000000000002a       0x2b build/native/contiki-ng-native.a(rpl.o)
 .comment       0x000000000000002a       0x2b build/native/contiki-ng-native.a(rpl-icmp6.o)
 .comment       0x000000000000002a       0x2b build/native/contiki-ng-native.a(rpl-dag-root.o)
 .comment       0x000000000000002a       0x2b build/native/contiki-ng-native.a(platform.o)
 .comment       0x000000000000002a       0x2b build/native/contiki-ng-native.a(clock.o)
 .comment       0x000000000000002a       0x2b build/native/contiki-ng-native.a(tun6-net.o)
 .comment       0x000000000000002a       0x2b build/native/contiki-ng-native.a(rtimer-arch.o)
 .comment       0x000000000000002a       0x2b build/native/contiki-ng-native.a(watchdog.o)
 .comment       0x000000000000002a       0x2b build/native/contiki-ng-native.a(stimer.o)
 .comment       0x000000000000002a       0x2b build/native/contiki-ng-native.a(memb.o)
 .comment       0x000000000000002a       0x2b build/native/contiki-ng-native.a(random.o)
 .comment       0x000000000000002a       0x2b build/native/contiki-ng-native.a(button-hal.o)
 .comment       0x000000000000002a       0x2b build/native/contiki-ng-native.a(serial-line.o)
 .comment       0x000000000000002a       0x2b build/native/contiki-ng-native.a(leds.o)
 .comment       0x000000000000002a       0x2b build/native/contiki-ng-native.a(nullradio.o)
 .comment       0x000000000000002a       0x2b build/native/contiki-ng-native.a(gpio-hal.o)
 .comment       0x000000000000002a       0x2b build/native/contiki-ng-native.a(nbr-table.o)
 .comment       0x000000000000002a       0x2b build/native/contiki-ng-native.a(link-stats.o)
 .comment       0x000000000000002a       0x2b build/native/contiki-ng-native.a(uipbuf.o)
 .comment       0x000000000000002a       0x2b build/native/contiki-ng-native.a(uip-icmp6.o)
 .comment       0x000000000000002a       0x2b build/native/contiki-ng-native.a(uip-sr.o)
 .comment       0x000000000000002a       0x2b build/native/contiki-ng-native.a(uip-packetqueue)
 .comment       0x000000000000002a       0x2b build/native/contiki-ng-native.a(rpl-dag.o)
 .comment       0x000000000000002a       0x2b build/native/contiki-ng-native.a(rpl-neighbor.o)
 .comment       0x000000000000002a       0x2b build/native/contiki-ng-native.a(rpl-timers.o)
 .comment       0x000000000000002a       0x2b build/native/contiki-ng-native.a(rpl-ext-header.)
 .comment       0x000000000000002a       0x2b build/native/contiki-ng-native.a(rpl-nbr-policy.)
 .comment       0x000000000000002a       0x2b build/native/contiki-ng-native.a(rpl-mrhof.o)
 .comment       0x000000000000002a       0x2b build/native/contiki-ng-native.a(buttons.o)
 .comment       0x000000000000002a       0x2b build/native/contiki-ng-native.a(int-master.o)
 .comment       0x000000000000002a       0x2b build/native/contiki-ng-native.a(gpio-hal-arch.o)
 .comment       0x000000000000002a       0x2b build/native/contiki-ng-native.a(ringbuf.o)
 .comment       0x000000000000002a       0x2b /usr/lib/gcc/x86_64-linux-gnu/9/crtendS.o

.gnu.build.attributes
 *(.gnu.build.attributes .gnu.build.attributes.*)

.debug
 *(.debug)

.line
 *(.line)

.debug_srcinfo
 *(.debug_srcinfo)

.debug_sfnames
 *(.debug_sfnames)

.debug_aranges  0x0000000000000000      0xa70
 *(.debug_aranges)
 .debug_aranges
                0x0000000000000000       0x30 final.o
 .debug_aranges
                0x0000000000000030       0x30 build/native/contiki-ng-native.a(contiki-main.o)
 .debug_aranges
                0x0000000000000060       0x30 build/native/contiki-ng-native.a(autostart.o)
 .debug_aranges
                0x0000000000000090       0x30 build/native/contiki-ng-native.a(energest.o)
 .debug_aranges
                0x00000000000000c0       0x30 build/native/contiki-ng-native.a(etimer.o)
 .debug_aranges
                0x00000000000000f0       0x30 build/native/contiki-ng-native.a(log.o)
 .debug_aranges
                0x0000000000000120       0x30 build/native/contiki-ng-native.a(ctimer.o)
 .debug_aranges
                0x0000000000000150       0x30 build/native/contiki-ng-native.a(rtimer.o)
 .debug_aranges
                0x0000000000000180       0x30 build/native/contiki-ng-native.a(node-id.o)
 .debug_aranges
                0x00000000000001b0       0x30 build/native/contiki-ng-native.a(process.o)
 .debug_aranges
                0x00000000000001e0       0x30 build/native/contiki-ng-native.a(timer.o)
 .debug_aranges
                0x0000000000000210       0x30 build/native/contiki-ng-native.a(list.o)
 .debug_aranges
                0x0000000000000240       0x30 build/native/contiki-ng-native.a(queuebuf.o)
 .debug_aranges
                0x0000000000000270       0x30 build/native/contiki-ng-native.a(packetbuf.o)
 .debug_aranges
                0x00000000000002a0       0x30 build/native/contiki-ng-native.a(netstack.o)
 .debug_aranges
                0x00000000000002d0       0x30 build/native/contiki-ng-native.a(linkaddr.o)
 .debug_aranges
                0x0000000000000300       0x30 build/native/contiki-ng-native.a(nullmac.o)
 .debug_aranges
                0x0000000000000330       0x30 build/native/contiki-ng-native.a(uip-ds6.o)
 .debug_aranges
                0x0000000000000360       0x30 build/native/contiki-ng-native.a(uip-ds6-route.o)
 .debug_aranges
                0x0000000000000390       0x30 build/native/contiki-ng-native.a(uip-ds6-nbr.o)