Archive member included to satisfy reference by file (symbol)

build/native/contiki-ng-native.a(contiki-main.o)
                              /usr/lib/gcc/x86_64-linux-gnu/9/../../../x86_64-linux-gnu/Scrt1.o (main)
build/native/contiki-ng-native.a(autostart.o)
                              build/native/contiki-ng-native.a(contiki-main.o) (autostart_start)
build/native/contiki-ng-native.a(energest.o)
                              build/native/contiki-ng-native.a(contiki-main.o) (energest_init)
build/native/contiki-ng-native.a(etimer.o)
                              build/native/contiki-ng-native.a(contiki-main.o) (etimer_process)
build/native/contiki-ng-native.a(log.o)
                              build/native/contiki-ng-native.a(contiki-main.o) (log_6addr)
build/native/contiki-ng-native.a(ctimer.o)
                              build/native/contiki-ng-native.a(contiki-main.o) (ctimer_init)
build/native/contiki-ng-native.a(rtimer.o)
                              build/native/contiki-ng-native.a(contiki-main.o) (rtimer_init)
build/native/contiki-ng-native.a(node-id.o)
                              build/native/contiki-ng-native.a(contiki-main.o) (node_id_init)
build/native/contiki-ng-native.a(process.o)
                              build/native/contiki-ng-native.a(etimer.o) (process_current)
build/native/contiki-ng-native.a(timer.o)
                              build/native/contiki-ng-native.a(etimer.o) (timer_set)
build/native/contiki-ng-native.a(list.o)
                              build/native/contiki-ng-native.a(ctimer.o) (list_init)
build/native/contiki-ng-native.a(random.o)
                              hello-world.o (random_rand)
build/native/contiki-ng-native.a(queuebuf.o)
                              build/native/contiki-ng-native.a(contiki-main.o) (queuebuf_init)
build/native/contiki-ng-native.a(packetbuf.o)
                              build/native/contiki-ng-native.a(queuebuf.o) (packetbuf_copyto)
build/native/contiki-ng-native.a(netstack.o)
                              build/native/contiki-ng-native.a(contiki-main.o) (netstack_init)
build/native/contiki-ng-native.a(linkaddr.o)
                              build/native/contiki-ng-native.a(packetbuf.o) (linkaddr_copy)
build/native/contiki-ng-native.a(nullmac.o)
                              build/native/contiki-ng-native.a(contiki-main.o) (nullmac_driver)
build/native/contiki-ng-native.a(uip-ds6.o)
                              build/native/contiki-ng-native.a(contiki-main.o) (uip_ds6_get_link_local)
build/native/contiki-ng-native.a(uip-ds6-route.o)
                              build/native/contiki-ng-native.a(uip-ds6.o) (uip_ds6_route_init)
build/native/contiki-ng-native.a(uip-ds6-nbr.o)
                              build/native/contiki-ng-native.a(uip-ds6.o) (uip_ds6_neighbors_init)
build/native/contiki-ng-native.a(tcpip.o)
                              build/native/contiki-ng-native.a(contiki-main.o) (tcpip_process)
build/native/contiki-ng-native.a(uip6.o)
                              build/native/contiki-ng-native.a(tcpip.o) (uip_aligned_buf)
build/native/contiki-ng-native.a(uip-nd6.o)
                              build/native/contiki-ng-native.a(uip6.o) (uip_nd6_init)
build/native/contiki-ng-native.a(uiplib.o)
                              build/native/contiki-ng-native.a(log.o) (uiplib_ipaddr_snprint)
build/native/contiki-ng-native.a(rpl.o)
                              build/native/contiki-ng-native.a(contiki-main.o) (rpl_lite_driver)
build/native/contiki-ng-native.a(rpl-icmp6.o)
                              build/native/contiki-ng-native.a(rpl.o) (rpl_icmp6_init)
build/native/contiki-ng-native.a(rpl-dag-root.o)
                              build/native/contiki-ng-native.a(rpl.o) (rpl_dag_root_set_prefix)
build/native/contiki-ng-native.a(platform.o)
                              build/native/contiki-ng-native.a(contiki-main.o) (platform_process_args)
build/native/contiki-ng-native.a(clock.o)
                              build/native/contiki-ng-native.a(etimer.o) (clock_time)
build/native/contiki-ng-native.a(tun6-net.o)
                              build/native/contiki-ng-native.a(contiki-main.o) (tun6_net_driver)
build/native/contiki-ng-native.a(rtimer-arch.o)
                              build/native/contiki-ng-native.a(rtimer.o) (rtimer_arch_init)
build/native/contiki-ng-native.a(watchdog.o)
                              build/native/contiki-ng-native.a(contiki-main.o) (watchdog_init)
build/native/contiki-ng-native.a(stimer.o)
                              build/native/contiki-ng-native.a(uip-ds6.o) (stimer_set)
build/native/contiki-ng-native.a(memb.o)
                              build/native/contiki-ng-native.a(queuebuf.o) (memb_init)
build/native/contiki-ng-native.a(button-hal.o)
                              build/native/contiki-ng-native.a(platform.o) (button_hal_init)
build/native/contiki-ng-native.a(serial-line.o)
                              build/native/contiki-ng-native.a(platform.o) (serial_line_input_byte)
[...]
Memory Configuration

Name             Origin             Length             Attributes
*default*        0x0000000000000000 0xffffffffffffffff

Linker script and memory map

LOAD /usr/lib/gcc/x86_64-linux-gnu/9/../../../x86_64-linux-gnu/Scrt1.o
LOAD /usr/lib/gcc/x86_64-linux-gnu/9/../../../x86_64-linux-gnu/crti.o
LOAD /usr/lib/gcc/x86_64-linux-gnu/9/crtbeginS.o
LOAD hello-world.o
LOAD build/native/contiki-ng-native.a
LOAD /usr/lib/gcc/x86_64-linux-gnu/9/../../../x86_64-linux-gnu/librt.so
LOAD /usr/lib/gcc/x86_64-linux-gnu/9/libgcc.a
LOAD /usr/lib/gcc/x86_64-linux-gnu/9/libgcc_s.so
START GROUP
LOAD /usr/lib/gcc/x86_64-linux-gnu/9/../../../x86_64-linux-gnu/libgcc_s.so.1
LOAD /usr/lib/gcc/x86_64-linux-gnu/9/libgcc.a
END GROUP
LOAD /usr/lib/gcc/x86_64-linux-gnu/9/../../../x86_64-linux-gnu/libc.so
START GROUP
LOAD /lib/x86_64-linux-gnu/libc.so.6
LOAD /usr/lib/x86_64-linux-gnu/libc_nonshared.a
LOAD /lib/x86_64-linux-gnu/ld-linux-x86-64.so.2
END GROUP
LOAD /usr/lib/gcc/x86_64-linux-gnu/9/libgcc.a
LOAD /usr/lib/gcc/x86_64-linux-gnu/9/libgcc_s.so
START GROUP
LOAD /usr/lib/gcc/x86_64-linux-gnu/9/../../../x86_64-linux-gnu/libgcc_s.so.1
LOAD /usr/lib/gcc/x86_64-linux-gnu/9/libgcc.a
END GROUP
LOAD /usr/lib/gcc/x86_64-linux-gnu/9/crtendS.o
LOAD /usr/lib/gcc/x86_64-linux-gnu/9/../../../x86_64-linux-gnu/crtn.o
                [!provide]                        PROVIDE (__executable_start = SEGMENT_START ("text-segment", 0x0))
                0x0000000000000318                . = (SEGMENT_START ("text-segment", 0x0) + SIZEOF_HEADERS)

.interp         0x0000000000000318       0x1c
 *(.interp)
 .interp        0x0000000000000318       0x1c /usr/lib/gcc/x86_64-linux-gnu/9/../../../x86_64-linux-gnu/Scrt1.o

.note.gnu.property
                0x0000000000000338       0x20
 .note.gnu.property
                0x0000000000000338       0x20 /usr/lib/gcc/x86_64-linux-gnu/9/../../../x86_64-linux-gnu/Scrt1.o

.note.gnu.build-id
                0x0000000000000358       0x24
 *(.note.gnu.build-id)
 .note.gnu.build-id
                0x0000000000000358       0x24 /usr/lib/gcc/x86_64-linux-gnu/9/../../../x86_64-linux-gnu/Scrt1.o

.note.ABI-tag   0x000000000000037c       0x20
 .note.ABI-tag  0x000000000000037c       0x20 /usr/lib/gcc/x86_64-linux-gnu/9/../../../x86_64-linux-gnu/Scrt1.o

.hash
 *(.hash)

.gnu.hash       0x00000000000003a0      0xda8
 *(.gnu.hash)
 .gnu.hash      0x00000000000003a0      0xda8 /usr/lib/gcc/x86_64-linux-gnu/9/../../../x86_64-linux-gnu/Scrt1.o

.dynsym         0x0000000000001148     0x30d8
 *(.dynsym)
 .dynsym        0x0000000000001148     0x30d8 /usr/lib/gcc/x86_64-linux-gnu/9/../../../x86_64-linux-gnu/Scrt1.o

.dynstr         0x0000000000004220     0x24c0
 *(.dynstr)
 .dynstr        0x0000000000004220     0x24c0 /usr/lib/gcc/x86_64-linux-gnu/9/../../../x86_64-linux-gnu/Scrt1.o

.gnu.version    0x00000000000066e0      0x412
 *(.gnu.version)
 .gnu.version   0x00000000000066e0      0x412 /usr/lib/gcc/x86_64-linux-gnu/9/../../../x86_64-linux-gnu/Scrt1.o

.gnu.version_d  0x0000000000006af8        0x0
 *(.gnu.version_d)
 .gnu.version_d
                0x0000000000006af8        0x0 /usr/lib/gcc/x86_64-linux-gnu/9/../../../x86_64-linux-gnu/Scrt1.o

.gnu.version_r  0x0000000000006af8       0x80
 *(.gnu.version_r)
 .gnu.version_r
                0x0000000000006af8       0x80 /usr/lib/gcc/x86_64-linux-gnu/9/../../../x86_64-linux-gnu/Scrt1.o

.rela.dyn       0x0000000000006b78      0xcd8
 *(.rela.init)
 *(.rela.text .rela.text.* .rela.gnu.linkonce.t.*)
 .rela.text.startup
                0x0000000000006b78        0x0 /usr/lib/gcc/x86_64-linux-gnu/9/../../../x86_64-linux-gnu/Scrt1.o
 .rela.text     0x0000000000006b78        0x0 /usr/lib/gcc/x86_64-linux-gnu/9/../../../x86_64-linux-gnu/Scrt1.o
 *(.rela.fini)
 *(.rela.rodata .rela.rodata.* .rela.gnu.linkonce.r.*)
 *(.rela.data .rela.data.* .rela.gnu.linkonce.d.*)
 .rela.data.rel.ro
                0x0000000000006b78      0x1f8 /usr/lib/gcc/x86_64-linux-gnu/9/../../../x86_64-linux-gnu/Scrt1.o
 .rela.data.rel.local
                0x0000000000006d70      0x6f0 /usr/lib/gcc/x86_64-linux-gnu/9/../../../x86_64-linux-gnu/Scrt1.o
 .rela.data.rel.ro.local
                0x0000000000007460      0x318 /usr/lib/gcc/x86_64-linux-gnu/9/../../../x86_64-linux-gnu/Scrt1.o
 *(.rela.tdata .rela.tdata.* .rela.gnu.linkonce.td.*)
 *(.rela.tbss .rela.tbss.* .rela.gnu.linkonce.tb.*)
 *(.rela.ctors)
 *(.rela.dtors)
 *(.rela.got)
 .rela.got      0x0000000000007778       0x78 /usr/lib/gcc/x86_64-linux-gnu/9/../../../x86_64-linux-gnu/Scrt1.o
 *(.rela.bss .rela.bss.* .rela.gnu.linkonce.b.*)
 .rela.bss      0x00000000000077f0       0x30 /usr/lib/gcc/x86_64-linux-gnu/9/../../../x86_64-linux-gnu/Scrt1.o
 *(.rela.ldata .rela.ldata.* .rela.gnu.linkonce.l.*)
 *(.rela.lbss .rela.lbss.* .rela.gnu.linkonce.lb.*)
 *(.rela.lrodata .rela.lrodata.* .rela.gnu.linkonce.lr.*)
 *(.rela.ifunc)
 .rela.ifunc    0x0000000000007820        0x0 /usr/lib/gcc/x86_64-linux-gnu/9/../../../x86_64-linux-gnu/Scrt1.o
 .rela.fini_array
                0x0000000000007820       0x18 /usr/lib/gcc/x86_64-linux-gnu/9/../../../x86_64-linux-gnu/Scrt1.o
 .rela.init_array
                0x0000000000007838       0x18 /usr/lib/gcc/x86_64-linux-gnu/9/../../../x86_64-linux-gnu/Scrt1.o

.rela.plt       0x0000000000007850      0x378
 *(.rela.plt)
 .rela.plt      0x0000000000007850      0x378 /usr/lib/gcc/x86_64-linux-gnu/9/../../../x86_64-linux-gnu/Scrt1.o
 *(.rela.iplt)
                0x0000000000008000                . = ALIGN (CONSTANT (MAXPAGESIZE))

.init           0x0000000000008000       0x1b
 *(SORT_NONE(.init))
 .init          0x0000000000008000       0x16 /usr/lib/gcc/x86_64-linux-gnu/9/../../../x86_64-linux-gnu/crti.o
                0x0000000000008000                _init
 .init          0x0000000000008016        0x5 /usr/lib/gcc/x86_64-linux-gnu/9/../../../x86_64-linux-gnu/crtn.o

.plt            0x0000000000008020      0x260
 *(.plt)
 .plt           0x0000000000008020      0x260 /usr/lib/gcc/x86_64-linux-gnu/9/../../../x86_64-linux-gnu/Scrt1.o
 *(.iplt)

.plt.got        0x0000000000008280       0x10
 *(.plt.got)
 .plt.got       0x0000000000008280       0x10 /usr/lib/gcc/x86_64-linux-gnu/9/../../../x86_64-linux-gnu/Scrt1.o
                0x0000000000008280                __cxa_finalize@@GLIBC_2.2.5

.plt.sec        0x0000000000008290      0x250
 *(.plt.sec)
 .plt.sec       0x0000000000008290      0x250 /usr/lib/gcc/x86_64-linux-gnu/9/../../../x86_64-linux-gnu/Scrt1.o
                0x0000000000008290                __snprintf_chk@@GLIBC_2.3.4
                0x00000000000082a0                putchar@@GLIBC_2.2.5
                0x00000000000082b0                __errno_location@@GLIBC_2.2.5
                0x00000000000082c0                strncpy@@GLIBC_2.2.5
                0x00000000000082d0                puts@@GLIBC_2.2.5
                0x00000000000082e0                clock_gettime@@GLIBC_2.17
                0x00000000000082f0                write@@GLIBC_2.2.5
                0x0000000000008300                __stack_chk_fail@@GLIBC_2.4
                0x0000000000008310                system@@GLIBC_2.2.5
                0x0000000000008320                __fdelt_chk@@GLIBC_2.15
                0x0000000000008330                snprintf@@GLIBC_2.2.5
                0x0000000000008340                memset@@GLIBC_2.2.5
                0x0000000000008350                ioctl@@GLIBC_2.2.5
                0x0000000000008360                close@@GLIBC_2.2.5
                0x0000000000008370                read@@GLIBC_2.2.5
                0x0000000000008380                srand@@GLIBC_2.2.5
                0x0000000000008390                memcmp@@GLIBC_2.2.5
                0x00000000000083a0                strcmp@@GLIBC_2.2.5
                0x00000000000083b0                signal@@GLIBC_2.2.5
                0x00000000000083c0                __memmove_chk@@GLIBC_2.3.4
                0x00000000000083d0                __memcpy_chk@@GLIBC_2.3.4
                0x00000000000083e0                memcpy@@GLIBC_2.14
                0x00000000000083f0                select@@GLIBC_2.2.5
                0x0000000000008400                err@@GLIBC_2.2.5
                0x0000000000008410                fflush@@GLIBC_2.2.5
                0x0000000000008420                __vsnprintf_chk@@GLIBC_2.3.4
                0x0000000000008430                setitimer@@GLIBC_2.2.5
                0x0000000000008440                __printf_chk@@GLIBC_2.3.4
                0x0000000000008450                setvbuf@@GLIBC_2.2.5
                0x0000000000008460                memmove@@GLIBC_2.2.5
                0x0000000000008470                open@@GLIBC_2.2.5
                0x0000000000008480                perror@@GLIBC_2.2.5
                0x0000000000008490                __cxa_atexit@@GLIBC_2.2.5
                0x00000000000084a0                exit@@GLIBC_2.2.5
                0x00000000000084b0                __fprintf_chk@@GLIBC_2.3.4
                0x00000000000084c0                rand@@GLIBC_2.2.5
                0x00000000000084d0                __ctype_b_loc@@GLIBC_2.3

.text           0x00000000000084e0     0xcbe2
 *(.text.unlikely .text.*_unlikely .text.unlikely.*)
 *(.text.exit .text.exit.*)
 *(.text.startup .text.startup.*)
 .text.startup  0x00000000000084e0      0x362 build/native/contiki-ng-native.a(contiki-main.o)
                0x00000000000084e0                main
 *(.text.hot .text.hot.*)
 *(SORT_BY_NAME(.text.sorted.*))
 *(.text .stub .text.* .gnu.linkonce.t.*)
 *fill*         0x0000000000008842        0xe 
 .text          0x0000000000008850       0x2f /usr/lib/gcc/x86_64-linux-gnu/9/../../../x86_64-linux-gnu/Scrt1.o
                0x0000000000008850                _start
 .text          0x000000000000887f        0x0 /usr/lib/gcc/x86_64-linux-gnu/9/../../../x86_64-linux-gnu/crti.o
 *fill*         0x000000000000887f        0x1 
 .text          0x0000000000008880       0xb9 /usr/lib/gcc/x86_64-linux-gnu/9/crtbeginS.o
 *fill*         0x0000000000008939        0x7 
 .text          0x0000000000008940      0x6aa hello-world.o
 .text          0x0000000000008fea        0x0 build/native/contiki-ng-native.a(contiki-main.o)
 *fill*         0x0000000000008fea        0x6 
 .text          0x0000000000008ff0       0x71 build/native/contiki-ng-native.a(autostart.o)
                0x0000000000008ff0                autostart_start
                0x0000000000009030                autostart_exit
 *fill*         0x0000000000009061        0xf 
 .text          0x0000000000009070       0x27 build/native/contiki-ng-native.a(energest.o)
                0x0000000000009070                energest_init
                0x0000000000009080                energest_flush
                0x0000000000009090                energest_get_total_time
 *fill*         0x0000000000009097        0x9 
 .text          0x00000000000090a0      0x44d build/native/contiki-ng-native.a(etimer.o)
                0x0000000000009330                etimer_request_poll
                0x0000000000009340                etimer_set
                0x0000000000009360                etimer_reset_with_new_interval
                0x0000000000009390                etimer_reset
                0x00000000000093b0                etimer_restart
                0x00000000000093d0                etimer_adjust
                0x0000000000009400                etimer_expired
                0x0000000000009410                etimer_expiration_time
                0x0000000000009420                etimer_start_time
                0x0000000000009430                etimer_pending
                0x0000000000009450                etimer_next_expiration_time
                0x0000000000009470                etimer_stop
 *fill*         0x00000000000094ed        0x3 
 .text          0x00000000000094f0      0x410 build/native/contiki-ng-native.a(log.o)
                0x00000000000094f0                log_6addr
                0x0000000000009550                log_6addr_compact_snprint
                0x00000000000095c0                log_6addr_compact
                0x0000000000009620                log_lladdr
                0x00000000000096d0                log_lladdr_compact
                0x0000000000009730                log_bytes
                0x0000000000009780                log_set_level
                0x0000000000009810                log_get_level
                0x0000000000009890                log_level_to_str
 .text          0x0000000000009900      0x32c build/native/contiki-ng-native.a(ctimer.o)
                0x0000000000009a00                ctimer_init
                0x0000000000009a30                ctimer_set_with_process
                0x0000000000009aa0                ctimer_set
                0x0000000000009ab0                ctimer_reset
                0x0000000000009b10                ctimer_restart
                0x0000000000009b70                ctimer_stop
                0x0000000000009bd0                ctimer_expired
 *fill*         0x0000000000009c2c        0x4 
 .text          0x0000000000009c30       0xa9 build/native/contiki-ng-native.a(rtimer.o)
                0x0000000000009c30                rtimer_init
                0x0000000000009c40                rtimer_set
                0x0000000000009c90                rtimer_run_next
 *fill*         0x0000000000009cd9        0x7 
 .text          0x0000000000009ce0       0x1f build/native/contiki-ng-native.a(node-id.o)
                0x0000000000009ce0                node_id_init
 *fill*         0x0000000000009cff        0x1 
 .text          0x0000000000009d00      0x47e build/native/contiki-ng-native.a(process.o)
                0x0000000000009ee0                process_alloc_event
                0x0000000000009f00                process_start
                0x0000000000009f70                process_exit
                0x0000000000009f80                process_init
                0x0000000000009fb0                process_run
                0x000000000000a0a0                process_nevents
                0x000000000000a0c0                process_post
                0x000000000000a110                process_post_synch
                0x000000000000a140                process_poll
                0x000000000000a170                process_is_running
 *fill*         0x000000000000a17e        0x2 
 .text          0x000000000000a180       0xa9 build/native/contiki-ng-native.a(timer.o)
                0x000000000000a180                timer_set
                0x000000000000a1a0                timer_reset
                0x000000000000a1d0                timer_restart
                0x000000000000a1f0                timer_expired
                0x000000000000a210                timer_remaining
 *fill*         0x000000000000a229        0x7 
 .text          0x000000000000a230      0x349 build/native/contiki-ng-native.a(list.o)
                0x000000000000a230                list_init
                0x000000000000a240                list_head
                0x000000000000a250                list_copy
                0x000000000000a260                list_tail
                0x000000000000a290                list_add
                0x000000000000a310                list_push
                0x000000000000a370                list_chop
                0x000000000000a3d0                list_pop
                0x000000000000a3f0                list_remove
                0x000000000000a440                list_length
                0x000000000000a460                list_insert
                0x000000000000a520                list_item_next
                0x000000000000a540                list_contains
 *fill*         0x000000000000a579        0x7 
 .text          0x000000000000a580       0x22 build/native/contiki-ng-native.a(random.o)
                0x000000000000a580                random_init
                0x000000000000a590                random_rand
 *fill*         0x000000000000a5a2        0xe 
 .text          0x000000000000a5b0      0x225 build/native/contiki-ng-native.a(queuebuf.o)
                0x000000000000a5b0                queuebuf_init
                0x000000000000a5e0                queuebuf_numfree
                0x000000000000a5f0                queuebuf_new_from_packetbuf
                0x000000000000a670                queuebuf_update_attr_from_packetbuf
                0x000000000000a690                queuebuf_update_from_packetbuf
                0x000000000000a6c0                queuebuf_free
                0x000000000000a700                queuebuf_to_packetbuf
                0x000000000000a750                queuebuf_dataptr
                0x000000000000a780                queuebuf_datalen
                0x000000000000a790                queuebuf_addr
                0x000000000000a7b0                queuebuf_attr
                0x000000000000a7d0                queuebuf_debug_print
 *fill*         0x000000000000a7d5        0xb 
 .text          0x000000000000a7e0      0x477 build/native/contiki-ng-native.a(packetbuf.o)
                0x000000000000a7e0                packetbuf_copyto
                0x000000000000a8d0                packetbuf_hdralloc
                0x000000000000a950                packetbuf_hdrreduce
                0x000000000000a980                packetbuf_set_datalen
                0x000000000000a990                packetbuf_dataptr
                0x000000000000a9b0                packetbuf_hdrptr
                0x000000000000a9c0                packetbuf_datalen
                0x000000000000a9d0                packetbuf_hdrlen
                0x000000000000a9f0                packetbuf_totlen
                0x000000000000aa10                packetbuf_remaininglen
                0x000000000000aa40                packetbuf_attr_clear
                0x000000000000aaa0                packetbuf_clear
                0x000000000000aac0                packetbuf_copyfrom
                0x000000000000ab30                packetbuf_attr_copyto
                0x000000000000ab70                packetbuf_attr_copyfrom
                0x000000000000abb0                packetbuf_set_attr
                0x000000000000abd0                packetbuf_attr
                0x000000000000abf0                packetbuf_set_addr
                0x000000000000ac20                packetbuf_addr
                0x000000000000ac40                packetbuf_holds_broadcast
 *fill*         0x000000000000ac57        0x9 
 .text          0x000000000000ac60       0xee build/native/contiki-ng-native.a(netstack.o)
                0x000000000000ac60                netstack_process_ip_callback
                0x000000000000ace0                netstack_ip_packet_processor_add
                0x000000000000ad10                uip_ds6_ip_packet_processor_rm
                0x000000000000ad30                netstack_init
 *fill*         0x000000000000ad4e        0x2 
 .text          0x000000000000ad50       0x3f build/native/contiki-ng-native.a(linkaddr.o)
                0x000000000000ad50                linkaddr_copy
                0x000000000000ad60                linkaddr_cmp
                0x000000000000ad80                linkaddr_set_node_addr
 *fill*         0x000000000000ad8f        0x1 
 .text          0x000000000000ad90       0x55 build/native/contiki-ng-native.a(nullmac.o)
 *fill*         0x000000000000ade5        0xb 
 .text          0x000000000000adf0      0xb12 build/native/contiki-ng-native.a(uip-ds6.o)
                0x000000000000aeb0                uip_ds6_default_prefix
                0x000000000000aec0                uip_ds6_set_default_prefix
                0x000000000000aed0                uip_ds6_list_loop
                0x000000000000af10                uip_ds6_prefix_add
                0x000000000000afc0                uip_ds6_prefix_rm
                0x000000000000afd0                uip_ds6_prefix_lookup
                0x000000000000b030                uip_ds6_is_addr_onlink
                0x000000000000b0a0                uip_ds6_addr_lookup
                0x000000000000b100                uip_ds6_get_link_local
                0x000000000000b170                uip_ds6_get_global
                0x000000000000b1e0                uip_ds6_maddr_add
                0x000000000000b240                uip_ds6_addr_add
                0x000000000000b330                uip_ds6_maddr_rm
                0x000000000000b340                uip_ds6_maddr_lookup
                0x000000000000b400                uip_ds6_addr_rm
                0x000000000000b420                uip_ds6_periodic
                0x000000000000b4a0                uip_ds6_aaddr_add
                0x000000000000b500                uip_ds6_aaddr_rm
                0x000000000000b510                uip_ds6_aaddr_lookup
                0x000000000000b570                uip_ds6_select_src
                0x000000000000b6c0                uip_ds6_set_addr_iid
                0x000000000000b6d0                uip_ds6_set_lladdr_from_iid
                0x000000000000b6e0                get_match_length
                0x000000000000b740                uip_ds6_compute_reachable_time
                0x000000000000b780                uip_ds6_init
 *fill*         0x000000000000b902        0xe 
 .text          0x000000000000b910      0x322 build/native/contiki-ng-native.a(uip-ds6-route.o)
                0x000000000000b910                uip_ds6_route_init
                0x000000000000b940                uip_ds6_route_nexthop
                0x000000000000b950                uip_ds6_route_head
                0x000000000000b960                uip_ds6_route_next
                0x000000000000b970                uip_ds6_route_is_nexthop
                0x000000000000b980                uip_ds6_route_num_routes
                0x000000000000b990                uip_ds6_route_lookup
                0x000000000000b9a0                uip_ds6_route_add
                0x000000000000b9b0                uip_ds6_route_rm
                0x000000000000b9c0                uip_ds6_route_rm_by_nexthop
                0x000000000000b9d0                uip_ds6_defrt_head
                0x000000000000b9e0                uip_ds6_defrt_rm
                0x000000000000ba40                uip_ds6_defrt_lookup
                0x000000000000bab0                uip_ds6_defrt_add
                0x000000000000bb60                uip_ds6_defrt_choose
                0x000000000000bbc0                uip_ds6_defrt_periodic
 *fill*         0x000000000000bc32        0xe 
 .text          0x000000000000bc40      0x355 build/native/contiki-ng-native.a(uip-ds6-nbr.o)
                0x000000000000bc70                uip_ds6_nbr_rm
                0x000000000000bc90                uip_ds6_neighbors_init
                0x000000000000bcc0                uip_ds6_nbr_add
                0x000000000000bd10                uip_ds6_nbr_update_ll
                0x000000000000bde0                uip_ds6_nbr_get_ipaddr
                0x000000000000bdf0                uip_ds6_nbr_get_ll
                0x000000000000be10                uip_ds6_nbr_num
                0x000000000000be70                uip_ds6_nbr_head
                0x000000000000be80                uip_ds6_nbr_next
                0x000000000000bea0                uip_ds6_nbr_lookup
                0x000000000000bf20                uip_ds6_nbr_ll_lookup
                0x000000000000bf40                uip_ds6_nbr_ipaddr_from_lladdr
                0x000000000000bf60                uip_ds6_nbr_lladdr_from_ipaddr
                0x000000000000bf90                uip_ds6_link_callback
 *fill*         0x000000000000bf95        0xb 
 .text          0x000000000000bfa0      0x595 build/native/contiki-ng-native.a(tcpip.o)
                0x000000000000bfa0                tcpip_output
                0x000000000000bfe0                udp_attach
                0x000000000000c000                udp_new
                0x000000000000c030                udp_broadcast_new
                0x000000000000c0b0                tcpip_input
                0x000000000000c0f0                tcpip_ipv6_output
                0x000000000000c4d0                tcpip_poll_udp
                0x000000000000c4f0                tcpip_uipcall
 *fill*         0x000000000000c535        0xb 
 .text          0x000000000000c540      0xc1b build/native/contiki-ng-native.a(uip6.o)
                0x000000000000c750                uip_chksum
                0x000000000000c770                uip_icmp6chksum
                0x000000000000c780                uip_udpchksum
                0x000000000000c790                uip_init
                0x000000000000c810                uip_remove_ext_hdr
                0x000000000000c8d0                uip_udp_new
                0x000000000000c9a0                uip_process
                0x000000000000d0a0                uip_htons
                0x000000000000d0b0                uip_htonl
                0x000000000000d0d0                uip_send
 *fill*         0x000000000000d15b        0x5 
 .text          0x000000000000d160      0x420 build/native/contiki-ng-native.a(uip-nd6.o)
                0x000000000000d570                uip_nd6_init
 .text          0x000000000000d580      0x51f build/native/contiki-ng-native.a(uiplib.o)
                0x000000000000d580                uiplib_ip6addrconv
                0x000000000000d780                uiplib_ip4addrconv
                0x000000000000d820                uiplib_ipaddr_snprint
                0x000000000000da40                uiplib_ipaddr_print
 *fill*         0x000000000000da9f        0x1 
 .text          0x000000000000daa0      0x48c build/native/contiki-ng-native.a(rpl.o)
                0x000000000000daa0                rpl_has_joined
                0x000000000000dac0                rpl_is_reachable
                0x000000000000daf0                rpl_get_leaf_only
                0x000000000000dc30                rpl_link_callback
                0x000000000000dc90                rpl_lollipop_greater_than
                0x000000000000dce0                rpl_get_global_address
                0x000000000000ddb0                rpl_reset_prefix
                0x000000000000de10                rpl_set_prefix_from_addr
                0x000000000000dee0                rpl_set_prefix
                0x000000000000df20                rpl_set_leaf_only
 *fill*         0x000000000000df2c        0x4 
 .text          0x000000000000df30      0xc5c build/native/contiki-ng-native.a(rpl-icmp6.o)
                0x000000000000e530                rpl_icmp6_update_nbr_table
                0x000000000000e580                rpl_icmp6_dis_output
                0x000000000000e5d0                rpl_icmp6_dio_output
                0x000000000000e9f0                rpl_icmp6_dao_output
                0x000000000000eaf0                rpl_icmp6_dao_ack_output
                0x000000000000eb50                rpl_icmp6_init
 *fill*         0x000000000000eb8c        0x4 
 .text          0x000000000000eb90      0x224 build/native/contiki-ng-native.a(rpl-dag-root.o)
                0x000000000000ec10                rpl_dag_root_print_links
                0x000000000000ecb0                rpl_dag_root_set_prefix
                0x000000000000ece0                rpl_dag_root_start
                0x000000000000ed90                rpl_dag_root_is_root
 *fill*         0x000000000000edb4        0xc 
 .text          0x000000000000edc0      0x4b1 build/native/contiki-ng-native.a(platform.o)
                0x000000000000ee30                select_set_callback
                0x000000000000eed0                native_uart_set_input
                0x000000000000eee0                platform_process_args
                0x000000000000ef00                platform_init_stage_one
                0x000000000000ef20                platform_init_stage_two
                0x000000000000ef90                platform_init_stage_three
                0x000000000000f0a0                platform_main_loop
                0x000000000000f220                log_message
                0x000000000000f250                uip_log
 *fill*         0x000000000000f271        0xf 
 .text          0x000000000000f280       0xd5 build/native/contiki-ng-native.a(clock.o)
                0x000000000000f280                clock_time
                0x000000000000f2f0                clock_seconds
                0x000000000000f340                clock_delay
                0x000000000000f350                clock_init
 *fill*         0x000000000000f355        0xb 
 .text          0x000000000000f360      0x4d8 build/native/contiki-ng-native.a(tun6-net.o)
 *fill*         0x000000000000f838        0x8 
 .text          0x000000000000f840       0xc4 build/native/contiki-ng-native.a(rtimer-arch.o)
                0x000000000000f860                rtimer_arch_init
                0x000000000000f880                rtimer_arch_schedule
 *fill*         0x000000000000f904        0xc 
 .text          0x000000000000f910       0x54 build/native/contiki-ng-native.a(watchdog.o)
                0x000000000000f910                watchdog_init
                0x000000000000f920                watchdog_start
                0x000000000000f930                watchdog_periodic
                0x000000000000f940                watchdog_stop
                0x000000000000f950                watchdog_reboot
 *fill*         0x000000000000f964        0xc 
 .text          0x000000000000f970       0xd2 build/native/contiki-ng-native.a(stimer.o)
                0x000000000000f970                stimer_set
                0x000000000000f990                stimer_reset
                0x000000000000f9c0                stimer_restart
                0x000000000000f9e0                stimer_expired
                0x000000000000fa10                stimer_remaining
                0x000000000000fa30                stimer_elapsed
 *fill*         0x000000000000fa42        0xe 
 .text          0x000000000000fa50      0x147 build/native/contiki-ng-native.a(memb.o)
                0x000000000000fa50                memb_init
                0x000000000000fa80                memb_alloc
                0x000000000000fad0                memb_free
                0x000000000000fb20                memb_inmemb
                0x000000000000fb50                memb_numfree
 *fill*         0x000000000000fb97        0x9 
 .text          0x000000000000fba0      0x378 build/native/contiki-ng-native.a(button-hal.o)
                0x000000000000fcf0                button_hal_get_by_id
                0x000000000000fd30                button_hal_get_by_index
                0x000000000000fd60                button_hal_get_state
                0x000000000000fe40                button_hal_init
 *fill*         0x000000000000ff18        0x8 
 .text          0x000000000000ff20      0x1e2 build/native/contiki-ng-native.a(serial-line.o)
                0x0000000000010050                serial_line_input_byte
                0x00000000000100d0                serial_line_init
 *fill*         0x0000000000010102        0xe 
 .text          0x0000000000010110       0x87 build/native/contiki-ng-native.a(leds.o)
                0x0000000000010110                leds_init
                0x0000000000010120                leds_single_on
                0x0000000000010130                leds_single_off
                0x0000000000010140                leds_single_toggle
                0x0000000000010150                leds_on
                0x0000000000010160                leds_off
                0x0000000000010170                leds_toggle
                0x0000000000010180                leds_set
                0x0000000000010190                leds_get
 *fill*         0x0000000000010197        0x9 
 .text          0x00000000000101a0       0xf7 build/native/contiki-ng-native.a(nullradio.o)
 *fill*         0x0000000000010297        0x9 
 .text          0x00000000000102a0      0x118 build/native/contiki-ng-native.a(gpio-hal.o)
                0x00000000000102a0                gpio_hal_register_handler
                0x00000000000102c0                gpio_hal_event_handler
                0x0000000000010310                gpio_hal_init
                0x0000000000010330                gpio_hal_arch_port_toggle_pin
                0x0000000000010350                gpio_hal_arch_port_toggle_pins
                0x0000000000010370                gpio_hal_arch_no_port_toggle_pin
                0x00000000000103a0                gpio_hal_arch_no_port_toggle_pins
 *fill*         0x00000000000103b8        0x8 
 .text          0x00000000000103c0      0x70b build/native/contiki-ng-native.a(nbr-table.o)
                0x0000000000010440                nbr_table_register
                0x00000000000104b0                nbr_table_is_registered
                0x00000000000104e0                nbr_table_next
                0x0000000000010590                nbr_table_head
                0x0000000000010600                nbr_table_add_lladdr
                0x0000000000010910                nbr_table_get_from_lladdr
                0x0000000000010970                nbr_table_remove
                0x00000000000109f0                nbr_table_lock
                0x0000000000010a40                nbr_table_unlock
                0x0000000000010a90                nbr_table_get_lladdr
 *fill*         0x0000000000010acb        0x5 
 .text          0x0000000000010ad0      0x3e4 build/native/contiki-ng-native.a(link-stats.o)
                0x0000000000010b20                link_stats_from_lladdr
                0x0000000000010b40                link_stats_get_lladdr
                0x0000000000010b60                link_stats_is_fresh
                0x0000000000010ba0                guess_etx_from_rssi
                0x0000000000010c00                link_stats_packet_sent
                0x0000000000010d60                link_stats_input_callback
                0x0000000000010e30                link_stats_reset
                0x0000000000010e80                link_stats_init
 *fill*         0x0000000000010eb4        0xc 
 .text          0x0000000000010ec0      0x3c6 build/native/contiki-ng-native.a(uipbuf.o)
                0x0000000000010ec0                uipbuf_clear
                0x0000000000010f00                uipbuf_add_ext_hdr
                0x0000000000010f50                uipbuf_set_len
                0x0000000000010f70                uipbuf_set_len_field
                0x0000000000010f80                uipbuf_get_len_field
                0x0000000000010fa0                uipbuf_get_next_header
                0x0000000000011060                uipbuf_get_last_header
                0x00000000000110d0                uipbuf_search_header
                0x0000000000011180                uipbuf_get_attr
                0x00000000000111a0                uipbuf_set_attr
                0x00000000000111d0                uipbuf_set_default_attr
                0x0000000000011200                uipbuf_clear_attr
                0x0000000000011220                uipbuf_set_attr_flag
                0x0000000000011230                uipbuf_clr_attr_flag
                0x0000000000011240                uipbuf_is_attr_flag
                0x0000000000011260                uipbuf_init
 *fill*         0x0000000000011286        0xa 
 .text          0x0000000000011290      0x4f2 build/native/contiki-ng-native.a(uip-icmp6.o)
                0x00000000000113e0                uip_icmp6_input
                0x0000000000011450                uip_icmp6_register_input_handler
                0x0000000000011470                uip_icmp6_error_output
                0x0000000000011640                uip_icmp6_send
                0x0000000000011700                uip_icmp6_echo_reply_callback_add
                0x0000000000011730                uip_icmp6_echo_reply_callback_rm
                0x0000000000011750                uip_icmp6_init
 *fill*         0x0000000000011782        0xe 
 .text          0x0000000000011790      0x5d9 build/native/contiki-ng-native.a(uip-sr.o)
                0x00000000000117f0                uip_sr_num_nodes
                0x0000000000011800                uip_sr_get_node
                0x0000000000011880                uip_sr_is_addr_reachable
                0x0000000000011930                uip_sr_expire_parent
                0x0000000000011980                uip_sr_update_node
                0x0000000000011a90                uip_sr_init
                0x0000000000011ac0                uip_sr_node_head
                0x0000000000011ad0                uip_sr_node_next
                0x0000000000011ae0                uip_sr_periodic
                0x0000000000011bb0                uip_sr_free_all
                0x0000000000011c20                uip_sr_link_snprint
 *fill*         0x0000000000011d69        0x7 
 .text          0x0000000000011d70      0x124 build/native/contiki-ng-native.a(uip-packetqueue)
                0x0000000000011d90                uip_packetqueue_new
                0x0000000000011da0                uip_packetqueue_alloc
                0x0000000000011e00                uip_packetqueue_free
                0x0000000000011e40                uip_packetqueue_buf
                0x0000000000011e60                uip_packetqueue_buflen
                0x0000000000011e80                uip_packetqueue_set_buflen
 *fill*         0x0000000000011e94        0xc 
 .text          0x0000000000011ea0      0xca9 build/native/contiki-ng-native.a(rpl-dag.o)
                0x00000000000122a0                rpl_dag_state_to_str
                0x00000000000122f0                rpl_dag_get_root_ipaddr
                0x0000000000012320                rpl_dag_leave
                0x00000000000123a0                rpl_dag_poison_and_leave
                0x00000000000123c0                rpl_dag_periodic
                0x0000000000012440                rpl_is_addr_in_our_dag
                0x0000000000012490                rpl_get_default_instance
                0x00000000000124b0                rpl_get_any_dag
                0x00000000000124d0                rpl_refresh_routes
                0x0000000000012500                rpl_global_repair
                0x0000000000012530                rpl_local_repair
                0x0000000000012550                rpl_dag_ready_to_advertise
                0x0000000000012590                rpl_dag_update_state
                0x00000000000125b0                rpl_process_dio
                0x0000000000012850                rpl_process_dis
                0x00000000000128a0                rpl_process_dao
                0x0000000000012920                rpl_process_dao_ack
                0x00000000000129c0                rpl_process_hbh
                0x0000000000012a10                rpl_dag_init_root
                0x0000000000012b30                rpl_dag_init
 *fill*         0x0000000000012b49        0x7 
 .text          0x0000000000012b50      0x927 build/native/contiki-ng-native.a(rpl-neighbor.o)
                0x0000000000012bb0                rpl_neighbor_count
                0x0000000000012c10                rpl_neighbor_get_from_lladdr
                0x0000000000012c30                rpl_neighbor_is_acceptable_parent
                0x0000000000012c60                rpl_neighbor_get_link_metric
                0x0000000000012c90                rpl_neighbor_rank_via_nbr
                0x0000000000012cc0                rpl_neighbor_get_lladdr
                0x0000000000012ce0                rpl_neighbor_get_ipaddr
                0x0000000000012d10                rpl_neighbor_get_link_stats
                0x0000000000012e40                rpl_neighbor_snprint
                0x0000000000013190                rpl_neighbor_print_list
                0x0000000000013220                rpl_neighbor_is_fresh
                0x0000000000013240                rpl_neighbor_is_reachable
                0x00000000000132a0                rpl_neighbor_is_parent
                0x00000000000132c0                rpl_neighbor_set_preferred_parent
                0x0000000000013340                rpl_neighbor_remove_all
                0x0000000000013390                rpl_neighbor_get_from_ipaddr
                0x00000000000133c0                rpl_neighbor_select_best
                0x0000000000013460                rpl_neighbor_init
 *fill*         0x0000000000013477        0x9 
 .text          0x0000000000013480      0x967 build/native/contiki-ng-native.a(rpl-timers.o)
                0x0000000000013740                rpl_timers_schedule_periodic_dis
                0x0000000000013870                rpl_timers_dio_reset
                0x00000000000138d0                rpl_timers_schedule_unicast_dio
                0x0000000000013900                rpl_timers_schedule_dao
                0x0000000000013970                rpl_timers_schedule_dao_ack
                0x00000000000139b0                rpl_timers_notify_dao_ack
                0x0000000000013a30                get_probing_delay
                0x0000000000013a50                get_probing_target
                0x0000000000013c10                rpl_schedule_probing
                0x0000000000013c30                rpl_schedule_probing_now
                0x0000000000013c80                rpl_timers_unschedule_leaving
                0x0000000000013cc0                rpl_timers_schedule_leaving
                0x0000000000013d10                rpl_timers_init
                0x0000000000013d40                rpl_timers_stop_dag_timers
                0x0000000000013da0                rpl_timers_unschedule_state_update
                0x0000000000013dc0                rpl_timers_schedule_state_update
 *fill*         0x0000000000013de7        0x9 
 .text          0x0000000000013df0      0xb44 build/native/contiki-ng-native.a(rpl-ext-header.)
                0x0000000000013e60                rpl_ext_header_srh_get_next_hop
                0x0000000000013f00                rpl_ext_header_srh_update
                0x0000000000014180                rpl_ext_header_hbh_update
                0x0000000000014240                rpl_ext_header_remove
                0x00000000000143c0                rpl_ext_header_update
 *fill*         0x0000000000014934        0xc 
 .text          0x0000000000014940      0x12d build/native/contiki-ng-native.a(rpl-nbr-policy.)
                0x00000000000149e0                rpl_nbr_policy_find_removable
 *fill*         0x0000000000014a6d        0x3 
 .text          0x0000000000014a70      0x2b5 build/native/contiki-ng-native.a(rpl-mrhof.o)
 .text          0x0000000000014d25        0x0 build/native/contiki-ng-native.a(buttons.o)
 *fill*         0x0000000000014d25        0xb 
 .text          0x0000000000014d30       0x50 build/native/contiki-ng-native.a(int-master.o)
                0x0000000000014d30                int_master_enable
                0x0000000000014d40                int_master_read_and_disable
                0x0000000000014d60                int_master_status_set
                0x0000000000014d70                int_master_is_enabled
 .text          0x0000000000014d80      0x1d2 build/native/contiki-ng-native.a(gpio-hal-arch.o)
                0x0000000000014d80                gpio_hal_arch_init
                0x0000000000014d90                gpio_hal_arch_no_port_interrupt_enable
                0x0000000000014da0                gpio_hal_arch_no_port_interrupt_disable
                0x0000000000014db0                gpio_hal_arch_no_port_pin_cfg_set
                0x0000000000014dd0                gpio_hal_arch_no_port_pin_cfg_get
                0x0000000000014df0                gpio_hal_arch_no_port_pin_set_input
                0x0000000000014e00                gpio_hal_arch_no_port_pin_set_output
                0x0000000000014e10                gpio_hal_arch_no_port_set_pin
                0x0000000000014e30                gpio_hal_arch_no_port_clear_pin
                0x0000000000014e50                gpio_hal_arch_no_port_read_pin
                0x0000000000014e70                gpio_hal_arch_no_port_write_pin
                0x0000000000014e90                gpio_hal_arch_no_port_set_pins
                0x0000000000014ec0                gpio_hal_arch_no_port_clear_pins
                0x0000000000014ef0                gpio_hal_arch_no_port_read_pins
                0x0000000000014f20                gpio_hal_arch_no_port_write_pins
 *fill*         0x0000000000014f52        0xe 
 .text          0x0000000000014f60       0xc5 build/native/contiki-ng-native.a(ringbuf.o)
                0x0000000000014f60                ringbuf_init
                0x0000000000014f80                ringbuf_put
                0x0000000000014fc0                ringbuf_get
                0x0000000000015000                ringbuf_size
                0x0000000000015010                ringbuf_elements
 *fill*         0x0000000000015025        0xb 
 .text          0x0000000000015030       0x75 /usr/lib/x86_64-linux-gnu/libc_nonshared.a(elf-init.oS)
                0x0000000000015030                __libc_csu_init
                0x00000000000150a0                __libc_csu_fini
 *fill*         0x00000000000150a5        0xb 
 .text          0x00000000000150b0       0x12 /usr/lib/x86_64-linux-gnu/libc_nonshared.a(atexit.oS)
                0x00000000000150b0                atexit
 .text          0x00000000000150c2        0x0 /usr/lib/gcc/x86_64-linux-gnu/9/crtendS.o
 .text          0x00000000000150c2        0x0 /usr/lib/gcc/x86_64-linux-gnu/9/../../../x86_64-linux-gnu/crtn.o
 *(.gnu.warning)

.fini           0x00000000000150c4        0xd
 *(SORT_NONE(.fini))
 .fini          0x00000000000150c4        0x8 /usr/lib/gcc/x86_64-linux-gnu/9/../../../x86_64-linux-gnu/crti.o
                0x00000000000150c4                _fini
 .fini          0x00000000000150cc        0x5 /usr/lib/gcc/x86_64-linux-gnu/9/../../../x86_64-linux-gnu/crtn.o
                [!provide]                        PROVIDE (__etext = .)
                [!provide]                        PROVIDE (_etext = .)
                [!provide]                        PROVIDE (etext = .)
                0x0000000000016000                . = ALIGN (CONSTANT (MAXPAGESIZE))
                0x0000000000016000                . = SEGMENT_START ("rodata-segment", (ALIGN (CONSTANT (MAXPAGESIZE)) + (. & (CONSTANT (MAXPAGESIZE) - 0x1))))

.rodata         0x0000000000016000      0x6e3
 *(.rodata .rodata.* .gnu.linkonce.r.*)
 .rodata.cst4   0x0000000000016000        0x4 /usr/lib/gcc/x86_64-linux-gnu/9/../../../x86_64-linux-gnu/Scrt1.o
                0x0000000000016000                _IO_stdin_used
 *fill*         0x0000000000016004        0x4 
 .rodata.str1.8
                0x0000000000016008       0xbf hello-world.o
 .rodata.str1.1
                0x00000000000160c7       0xc2 hello-world.o
 *fill*         0x0000000000016189        0x7 
 .rodata.cst16  0x0000000000016190       0x10 hello-world.o
 .rodata.str1.1
                0x00000000000161a0       0x7a build/native/contiki-ng-native.a(contiki-main.o)
 *fill*         0x000000000001621a        0x6 
 .rodata.str1.8
                0x0000000000016220       0x7c build/native/contiki-ng-native.a(contiki-main.o)
 .rodata.str1.1
                0x000000000001629c        0xc build/native/contiki-ng-native.a(etimer.o)
 .rodata.str1.1
                0x00000000000162a8       0xa5 build/native/contiki-ng-native.a(log.o)
                                         0xac (size before relaxing)
 *fill*         0x000000000001634d        0x3 
 .rodata        0x0000000000016350       0x14 build/native/contiki-ng-native.a(log.o)
 .rodata.str1.1
                0x0000000000016364        0xf build/native/contiki-ng-native.a(ctimer.o)
 *fill*         0x0000000000016373        0x5 
 .rodata        0x0000000000016378        0x8 build/native/contiki-ng-native.a(linkaddr.o)
                0x0000000000016378                linkaddr_null
 .rodata.str1.1
                0x0000000000016380        0x8 build/native/contiki-ng-native.a(nullmac.o)
 .rodata.str1.1
                0x0000000000016388        0xd build/native/contiki-ng-native.a(tcpip.o)
 .rodata.str1.1
                0x0000000000016395       0x28 build/native/contiki-ng-native.a(uiplib.o)
                                         0x2d (size before relaxing)
 .rodata.str1.1
                0x00000000000163bd        0x9 build/native/contiki-ng-native.a(rpl.o)
 .rodata.str1.1
                0x00000000000163c6       0x2f build/native/contiki-ng-native.a(platform.o)
                                         0x47 (size before relaxing)
 .rodata.str1.1
                0x00000000000163f5       0xa6 build/native/contiki-ng-native.a(tun6-net.o)
                                         0xb9 (size before relaxing)
 *fill*         0x000000000001649b        0x5 
 .rodata.str1.8
                0x00000000000164a0       0xc7 build/native/contiki-ng-native.a(tun6-net.o)
 .rodata.str1.1
                0x0000000000016567       0x13 build/native/contiki-ng-native.a(button-hal.o)
 .rodata.str1.1
                0x000000000001657a        0xe build/native/contiki-ng-native.a(serial-line.o)
 .rodata.str1.1
                0x0000000000016588       0x44 build/native/contiki-ng-native.a(uip-sr.o)
 .rodata.str1.1
                0x00000000000165cc       0xb0 build/native/contiki-ng-native.a(rpl-dag.o)
 *fill*         0x000000000001667c        0x4 
 .rodata.str1.8
                0x0000000000016680       0x22 build/native/contiki-ng-native.a(rpl-neighbor.o)
 .rodata.str1.1
                0x00000000000166a2       0x34 build/native/contiki-ng-native.a(rpl-neighbor.o)
                                         0x36 (size before relaxing)
 .rodata.str1.1
                0x00000000000166d6        0xc build/native/contiki-ng-native.a(rpl-timers.o)
 .rodata        0x00000000000166e2        0x1 build/native/contiki-ng-native.a(buttons.o)
                0x00000000000166e2                button_hal_button_count

.rodata1
 *(.rodata1)

.eh_frame_hdr   0x00000000000166e4     0x1014
 *(.eh_frame_hdr)
 .eh_frame_hdr  0x00000000000166e4     0x1014 /usr/lib/gcc/x86_64-linux-gnu/9/../../../x86_64-linux-gnu/Scrt1.o
                0x00000000000166e4                __GNU_EH_FRAME_HDR
 *(.eh_frame_entry .eh_frame_entry.*)

.eh_frame       0x00000000000176f8     0x3de8
 *(.eh_frame)
 .eh_frame      0x00000000000176f8       0x30 /usr/lib/gcc/x86_64-linux-gnu/9/../../../x86_64-linux-gnu/Scrt1.o
                                         0x2c (size before relaxing)
 *fill*         0x0000000000017728        0x0 
 .eh_frame      0x0000000000017728       0x28 /usr/lib/gcc/x86_64-linux-gnu/9/../../../x86_64-linux-gnu/Scrt1.o
                                         0x40 (size before relaxing)
 .eh_frame      0x0000000000017750       0x18 /usr/lib/gcc/x86_64-linux-gnu/9/../../../x86_64-linux-gnu/Scrt1.o
                                         0x30 (size before relaxing)
 .eh_frame      0x0000000000017768       0x18 /usr/lib/gcc/x86_64-linux-gnu/9/../../../x86_64-linux-gnu/Scrt1.o
                                         0x30 (size before relaxing)
 .eh_frame      0x0000000000017780      0x148 hello-world.o
                                        0x160 (size before relaxing)
 .eh_frame      0x00000000000178c8       0x20 build/native/contiki-ng-native.a(contiki-main.o)
                                         0x38 (size before relaxing)
 .eh_frame      0x00000000000178e8       0x38 build/native/contiki-ng-native.a(autostart.o)
                                         0x50 (size before relaxing)
 .eh_frame      0x0000000000017920       0x40 build/native/contiki-ng-native.a(energest.o)
                                         0x58 (size before relaxing)
 .eh_frame      0x0000000000017960      0x1b0 build/native/contiki-ng-native.a(etimer.o)
                                        0x1c8 (size before relaxing)
 .eh_frame      0x0000000000017b10      0x188 build/native/contiki-ng-native.a(log.o)
                                        0x1a0 (size before relaxing)
 .eh_frame      0x0000000000017c98      0x130 build/native/contiki-ng-native.a(ctimer.o)
                                        0x148 (size before relaxing)
 .eh_frame      0x0000000000017dc8       0x50 build/native/contiki-ng-native.a(rtimer.o)
                                         0x68 (size before relaxing)
 .eh_frame      0x0000000000017e18       0x18 build/native/contiki-ng-native.a(node-id.o)
                                         0x30 (size before relaxing)
 .eh_frame      0x0000000000017e30      0x198 build/native/contiki-ng-native.a(process.o)
                                        0x1b0 (size before relaxing)
 .eh_frame      0x0000000000017fc8       0x90 build/native/contiki-ng-native.a(timer.o)
                                         0xa8 (size before relaxing)
 .eh_frame      0x0000000000018058      0x108 build/native/contiki-ng-native.a(list.o)
                                        0x120 (size before relaxing)
 .eh_frame      0x0000000000018160       0x30 build/native/contiki-ng-native.a(random.o)
                                         0x48 (size before relaxing)
 .eh_frame      0x0000000000018190      0x138 build/native/contiki-ng-native.a(queuebuf.o)
                                        0x150 (size before relaxing)
 .eh_frame      0x00000000000182c8      0x1c0 build/native/contiki-ng-native.a(packetbuf.o)
                                        0x1d8 (size before relaxing)
 .eh_frame      0x0000000000018488       0x78 build/native/contiki-ng-native.a(netstack.o)
                                         0x90 (size before relaxing)
 .eh_frame      0x0000000000018500       0x40 build/native/contiki-ng-native.a(linkaddr.o)
                                         0x58 (size before relaxing)
 .eh_frame      0x0000000000018540       0x78 build/native/contiki-ng-native.a(nullmac.o)
                                         0x90 (size before relaxing)
 .eh_frame      0x00000000000185b8      0x3c0 build/native/contiki-ng-native.a(uip-ds6.o)
                                        0x3d8 (size before relaxing)
 .eh_frame      0x0000000000018978      0x1c0 build/native/contiki-ng-native.a(uip-ds6-route.o)
                                        0x1d8 (size before relaxing)
 .eh_frame      0x0000000000018b38      0x1c0 build/native/contiki-ng-native.a(uip-ds6-nbr.o)
                                        0x1d8 (size before relaxing)
 .eh_frame      0x0000000000018cf8      0x140 build/native/contiki-ng-native.a(tcpip.o)
                                        0x158 (size before relaxing)
 .eh_frame      0x0000000000018e38      0x1b0 build/native/contiki-ng-native.a(uip6.o)
                                        0x1c8 (size before relaxing)
 .eh_frame      0x0000000000018fe8       0x48 build/native/contiki-ng-native.a(uip-nd6.o)
                                         0x60 (size before relaxing)
 .eh_frame      0x0000000000019030       0xc8 build/native/contiki-ng-native.a(uiplib.o)
                                         0xe0 (size before relaxing)
 .eh_frame      0x00000000000190f8      0x1b0 build/native/contiki-ng-native.a(rpl.o)
                                        0x1c8 (size before relaxing)
 .eh_frame      0x00000000000192a8      0x1e0 build/native/contiki-ng-native.a(rpl-icmp6.o)
                                        0x1f8 (size before relaxing)
 .eh_frame      0x0000000000019488       0xa8 build/native/contiki-ng-native.a(rpl-dag-root.o)
                                         0xc0 (size before relaxing)
 .eh_frame      0x0000000000019530      0x128 build/native/contiki-ng-native.a(platform.o)
                                        0x140 (size before relaxing)
 .eh_frame      0x0000000000019658       0x60 build/native/contiki-ng-native.a(clock.o)
                                         0x78 (size before relaxing)
 .eh_frame      0x00000000000196b8      0x100 build/native/contiki-ng-native.a(tun6-net.o)
                                        0x118 (size before relaxing)
 .eh_frame      0x00000000000197b8       0x50 build/native/contiki-ng-native.a(rtimer-arch.o)
                                         0x68 (size before relaxing)
 .eh_frame      0x0000000000019808       0x70 build/native/contiki-ng-native.a(watchdog.o)
                                         0x88 (size before relaxing)
 .eh_frame      0x0000000000019878       0xa8 build/native/contiki-ng-native.a(stimer.o)
                                         0xc0 (size before relaxing)
 .eh_frame      0x0000000000019920       0x70 build/native/contiki-ng-native.a(memb.o)
                                         0x88 (size before relaxing)
 .eh_frame      0x0000000000019990      0x138 build/native/contiki-ng-native.a(button-hal.o)
                                        0x150 (size before relaxing)
 .eh_frame      0x0000000000019ac8       0x80 build/native/contiki-ng-native.a(serial-line.o)
                                         0x98 (size before relaxing)
 .eh_frame      0x0000000000019b48       0xb8 build/native/contiki-ng-native.a(leds.o)
                                         0xd0 (size before relaxing)
 .eh_frame      0x0000000000019c00      0x118 build/native/contiki-ng-native.a(nullradio.o)
                                        0x130 (size before relaxing)
 .eh_frame      0x0000000000019d18       0xc8 build/native/contiki-ng-native.a(gpio-hal.o)
                                         0xe0 (size before relaxing)
 .eh_frame      0x0000000000019de0      0x190 build/native/contiki-ng-native.a(nbr-table.o)
                                        0x1a8 (size before relaxing)
 .eh_frame      0x0000000000019f70      0x128 build/native/contiki-ng-native.a(link-stats.o)
                                        0x140 (size before relaxing)
 .eh_frame      0x000000000001a098      0x150 build/native/contiki-ng-native.a(uipbuf.o)
                                        0x168 (size before relaxing)
 .eh_frame      0x000000000001a1e8      0x178 build/native/contiki-ng-native.a(uip-icmp6.o)
                                        0x190 (size before relaxing)
 .eh_frame      0x000000000001a360      0x210 build/native/contiki-ng-native.a(uip-sr.o)
                                        0x228 (size before relaxing)
 .eh_frame      0x000000000001a570       0xb8 build/native/contiki-ng-native.a(uip-packetqueue)
                                         0xd0 (size before relaxing)
 .eh_frame      0x000000000001a628      0x360 build/native/contiki-ng-native.a(rpl-dag.o)
                                        0x378 (size before relaxing)
 .eh_frame      0x000000000001a988      0x288 build/native/contiki-ng-native.a(rpl-neighbor.o)
                                        0x2a0 (size before relaxing)
 .eh_frame      0x000000000001ac10      0x340 build/native/contiki-ng-native.a(rpl-timers.o)
                                        0x358 (size before relaxing)
 .eh_frame      0x000000000001af50      0x148 build/native/contiki-ng-native.a(rpl-ext-header.)
                                        0x160 (size before relaxing)
 .eh_frame      0x000000000001b098       0x60 build/native/contiki-ng-native.a(rpl-nbr-policy.)
                                         0x78 (size before relaxing)
 .eh_frame      0x000000000001b0f8      0x188 build/native/contiki-ng-native.a(rpl-mrhof.o)
                                        0x1a0 (size before relaxing)
 .eh_frame      0x000000000001b280       0x50 build/native/contiki-ng-native.a(int-master.o)
                                         0x68 (size before relaxing)
 .eh_frame      0x000000000001b2d0      0x130 build/native/contiki-ng-native.a(gpio-hal-arch.o)
                                        0x148 (size before relaxing)
 .eh_frame      0x000000000001b400       0x68 build/native/contiki-ng-native.a(ringbuf.o)
                                         0x80 (size before relaxing)
 .eh_frame      0x000000000001b468       0x60 /usr/lib/x86_64-linux-gnu/libc_nonshared.a(elf-init.oS)
                                         0x78 (size before relaxing)
 .eh_frame      0x000000000001b4c8       0x14 /usr/lib/x86_64-linux-gnu/libc_nonshared.a(atexit.oS)
                                         0x30 (size before relaxing)
 .eh_frame      0x000000000001b4dc        0x4 /usr/lib/gcc/x86_64-linux-gnu/9/crtendS.o
 *(.eh_frame.*)

.gcc_except_table
 *(.gcc_except_table .gcc_except_table.*)

.gnu_extab
 *(.gnu_extab*)

.exception_ranges
 *(.exception_ranges*)
                0x000000000001ca90                . = DATA_SEGMENT_ALIGN (CONSTANT (MAXPAGESIZE), CONSTANT (COMMONPAGESIZE))

.eh_frame
 *(.eh_frame)
 *(.eh_frame.*)

.gnu_extab
 *(.gnu_extab)

.gcc_except_table
 *(.gcc_except_table .gcc_except_table.*)

.exception_ranges
 *(.exception_ranges*)

.tdata          0x000000000001ca90        0x0
                [!provide]                        PROVIDE (__tdata_start = .)
 *(.tdata .tdata.* .gnu.linkonce.td.*)

.tbss
 *(.tbss .tbss.* .gnu.linkonce.tb.*)
 *(.tcommon)

.preinit_array  0x000000000001ca90        0x0
                [!provide]                        PROVIDE (__preinit_array_start = .)
 *(.preinit_array)
                [!provide]                        PROVIDE (__preinit_array_end = .)

.init_array     0x000000000001ca90        0x8
                0x000000000001ca90                PROVIDE (__init_array_start = .)
 *(SORT_BY_INIT_PRIORITY(.init_array.*) SORT_BY_INIT_PRIORITY(.ctors.*))
 *(.init_array EXCLUDE_FILE(*crtend?.o *crtend.o *crtbegin?.o *crtbegin.o) .ctors)
 .init_array    0x000000000001ca90        0x8 /usr/lib/gcc/x86_64-linux-gnu/9/crtbeginS.o
                0x000000000001ca98                PROVIDE (__init_array_end = .)

.fini_array     0x000000000001ca98        0x8
                [!provide]                        PROVIDE (__fini_array_start = .)
 *(SORT_BY_INIT_PRIORITY(.fini_array.*) SORT_BY_INIT_PRIORITY(.dtors.*))
 *(.fini_array EXCLUDE_FILE(*crtend?.o *crtend.o *crtbegin?.o *crtbegin.o) .dtors)
 .fini_array    0x000000000001ca98        0x8 /usr/lib/gcc/x86_64-linux-gnu/9/crtbeginS.o
                [!provide]                        PROVIDE (__fini_array_end = .)

.ctors
 *crtbegin.o(.ctors)
 *crtbegin?.o(.ctors)
 *(EXCLUDE_FILE(*crtend?.o *crtend.o) .ctors)
 *(SORT_BY_NAME(.ctors.*))
 *(.ctors)

.dtors
 *crtbegin.o(.dtors)
 *crtbegin?.o(.dtors)
 *(EXCLUDE_FILE(*crtend?.o *crtend.o) .dtors)
 *(SORT_BY_NAME(.dtors.*))
 *(.dtors)

.jcr
 *(.jcr)

.data.rel.ro    0x000000000001caa0      0x208
 *(.data.rel.ro.local* .gnu.linkonce.d.rel.ro.local.*)
 .data.rel.ro.local
                0x000000000001caa0       0x28 hello-world.o
                0x000000000001caa0                autostart_processes
 *fill*         0x000000000001cac8       0x18 
 .data.rel.ro.local
                0x000000000001cae0       0x38 build/native/contiki-ng-native.a(nullmac.o)
                0x000000000001cae0                nullmac_driver
 *fill*         0x000000000001cb18        0x8 
 .data.rel.ro.local
                0x000000000001cb20       0x10 build/native/contiki-ng-native.a(platform.o)
 *fill*         0x000000000001cb30       0x10 
 .data.rel.ro.local
                0x000000000001cb40       0x30 build/native/contiki-ng-native.a(tun6-net.o)
                0x000000000001cb40                tun6_net_driver
 *fill*         0x000000000001cb70       0x10 
 .data.rel.ro.local
                0x000000000001cb80       0x70 build/native/contiki-ng-native.a(nullradio.o)
                0x000000000001cb80                nullradio_driver
 *(.data.rel.ro .data.rel.ro.* .gnu.linkonce.d.rel.ro.*)
 .data.rel.ro   0x000000000001cbf0        0x0 /usr/lib/gcc/x86_64-linux-gnu/9/../../../x86_64-linux-gnu/Scrt1.o
 *fill*         0x000000000001cbf0       0x10 
 .data.rel.ro   0x000000000001cc00       0xa8 build/native/contiki-ng-native.a(rpl.o)
                0x000000000001cc00                rpl_lite_driver

.dynamic        0x000000000001cca8      0x1f0
 *(.dynamic)
 .dynamic       0x000000000001cca8      0x1f0 /usr/lib/gcc/x86_64-linux-gnu/9/../../../x86_64-linux-gnu/Scrt1.o
                0x000000000001cca8                _DYNAMIC

.got            0x000000000001ce98      0x168
 *(.got.plt)
 .got.plt       0x000000000001ce98      0x140 /usr/lib/gcc/x86_64-linux-gnu/9/../../../x86_64-linux-gnu/Scrt1.o
                0x000000000001ce98                _GLOBAL_OFFSET_TABLE_
 *(.igot.plt)
 *(.got)
 .got           0x000000000001cfd8       0x28 /usr/lib/gcc/x86_64-linux-gnu/9/../../../x86_64-linux-gnu/Scrt1.o
 *(.igot)
                0x000000000001d000                . = DATA_SEGMENT_RELRO_END (., 0x0)

.data           0x000000000001d000      0x548
 *(.data .data.* .gnu.linkonce.d.*)
 .data          0x000000000001d000        0x4 /usr/lib/gcc/x86_64-linux-gnu/9/../../../x86_64-linux-gnu/Scrt1.o
                0x000000000001d000                data_start
                0x000000000001d000                __data_start
 .data          0x000000000001d004        0x0 /usr/lib/gcc/x86_64-linux-gnu/9/../../../x86_64-linux-gnu/crti.o
 .data          0x000000000001d004        0x0 /usr/lib/gcc/x86_64-linux-gnu/9/crtbeginS.o
 *fill*         0x000000000001d004        0x4 
 .data.rel.local
                0x000000000001d008        0x8 /usr/lib/gcc/x86_64-linux-gnu/9/crtbeginS.o
                0x000000000001d008                __dso_handle
 .data          0x000000000001d010        0x0 hello-world.o
 *fill*         0x000000000001d010       0x10 
 .data.rel.local
                0x000000000001d020       0x80 hello-world.o
                0x000000000001d020                led_process
                0x000000000001d040                sensors_process
                0x000000000001d060                main_process
                0x000000000001d080                serial_simulator
 .data          0x000000000001d0a0        0x0 build/native/contiki-ng-native.a(contiki-main.o)
 .data          0x000000000001d0a0        0x0 build/native/contiki-ng-native.a(autostart.o)
 .data          0x000000000001d0a0        0x0 build/native/contiki-ng-native.a(energest.o)
 .data          0x000000000001d0a0        0x0 build/native/contiki-ng-native.a(etimer.o)
 .data.rel.local
                0x000000000001d0a0       0x20 build/native/contiki-ng-native.a(etimer.o)
                0x000000000001d0a0                etimer_process
 .data          0x000000000001d0c0        0x4 build/native/contiki-ng-native.a(log.o)
                0x000000000001d0c0                curr_log_level_main
 *fill*         0x000000000001d0c4       0x1c 
 .data.rel.local
                0x000000000001d0e0      0x138 build/native/contiki-ng-native.a(log.o)
                0x000000000001d0e0                all_modules
 .data          0x000000000001d218        0x0 build/native/contiki-ng-native.a(ctimer.o)
 *fill*         0x000000000001d218        0x8 
 .data.rel.local
                0x000000000001d220       0x20 build/native/contiki-ng-native.a(ctimer.o)
                0x000000000001d220                ctimer_process
 .data          0x000000000001d240        0x0 build/native/contiki-ng-native.a(rtimer.o)
 .data          0x000000000001d240        0x0 build/native/contiki-ng-native.a(node-id.o)
 .data          0x000000000001d240        0x0 build/native/contiki-ng-native.a(process.o)
 .data          0x000000000001d240        0x0 build/native/contiki-ng-native.a(timer.o)
 .data          0x000000000001d240        0x0 build/native/contiki-ng-native.a(list.o)
 .data          0x000000000001d240        0x0 build/native/contiki-ng-native.a(random.o)
 .data          0x000000000001d240        0x0 build/native/contiki-ng-native.a(queuebuf.o)
 .data.rel.local
                0x000000000001d240       0x38 build/native/contiki-ng-native.a(queuebuf.o)
 .data          0x000000000001d278        0x0 build/native/contiki-ng-native.a(packetbuf.o)
 .data          0x000000000001d278        0x0 build/native/contiki-ng-native.a(netstack.o)
 .data          0x000000000001d278        0x0 build/native/contiki-ng-native.a(linkaddr.o)
 .data          0x000000000001d278        0x0 build/native/contiki-ng-native.a(nullmac.o)
 .data          0x000000000001d278        0x0 build/native/contiki-ng-native.a(uip-ds6.o)
 .data          0x000000000001d278        0x0 build/native/contiki-ng-native.a(uip-ds6-route.o)
 *fill*         0x000000000001d278        0x8 
 .data.rel.local
                0x000000000001d280       0x18 build/native/contiki-ng-native.a(uip-ds6-route.o)
 .data          0x000000000001d298        0x0 build/native/contiki-ng-native.a(uip-ds6-nbr.o)
 *fill*         0x000000000001d298        0x8 
 .data.rel.local
                0x000000000001d2a0       0x18 build/native/contiki-ng-native.a(uip-ds6-nbr.o)
 .data          0x000000000001d2b8        0x0 build/native/contiki-ng-native.a(tcpip.o)
 *fill*         0x000000000001d2b8        0x8 
 .data.rel.local
                0x000000000001d2c0       0x20 build/native/contiki-ng-native.a(tcpip.o)
                0x000000000001d2c0                tcpip_process
 .data          0x000000000001d2e0        0x0 build/native/contiki-ng-native.a(uip6.o)
 .data          0x000000000001d2e0        0x0 build/native/contiki-ng-native.a(uip-nd6.o)
 .data.rel.local
                0x000000000001d2e0       0x18 build/native/contiki-ng-native.a(uip-nd6.o)
 .data          0x000000000001d2f8        0x0 build/native/contiki-ng-native.a(uiplib.o)
 .data          0x000000000001d2f8        0x0 build/native/contiki-ng-native.a(rpl.o)
 .data          0x000000000001d2f8        0x0 build/native/contiki-ng-native.a(rpl-icmp6.o)
 *fill*         0x000000000001d2f8        0x8 
 .data.rel.local
                0x000000000001d300       0x78 build/native/contiki-ng-native.a(rpl-icmp6.o)
 .data          0x000000000001d378        0x0 build/native/contiki-ng-native.a(rpl-dag-root.o)
 .data          0x000000000001d378        0x0 build/native/contiki-ng-native.a(platform.o)
 .data          0x000000000001d378        0x0 build/native/contiki-ng-native.a(clock.o)
 *fill*         0x000000000001d378        0x8 
 .data          0x000000000001d380       0x21 build/native/contiki-ng-native.a(tun6-net.o)
 .data          0x000000000001d3a1        0x0 build/native/contiki-ng-native.a(rtimer-arch.o)
 .data          0x000000000001d3a1        0x0 build/native/contiki-ng-native.a(watchdog.o)
 .data          0x000000000001d3a1        0x0 build/native/contiki-ng-native.a(stimer.o)
 .data          0x000000000001d3a1        0x0 build/native/contiki-ng-native.a(memb.o)
 .data          0x000000000001d3a1        0x0 build/native/contiki-ng-native.a(button-hal.o)
 *fill*         0x000000000001d3a1       0x1f 
 .data.rel.local
                0x000000000001d3c0       0x20 build/native/contiki-ng-native.a(button-hal.o)
                0x000000000001d3c0                button_hal_process
 .data          0x000000000001d3e0        0x0 build/native/contiki-ng-native.a(serial-line.o)
 .data.rel.local
                0x000000000001d3e0       0x20 build/native/contiki-ng-native.a(serial-line.o)
                0x000000000001d3e0                serial_line_process
 .data          0x000000000001d400        0x0 build/native/contiki-ng-native.a(leds.o)
 .data          0x000000000001d400        0x0 build/native/contiki-ng-native.a(nullradio.o)
 .data          0x000000000001d400        0x0 build/native/contiki-ng-native.a(gpio-hal.o)
 .data          0x000000000001d400        0x0 build/native/contiki-ng-native.a(nbr-table.o)
 .data.rel.local
                0x000000000001d400       0x18 build/native/contiki-ng-native.a(nbr-table.o)
 .data          0x000000000001d418        0x0 build/native/contiki-ng-native.a(link-stats.o)
 *fill*         0x000000000001d418        0x8 
 .data.rel.local
                0x000000000001d420       0x18 build/native/contiki-ng-native.a(link-stats.o)
 .data          0x000000000001d438        0x0 build/native/contiki-ng-native.a(uipbuf.o)
 .data          0x000000000001d438        0x0 build/native/contiki-ng-native.a(uip-icmp6.o)
 *fill*         0x000000000001d438        0x8 
 .data.rel.local
                0x000000000001d440       0x38 build/native/contiki-ng-native.a(uip-icmp6.o)
 .data          0x000000000001d478        0x0 build/native/contiki-ng-native.a(uip-sr.o)
 *fill*         0x000000000001d478        0x8 
 .data.rel.local
                0x000000000001d480       0x18 build/native/contiki-ng-native.a(uip-sr.o)
 .data          0x000000000001d498        0x0 build/native/contiki-ng-native.a(uip-packetqueue)
 *fill*         0x000000000001d498        0x8 
 .data.rel.local
                0x000000000001d4a0       0x18 build/native/contiki-ng-native.a(uip-packetqueue)
 .data          0x000000000001d4b8        0x0 build/native/contiki-ng-native.a(rpl-dag.o)
 .data          0x000000000001d4b8        0x0 build/native/contiki-ng-native.a(rpl-neighbor.o)
 *fill*         0x000000000001d4b8        0x8 
 .data.rel.local
                0x000000000001d4c0       0x28 build/native/contiki-ng-native.a(rpl-neighbor.o)
                0x000000000001d4c0                rpl_neighbors
 .data          0x000000000001d4e8        0x0 build/native/contiki-ng-native.a(rpl-timers.o)
 .data          0x000000000001d4e8        0x0 build/native/contiki-ng-native.a(rpl-ext-header.)
 .data          0x000000000001d4e8        0x0 build/native/contiki-ng-native.a(rpl-nbr-policy.)
 .data          0x000000000001d4e8        0x0 build/native/contiki-ng-native.a(rpl-mrhof.o)
 *fill*         0x000000000001d4e8       0x18 
 .data.rel.local
                0x000000000001d500       0x48 build/native/contiki-ng-native.a(rpl-mrhof.o)
                0x000000000001d500                rpl_mrhof
 .data          0x000000000001d548        0x0 build/native/contiki-ng-native.a(buttons.o)
 .data          0x000000000001d548        0x0 build/native/contiki-ng-native.a(int-master.o)
 .data          0x000000000001d548        0x0 build/native/contiki-ng-native.a(gpio-hal-arch.o)
 .data          0x000000000001d548        0x0 build/native/contiki-ng-native.a(ringbuf.o)
 .data          0x000000000001d548        0x0 /usr/lib/x86_64-linux-gnu/libc_nonshared.a(elf-init.oS)
 .data          0x000000000001d548        0x0 /usr/lib/x86_64-linux-gnu/libc_nonshared.a(atexit.oS)
 .data          0x000000000001d548        0x0 /usr/lib/gcc/x86_64-linux-gnu/9/crtendS.o
 .data          0x000000000001d548        0x0 /usr/lib/gcc/x86_64-linux-gnu/9/../../../x86_64-linux-gnu/crtn.o

.tm_clone_table
                0x000000000001d548        0x0
 .tm_clone_table
                0x000000000001d548        0x0 /usr/lib/gcc/x86_64-linux-gnu/9/crtbeginS.o
 .tm_clone_table
                0x000000000001d548        0x0 /usr/lib/gcc/x86_64-linux-gnu/9/crtendS.o

.data1
 *(.data1)
                0x000000000001d548                _edata = .
                [!provide]                        PROVIDE (edata = .)
                0x000000000001d548                . = .
                0x000000000001d548                __bss_start = .

.bss            0x000000000001d560     0xe0a0
 *(.dynbss)
 .dynbss        0x000000000001d560       0x28 /usr/lib/gcc/x86_64-linux-gnu/9/../../../x86_64-linux-gnu/Scrt1.o
                0x000000000001d560                stdout@@GLIBC_2.2.5
                0x000000000001d580                stderr@@GLIBC_2.2.5
 *(.bss .bss.* .gnu.linkonce.b.*)
 .bss           0x000000000001d588        0x0 /usr/lib/gcc/x86_64-linux-gnu/9/../../../x86_64-linux-gnu/Scrt1.o
 .bss           0x000000000001d588        0x0 /usr/lib/gcc/x86_64-linux-gnu/9/../../../x86_64-linux-gnu/crti.o
 .bss           0x000000000001d588        0x1 /usr/lib/gcc/x86_64-linux-gnu/9/crtbeginS.o
 *fill*         0x000000000001d589       0x17 
 .bss           0x000000000001d5a0      0x169 hello-world.o
 .bss           0x000000000001d709        0x0 build/native/contiki-ng-native.a(contiki-main.o)
 .bss           0x000000000001d709        0x0 build/native/contiki-ng-native.a(autostart.o)
 .bss           0x000000000001d709        0x0 build/native/contiki-ng-native.a(energest.o)
 *fill*         0x000000000001d709        0x7 
 .bss           0x000000000001d710       0x10 build/native/contiki-ng-native.a(etimer.o)
 .bss           0x000000000001d720       0x2c build/native/contiki-ng-native.a(log.o)
                0x000000000001d720                curr_log_level_lwm2m
                0x000000000001d724                curr_log_level_snmp
                0x000000000001d728                curr_log_level_coap
                0x000000000001d72c                curr_log_level_6top
                0x000000000001d730                curr_log_level_framer
                0x000000000001d734                curr_log_level_mac
                0x000000000001d738                curr_log_level_nullnet
                0x000000000001d73c                curr_log_level_6lowpan
                0x000000000001d740                curr_log_level_ipv6
                0x000000000001d744                curr_log_level_tcpip
                0x000000000001d748                curr_log_level_rpl
 *fill*         0x000000000001d74c        0x4 
 .bss           0x000000000001d750       0x10 build/native/contiki-ng-native.a(ctimer.o)
 .bss           0x000000000001d760        0x8 build/native/contiki-ng-native.a(rtimer.o)
 .bss           0x000000000001d768        0x2 build/native/contiki-ng-native.a(node-id.o)
                0x000000000001d768                node_id
 *fill*         0x000000000001d76a       0x16 
 .bss           0x000000000001d780      0x323 build/native/contiki-ng-native.a(process.o)
                0x000000000001d780                process_current
                0x000000000001d788                process_list
 .bss           0x000000000001daa3        0x0 build/native/contiki-ng-native.a(timer.o)
 .bss           0x000000000001daa3        0x0 build/native/contiki-ng-native.a(list.o)
 .bss           0x000000000001daa3        0x0 build/native/contiki-ng-native.a(random.o)
 *fill*         0x000000000001daa3       0x1d 
 .bss           0x000000000001dac0     0x2d80 build/native/contiki-ng-native.a(queuebuf.o)
 .bss           0x0000000000020840       0x86 build/native/contiki-ng-native.a(packetbuf.o)
 *fill*         0x00000000000208c6        0x2 
 .bss           0x00000000000208c8        0x8 build/native/contiki-ng-native.a(netstack.o)
 .bss           0x00000000000208d0        0x0 build/native/contiki-ng-native.a(linkaddr.o)
 .bss           0x00000000000208d0        0x0 build/native/contiki-ng-native.a(nullmac.o)
 .bss           0x00000000000208d0       0x40 build/native/contiki-ng-native.a(uip-ds6.o)
 *fill*         0x0000000000020910       0x10 
 .bss           0x0000000000020920       0x70 build/native/contiki-ng-native.a(uip-ds6-route.o)
 *fill*         0x0000000000020990       0x10 
 .bss           0x00000000000209a0     0x2580 build/native/contiki-ng-native.a(uip-ds6-nbr.o)
 .bss           0x0000000000022f20       0x20 build/native/contiki-ng-native.a(tcpip.o)
 .bss           0x0000000000022f40        0x8 build/native/contiki-ng-native.a(uip6.o)
                0x0000000000022f40                uip_last_proto
                0x0000000000022f42                uip_ext_len
                0x0000000000022f44                uip_ext_bitmap
 .bss           0x0000000000022f48       0x1a build/native/contiki-ng-native.a(uip-nd6.o)
 .bss           0x0000000000022f62        0x0 build/native/contiki-ng-native.a(uiplib.o)
 .bss           0x0000000000022f62        0x1 build/native/contiki-ng-native.a(rpl.o)
 .bss           0x0000000000022f63        0x0 build/native/contiki-ng-native.a(rpl-icmp6.o)
 *fill*         0x0000000000022f63        0xd 
 .bss           0x0000000000022f70       0x11 build/native/contiki-ng-native.a(rpl-dag-root.o)
 *fill*         0x0000000000022f81       0x1f 
 .bss           0x0000000000022fa0       0x60 build/native/contiki-ng-native.a(platform.o)
                0x0000000000022fa0                contiki_argc
 .bss           0x0000000000023000        0x0 build/native/contiki-ng-native.a(clock.o)
 .bss           0x0000000000023000        0x0 build/native/contiki-ng-native.a(tun6-net.o)
 .bss           0x0000000000023000        0x0 build/native/contiki-ng-native.a(rtimer-arch.o)
 .bss           0x0000000000023000        0x0 build/native/contiki-ng-native.a(watchdog.o)
 .bss           0x0000000000023000        0x0 build/native/contiki-ng-native.a(stimer.o)
 .bss           0x0000000000023000        0x0 build/native/contiki-ng-native.a(memb.o)
 .bss           0x0000000000023000       0x1c build/native/contiki-ng-native.a(button-hal.o)
 *fill*         0x000000000002301c        0x4 
 .bss           0x0000000000023020      0x150 build/native/contiki-ng-native.a(serial-line.o)
 .bss           0x0000000000023170        0x0 build/native/contiki-ng-native.a(leds.o)
 .bss           0x0000000000023170        0x0 build/native/contiki-ng-native.a(nullradio.o)
 .bss           0x0000000000023170        0x8 build/native/contiki-ng-native.a(gpio-hal.o)
 *fill*         0x0000000000023178        0x8 
 .bss           0x0000000000023180     0x16cc build/native/contiki-ng-native.a(nbr-table.o)
 *fill*         0x000000000002484c       0x14 
 .bss           0x0000000000024860     0x12c0 build/native/contiki-ng-native.a(link-stats.o)
 .bss           0x0000000000025b20       0x1c build/native/contiki-ng-native.a(uipbuf.o)
 *fill*         0x0000000000025b3c        0x4 
 .bss           0x0000000000025b40       0x20 build/native/contiki-ng-native.a(uip-icmp6.o)
 .bss           0x0000000000025b60     0x301c build/native/contiki-ng-native.a(uip-sr.o)
 *fill*         0x0000000000028b7c        0x4 
 .bss           0x0000000000028b80      0xab2 build/native/contiki-ng-native.a(uip-packetqueue)
 .bss           0x0000000000029632        0x0 build/native/contiki-ng-native.a(rpl-dag.o)
 *fill*         0x0000000000029632        0xe 
 .bss           0x0000000000029640     0x12c0 build/native/contiki-ng-native.a(rpl-neighbor.o)
 .bss           0x000000000002a900       0x80 build/native/contiki-ng-native.a(rpl-timers.o)
 .bss           0x000000000002a980        0x0 build/native/contiki-ng-native.a(rpl-ext-header.)
 .bss           0x000000000002a980       0x14 build/native/contiki-ng-native.a(rpl-nbr-policy.)
 .bss           0x000000000002a994        0x0 build/native/contiki-ng-native.a(rpl-mrhof.o)
 *fill*         0x000000000002a994        0x4 
 .bss           0x000000000002a998        0x8 build/native/contiki-ng-native.a(buttons.o)
                0x000000000002a998                button_hal_buttons
 .bss           0x000000000002a9a0        0x4 build/native/contiki-ng-native.a(int-master.o)
 *fill*         0x000000000002a9a4       0x1c 
 .bss           0x000000000002a9c0       0xa0 build/native/contiki-ng-native.a(gpio-hal-arch.o)
 .bss           0x000000000002aa60        0x0 build/native/contiki-ng-native.a(ringbuf.o)
 .bss           0x000000000002aa60        0x0 /usr/lib/x86_64-linux-gnu/libc_nonshared.a(elf-init.oS)
 .bss           0x000000000002aa60        0x0 /usr/lib/x86_64-linux-gnu/libc_nonshared.a(atexit.oS)
 .bss           0x000000000002aa60        0x0 /usr/lib/gcc/x86_64-linux-gnu/9/crtendS.o
 .bss           0x000000000002aa60        0x0 /usr/lib/gcc/x86_64-linux-gnu/9/../../../x86_64-linux-gnu/crtn.o
 *(COMMON)
 COMMON         0x000000000002aa60       0x30 build/native/contiki-ng-native.a(packetbuf.o)
                0x000000000002aa60                packetbuf_attrs
                0x000000000002aa80                packetbuf_addrs
 COMMON         0x000000000002aa90        0x8 build/native/contiki-ng-native.a(linkaddr.o)
                0x000000000002aa90                linkaddr_node_addr
 *fill*         0x000000000002aa98        0x8 
 COMMON         0x000000000002aaa0      0x1f1 build/native/contiki-ng-native.a(uip-ds6.o)
                0x000000000002aaa0                uip_ds6_prefix_list
                0x000000000002ab00                uip_ds6_timer_periodic
                0x000000000002ab20                uip_ds6_netif_addr_list_offset
                0x000000000002ab40                uip_ds6_if
                0x000000000002ac80                uip_ds6_timer_ra
                0x000000000002ac90                uip_ds6_addr_size
 COMMON         0x000000000002ac91        0x1 build/native/contiki-ng-native.a(tcpip.o)
                0x000000000002ac91                tcpip_event
 *fill*         0x000000000002ac92        0xe 
 COMMON         0x000000000002aca0      0x690 build/native/contiki-ng-native.a(uip6.o)
                0x000000000002aca0                uip_slen
                0x000000000002aca8                uip_lladdr
                0x000000000002acb0                uip_appdata
                0x000000000002acb8                uip_flags
                0x000000000002acc0                uip_aligned_buf
                0x000000000002b1c0                uip_len
                0x000000000002b1c8                uip_sappdata
                0x000000000002b1e0                uip_udp_conns
                0x000000000002b320                uip_udp_conn
                0x000000000002b328                uip_conn
 COMMON         0x000000000002b330       0x10 build/native/contiki-ng-native.a(rpl.o)
                0x000000000002b330                rpl_multicast_addr
 COMMON         0x000000000002b340        0x8 build/native/contiki-ng-native.a(platform.o)
                0x000000000002b340                contiki_argv
 COMMON         0x000000000002b348        0x3 build/native/contiki-ng-native.a(button-hal.o)
                0x000000000002b348                button_hal_periodic_event
                0x000000000002b349                button_hal_press_event
                0x000000000002b34a                button_hal_release_event
 COMMON         0x000000000002b34b        0x1 build/native/contiki-ng-native.a(serial-line.o)
                0x000000000002b34b                serial_line_event_message
 *fill*         0x000000000002b34c       0x14 
 COMMON         0x000000000002b360       0x40 build/native/contiki-ng-native.a(link-stats.o)
                0x000000000002b360                periodic_timer
 COMMON         0x000000000002b3a0      0x260 build/native/contiki-ng-native.a(rpl-dag.o)
                0x000000000002b3a0                curr_instance
                0x000000000002b600                . = ALIGN ((. != 0x0)?0x8:0x1)

.lbss
 *(.dynlbss)
 *(.lbss .lbss.* .gnu.linkonce.lb.*)
 *(LARGE_COMMON)
                0x000000000002b600                . = ALIGN (0x8)
                0x000000000002b600                . = SEGMENT_START ("ldata-segment", .)

.lrodata
 *(.lrodata .lrodata.* .gnu.linkonce.lr.*)

.ldata          0x000000000002d600        0x0
 *(.ldata .ldata.* .gnu.linkonce.l.*)
                0x000000000002d600                . = ALIGN ((. != 0x0)?0x8:0x1)
                0x000000000002d600                . = ALIGN (0x8)
                0x000000000002b600                _end = .
                [!provide]                        PROVIDE (end = .)
                0x000000000002d600                . = DATA_SEGMENT_END (.)

.stab
 *(.stab)

.stabstr
 *(.stabstr)

.stab.excl
 *(.stab.excl)

.stab.exclstr
 *(.stab.exclstr)

.stab.index
 *(.stab.index)

.stab.indexstr
 *(.stab.indexstr)

.comment        0x0000000000000000       0x2a
 *(.comment)
 .comment       0x0000000000000000       0x2a /usr/lib/gcc/x86_64-linux-gnu/9/crtbeginS.o
                                         0x2b (size before relaxing)
 .comment       0x000000000000002a       0x2b hello-world.o
 .comment       0x000000000000002a       0x2b build/native/contiki-ng-native.a(contiki-main.o)
 .comment       0x000000000000002a       0x2b build/native/contiki-ng-native.a(autostart.o)
 .comment       0x000000000000002a       0x2b build/native/contiki-ng-native.a(energest.o)
 .comment       0x000000000000002a       0x2b build/native/contiki-ng-native.a(etimer.o)
 .comment       0x000000000000002a       0x2b build/native/contiki-ng-native.a(log.o)
 .comment       0x000000000000002a       0x2b build/native/contiki-ng-native.a(ctimer.o)
 .comment       0x000000000000002a       0x2b build/native/contiki-ng-native.a(rtimer.o)
 .comment       0x000000000000002a       0x2b build/native/contiki-ng-native.a(node-id.o)
 .comment       0x000000000000002a       0x2b build/native/contiki-ng-native.a(process.o)
 .comment       0x000000000000002a       0x2b build/native/contiki-ng-native.a(timer.o)
 .comment       0x000000000000002a       0x2b build/native/contiki-ng-native.a(list.o)
 .comment       0x000000000000002a       0x2b build/native/contiki-ng-native.a(random.o)
 .comment       0x000000000000002a       0x2b build/native/contiki-ng-native.a(queuebuf.o)
 .comment       0x000000000000002a       0x2b build/native/contiki-ng-native.a(packetbuf.o)
 .comment       0x000000000000002a       0x2b build/native/contiki-ng-native.a(netstack.o)
 .comment       0x000000000000002a       0x2b build/native/contiki-ng-native.a(linkaddr.o)
 .comment       0x000000000000002a       0x2b build/native/contiki-ng-native.a(nullmac.o)
 .comment       0x000000000000002a       0x2b build/native/contiki-ng-native.a(uip-ds6.o)
 .comment       0x000000000000002a       0x2b build/native/contiki-ng-native.a(uip-ds6-route.o)
 .comment       0x000000000000002a       0x2b build/native/contiki-ng-native.a(uip-ds6-nbr.o)
 .comment       0x000000000000002a       0x2b build/native/contiki-ng-native.a(tcpip.o)
 .comment       0x000000000000002a       0x2b build/native/contiki-ng-native.a(uip6.o)
 .comment       0x000000000000002a       0x2b build/native/contiki-ng-native.a(uip-nd6.o)
 .comment       0x000000000000002a       0x2b build/native/contiki-ng-native.a(uiplib.o)
 .comment       0x000000000000002a       0x2b build/native/contiki-ng-native.a(rpl.o)
 .comment       0x000000000000002a       0x2b build/native/contiki-ng-native.a(rpl-icmp6.o)
 .comment       0x000000000000002a       0x2b build/native/contiki-ng-native.a(rpl-dag-root.o)
 .comment       0x000000000000002a       0x2b build/native/contiki-ng-native.a(platform.o)
 .comment       0x000000000000002a       0x2b build/native/contiki-ng-native.a(clock.o)
 .comment       0x000000000000002a       0x2b build/native/contiki-ng-native.a(tun6-net.o)
 .comment       0x000000000000002a       0x2b build/native/contiki-ng-native.a(rtimer-arch.o)
 .comment       0x000000000000002a       0x2b build/native/contiki-ng-native.a(watchdog.o)
 .comment       0x000000000000002a       0x2b build/native/contiki-ng-native.a(stimer.o)
 .comment       0x000000000000002a       0x2b build/native/contiki-ng-native.a(memb.o)
 .comment       0x000000000000002a       0x2b build/native/contiki-ng-native.a(button-hal.o)
 .comment       0x000000000000002a       0x2b build/native/contiki-ng-native.a(serial-line.o)
 .comment       0x000000000000002a       0x2b build/native/contiki-ng-native.a(leds.o)
 .comment       0x000000000000002a       0x2b build/native/contiki-ng-native.a(nullradio.o)
 .comment       0x000000000000002a       0x2b build/native/contiki-ng-native.a(gpio-hal.o)
 .comment       0x000000000000002a       0x2b build/native/contiki-ng-native.a(nbr-table.o)
 .comment       0x000000000000002a       0x2b build/native/contiki-ng-native.a(link-stats.o)
 .comment       0x000000000000002a       0x2b build/native/contiki-ng-native.a(uipbuf.o)
 .comment       0x000000000000002a       0x2b build/native/contiki-ng-native.a(uip-icmp6.o)
 .comment       0x000000000000002a       0x2b build/native/contiki-ng-native.a(uip-sr.o)
 .comment       0x000000000000002a       0x2b build/native/contiki-ng-native.a(uip-packetqueue)
 .comment       0x000000000000002a       0x2b build/native/contiki-ng-native.a(rpl-dag.o)
 .comment       0x000000000000002a       0x2b build/native/contiki-ng-native.a(rpl-neighbor.o)
 .comment       0x000000000000002a       0x2b build/native/contiki-ng-native.a(rpl-timers.o)
 .comment       0x000000000000002a       0x2b build/native/contiki-ng-native.a(rpl-ext-header.)
 .comment       0x000000000000002a       0x2b build/native/contiki-ng-native.a(rpl-nbr-policy.)
 .comment       0x000000000000002a       0x2b build/native/contiki-ng-native.a(rpl-mrhof.o)
 .comment       0x000000000000002a       0x2b build/native/contiki-ng-native.a(buttons.o)
 .comment       0x000000000000002a       0x2b build/native/contiki-ng-native.a(int-master.o)
 .comment       0x000000000000002a       0x2b build/native/contiki-ng-native.a(gpio-hal-arch.o)
 .comment       0x000000000000002a       0x2b build/native/contiki-ng-native.a(ringbuf.o)
 .comment       0x000000000000002a       0x2b /usr/lib/gcc/x86_64-linux-gnu/9/crtendS.o

.gnu.build.attributes
 *(.gnu.build.attributes .gnu.build.attributes.*)

.debug
 *(.debug)

.line
 *(.line)

.debug_srcinfo
 *(.debug_srcinfo)

.debug_sfnames
 *(.debug_sfnames)

.debug_aranges  0x0000000000000000      0xa70
 *(.debug_aranges)
 .debug_aranges
                0x0000000000000000       0x30 hello-world.o
 .debug_aranges
                0x0000000000000030       0x30 build/native/contiki-ng-native.a(contiki-main.o)
 .debug_aranges
                0x0000000000000060       0x30 build/native/contiki-ng-native.a(autostart.o)
 .debug_aranges
                0x0000000000000090       0x30 build/native/contiki-ng-native.a(energest.o)
 .debug_aranges
                0x00000000000000c0       0x30 build/native/contiki-ng-native.a(etimer.o)
 .debug_aranges
                0x00000000000000f0       0x30 build/native/contiki-ng-native.a(log.o)
 .debug_aranges
                0x0000000000000120       0x30 build/native/contiki-ng-native.a(ctimer.o)
 .debug_aranges
                0x0000000000000150       0x30 build/native/contiki-ng-native.a(rtimer.o)
 .debug_aranges
                0x0000000000000180       0x30 build/native/contiki-ng-native.a(node-id.o)
 .debug_aranges
                0x00000000000001b0       0x30 build/native/contiki-ng-native.a(process.o)
 .debug_aranges
                0x00000000000001e0       0x30 build/native/contiki-ng-native.a(timer.o)
 .debug_aranges
                0x0000000000000210       0x30 build/native/contiki-ng-native.a(list.o)
 .debug_aranges
                0x0000000000000240       0x30 build/native/contiki-ng-native.a(random.o)
 .debug_aranges
                0x0000000000000270       0x30 build/native/contiki-ng-native.a(queuebuf.o)
 .debug_aranges
                0x00000000000002a0       0x30 build/native/contiki-ng-native.a(packetbuf.o)
 .debug_aranges
                0x00000000000002d0       0x30 build/native/contiki-ng-native.a(netstack.o)
 .debug_aranges
                0x0000000000000300       0x30 build/native/contiki-ng-native.a(linkaddr.o)
 .debug_aranges
                0x0000000000000330       0x30 build/native/contiki-ng-native.a(nullmac.o)
 .debug_aranges